Archive member included to satisfy reference by file (symbol)

c:/st/stm32cubeide_1.8.0/stm32cubeide/plugins/com.st.stm32cube.ide.mcu.externaltools.gnu-tools-for-stm32.10.3-2021.10.win32_1.0.0.202111181127/tools/bin/../lib/gcc/arm-none-eabi/10.3.1/../../../../arm-none-eabi/lib/thumb/v7e-m+fp/hard\libc_nano.a(lib_a-errno.o)
                              ./Core/Src/syscalls.o (__errno)
c:/st/stm32cubeide_1.8.0/stm32cubeide/plugins/com.st.stm32cube.ide.mcu.externaltools.gnu-tools-for-stm32.10.3-2021.10.win32_1.0.0.202111181127/tools/bin/../lib/gcc/arm-none-eabi/10.3.1/../../../../arm-none-eabi/lib/thumb/v7e-m+fp/hard\libc_nano.a(lib_a-exit.o)
                              c:/st/stm32cubeide_1.8.0/stm32cubeide/plugins/com.st.stm32cube.ide.mcu.externaltools.gnu-tools-for-stm32.10.3-2021.10.win32_1.0.0.202111181127/tools/bin/../lib/gcc/arm-none-eabi/10.3.1/../../../../arm-none-eabi/lib/thumb/v7e-m+fp/hard/crt0.o (exit)
c:/st/stm32cubeide_1.8.0/stm32cubeide/plugins/com.st.stm32cube.ide.mcu.externaltools.gnu-tools-for-stm32.10.3-2021.10.win32_1.0.0.202111181127/tools/bin/../lib/gcc/arm-none-eabi/10.3.1/../../../../arm-none-eabi/lib/thumb/v7e-m+fp/hard\libc_nano.a(lib_a-findfp.o)
                              ./Middlewares/Third_Party/FreeRTOS/Source/tasks.o (__sf_fake_stderr)
c:/st/stm32cubeide_1.8.0/stm32cubeide/plugins/com.st.stm32cube.ide.mcu.externaltools.gnu-tools-for-stm32.10.3-2021.10.win32_1.0.0.202111181127/tools/bin/../lib/gcc/arm-none-eabi/10.3.1/../../../../arm-none-eabi/lib/thumb/v7e-m+fp/hard\libc_nano.a(lib_a-fwalk.o)
                              c:/st/stm32cubeide_1.8.0/stm32cubeide/plugins/com.st.stm32cube.ide.mcu.externaltools.gnu-tools-for-stm32.10.3-2021.10.win32_1.0.0.202111181127/tools/bin/../lib/gcc/arm-none-eabi/10.3.1/../../../../arm-none-eabi/lib/thumb/v7e-m+fp/hard\libc_nano.a(lib_a-findfp.o) (_fwalk)
c:/st/stm32cubeide_1.8.0/stm32cubeide/plugins/com.st.stm32cube.ide.mcu.externaltools.gnu-tools-for-stm32.10.3-2021.10.win32_1.0.0.202111181127/tools/bin/../lib/gcc/arm-none-eabi/10.3.1/../../../../arm-none-eabi/lib/thumb/v7e-m+fp/hard\libc_nano.a(lib_a-impure.o)
                              c:/st/stm32cubeide_1.8.0/stm32cubeide/plugins/com.st.stm32cube.ide.mcu.externaltools.gnu-tools-for-stm32.10.3-2021.10.win32_1.0.0.202111181127/tools/bin/../lib/gcc/arm-none-eabi/10.3.1/../../../../arm-none-eabi/lib/thumb/v7e-m+fp/hard\libc_nano.a(lib_a-exit.o) (_global_impure_ptr)
c:/st/stm32cubeide_1.8.0/stm32cubeide/plugins/com.st.stm32cube.ide.mcu.externaltools.gnu-tools-for-stm32.10.3-2021.10.win32_1.0.0.202111181127/tools/bin/../lib/gcc/arm-none-eabi/10.3.1/../../../../arm-none-eabi/lib/thumb/v7e-m+fp/hard\libc_nano.a(lib_a-init.o)
                              c:/st/stm32cubeide_1.8.0/stm32cubeide/plugins/com.st.stm32cube.ide.mcu.externaltools.gnu-tools-for-stm32.10.3-2021.10.win32_1.0.0.202111181127/tools/bin/../lib/gcc/arm-none-eabi/10.3.1/../../../../arm-none-eabi/lib/thumb/v7e-m+fp/hard/crt0.o (__libc_init_array)
c:/st/stm32cubeide_1.8.0/stm32cubeide/plugins/com.st.stm32cube.ide.mcu.externaltools.gnu-tools-for-stm32.10.3-2021.10.win32_1.0.0.202111181127/tools/bin/../lib/gcc/arm-none-eabi/10.3.1/../../../../arm-none-eabi/lib/thumb/v7e-m+fp/hard\libc_nano.a(lib_a-lock.o)
                              c:/st/stm32cubeide_1.8.0/stm32cubeide/plugins/com.st.stm32cube.ide.mcu.externaltools.gnu-tools-for-stm32.10.3-2021.10.win32_1.0.0.202111181127/tools/bin/../lib/gcc/arm-none-eabi/10.3.1/../../../../arm-none-eabi/lib/thumb/v7e-m+fp/hard\libc_nano.a(lib_a-findfp.o) (__retarget_lock_init_recursive)
c:/st/stm32cubeide_1.8.0/stm32cubeide/plugins/com.st.stm32cube.ide.mcu.externaltools.gnu-tools-for-stm32.10.3-2021.10.win32_1.0.0.202111181127/tools/bin/../lib/gcc/arm-none-eabi/10.3.1/../../../../arm-none-eabi/lib/thumb/v7e-m+fp/hard\libc_nano.a(lib_a-memcmp.o)
                              ./Middlewares/Third_Party/SEGGER/SEGGER/SEGGER_SYSVIEW_FreeRTOS.o (memcmp)
c:/st/stm32cubeide_1.8.0/stm32cubeide/plugins/com.st.stm32cube.ide.mcu.externaltools.gnu-tools-for-stm32.10.3-2021.10.win32_1.0.0.202111181127/tools/bin/../lib/gcc/arm-none-eabi/10.3.1/../../../../arm-none-eabi/lib/thumb/v7e-m+fp/hard\libc_nano.a(lib_a-memcpy-stub.o)
                              ./Core/Src/freertos.o (memcpy)
c:/st/stm32cubeide_1.8.0/stm32cubeide/plugins/com.st.stm32cube.ide.mcu.externaltools.gnu-tools-for-stm32.10.3-2021.10.win32_1.0.0.202111181127/tools/bin/../lib/gcc/arm-none-eabi/10.3.1/../../../../arm-none-eabi/lib/thumb/v7e-m+fp/hard\libc_nano.a(lib_a-memset.o)
                              c:/st/stm32cubeide_1.8.0/stm32cubeide/plugins/com.st.stm32cube.ide.mcu.externaltools.gnu-tools-for-stm32.10.3-2021.10.win32_1.0.0.202111181127/tools/bin/../lib/gcc/arm-none-eabi/10.3.1/../../../../arm-none-eabi/lib/thumb/v7e-m+fp/hard/crt0.o (memset)
[...]
Memory Configuration

Name             Origin             Length             Attributes
RAM              0x0000000020000000 0x0000000000050000 xrw
RAM2             0x0000000010000000 0x0000000000010000 xrw
FLASH            0x0000000008000000 0x0000000000100000 xr
*default*        0x0000000000000000 0xffffffffffffffff

Linker script and memory map

LOAD c:/st/stm32cubeide_1.8.0/stm32cubeide/plugins/com.st.stm32cube.ide.mcu.externaltools.gnu-tools-for-stm32.10.3-2021.10.win32_1.0.0.202111181127/tools/bin/../lib/gcc/arm-none-eabi/10.3.1/thumb/v7e-m+fp/hard/crti.o
LOAD c:/st/stm32cubeide_1.8.0/stm32cubeide/plugins/com.st.stm32cube.ide.mcu.externaltools.gnu-tools-for-stm32.10.3-2021.10.win32_1.0.0.202111181127/tools/bin/../lib/gcc/arm-none-eabi/10.3.1/thumb/v7e-m+fp/hard/crtbegin.o
LOAD c:/st/stm32cubeide_1.8.0/stm32cubeide/plugins/com.st.stm32cube.ide.mcu.externaltools.gnu-tools-for-stm32.10.3-2021.10.win32_1.0.0.202111181127/tools/bin/../lib/gcc/arm-none-eabi/10.3.1/../../../../arm-none-eabi/lib/thumb/v7e-m+fp/hard/crt0.o
LOAD ./Core/Src/dma.o
LOAD ./Core/Src/freertos.o
LOAD ./Core/Src/gpio.o
LOAD ./Core/Src/main.o
LOAD ./Core/Src/sdmmc.o
LOAD ./Core/Src/stm32l4xx_hal_msp.o
LOAD ./Core/Src/stm32l4xx_hal_timebase_tim.o
LOAD ./Core/Src/stm32l4xx_it.o
LOAD ./Core/Src/syscalls.o
LOAD ./Core/Src/sysmem.o
LOAD ./Core/Src/system_stm32l4xx.o
LOAD ./Core/Src/usart.o
LOAD ./Core/Startup/startup_stm32l496vgtx.o
LOAD ./Drivers/STM32L4xx_HAL_Driver/Src/stm32l4xx_hal.o
LOAD ./Drivers/STM32L4xx_HAL_Driver/Src/stm32l4xx_hal_cortex.o
LOAD ./Drivers/STM32L4xx_HAL_Driver/Src/stm32l4xx_hal_dma.o
LOAD ./Drivers/STM32L4xx_HAL_Driver/Src/stm32l4xx_hal_dma_ex.o
LOAD ./Drivers/STM32L4xx_HAL_Driver/Src/stm32l4xx_hal_exti.o
LOAD ./Drivers/STM32L4xx_HAL_Driver/Src/stm32l4xx_hal_flash.o
LOAD ./Drivers/STM32L4xx_HAL_Driver/Src/stm32l4xx_hal_flash_ex.o
LOAD ./Drivers/STM32L4xx_HAL_Driver/Src/stm32l4xx_hal_flash_ramfunc.o
LOAD ./Drivers/STM32L4xx_HAL_Driver/Src/stm32l4xx_hal_gpio.o
LOAD ./Drivers/STM32L4xx_HAL_Driver/Src/stm32l4xx_hal_i2c.o
LOAD ./Drivers/STM32L4xx_HAL_Driver/Src/stm32l4xx_hal_i2c_ex.o
LOAD ./Drivers/STM32L4xx_HAL_Driver/Src/stm32l4xx_hal_pwr.o
LOAD ./Drivers/STM32L4xx_HAL_Driver/Src/stm32l4xx_hal_pwr_ex.o
LOAD ./Drivers/STM32L4xx_HAL_Driver/Src/stm32l4xx_hal_rcc.o
LOAD ./Drivers/STM32L4xx_HAL_Driver/Src/stm32l4xx_hal_rcc_ex.o
LOAD ./Drivers/STM32L4xx_HAL_Driver/Src/stm32l4xx_hal_sd.o
LOAD ./Drivers/STM32L4xx_HAL_Driver/Src/stm32l4xx_hal_sd_ex.o
LOAD ./Drivers/STM32L4xx_HAL_Driver/Src/stm32l4xx_hal_tim.o
LOAD ./Drivers/STM32L4xx_HAL_Driver/Src/stm32l4xx_hal_tim_ex.o
LOAD ./Drivers/STM32L4xx_HAL_Driver/Src/stm32l4xx_hal_uart.o
LOAD ./Drivers/STM32L4xx_HAL_Driver/Src/stm32l4xx_hal_uart_ex.o
LOAD ./Drivers/STM32L4xx_HAL_Driver/Src/stm32l4xx_ll_sdmmc.o
LOAD ./FATFS/App/fatfs.o
LOAD ./FATFS/Target/bsp_driver_mm.o
LOAD ./FATFS/Target/bsp_driver_sd.o
LOAD ./FATFS/Target/fatfs_platform.o
LOAD ./FATFS/Target/sd_diskio.o
LOAD ./Middlewares/Third_Party/FatFs/src/diskio.o
LOAD ./Middlewares/Third_Party/FatFs/src/ff.o
LOAD ./Middlewares/Third_Party/FatFs/src/ff_gen_drv.o
LOAD ./Middlewares/Third_Party/FatFs/src/option/syscall.o
LOAD ./Middlewares/Third_Party/FreeRTOS/Source/CMSIS_RTOS/cmsis_os.o
LOAD ./Middlewares/Third_Party/FreeRTOS/Source/croutine.o
LOAD ./Middlewares/Third_Party/FreeRTOS/Source/event_groups.o
LOAD ./Middlewares/Third_Party/FreeRTOS/Source/list.o
LOAD ./Middlewares/Third_Party/FreeRTOS/Source/queue.o
LOAD ./Middlewares/Third_Party/FreeRTOS/Source/stream_buffer.o
LOAD ./Middlewares/Third_Party/FreeRTOS/Source/tasks.o
LOAD ./Middlewares/Third_Party/FreeRTOS/Source/timers.o
LOAD ./Middlewares/Third_Party/FreeRTOS/Source/portable/GCC/ARM_CM4F/port.o
LOAD ./Middlewares/Third_Party/FreeRTOS/Source/portable/MemMang/heap_4.o
LOAD ./Middlewares/Third_Party/SEGGER/SEGGER/SEGGER_RTT.o
LOAD ./Middlewares/Third_Party/SEGGER/SEGGER/SEGGER_RTT_ASM_ARMv7M.o
LOAD ./Middlewares/Third_Party/SEGGER/SEGGER/SEGGER_RTT_printf.o
LOAD ./Middlewares/Third_Party/SEGGER/SEGGER/SEGGER_SYSVIEW.o
LOAD ./Middlewares/Third_Party/SEGGER/SEGGER/SEGGER_SYSVIEW_Config_FreeRTOS.o
LOAD ./Middlewares/Third_Party/SEGGER/SEGGER/SEGGER_SYSVIEW_FreeRTOS.o
START GROUP
LOAD c:/st/stm32cubeide_1.8.0/stm32cubeide/plugins/com.st.stm32cube.ide.mcu.externaltools.gnu-tools-for-stm32.10.3-2021.10.win32_1.0.0.202111181127/tools/bin/../lib/gcc/arm-none-eabi/10.3.1/../../../../arm-none-eabi/lib/thumb/v7e-m+fp/hard\libc_nano.a
LOAD c:/st/stm32cubeide_1.8.0/stm32cubeide/plugins/com.st.stm32cube.ide.mcu.externaltools.gnu-tools-for-stm32.10.3-2021.10.win32_1.0.0.202111181127/tools/bin/../lib/gcc/arm-none-eabi/10.3.1/../../../../arm-none-eabi/lib/thumb/v7e-m+fp/hard\libm.a
END GROUP
START GROUP
LOAD c:/st/stm32cubeide_1.8.0/stm32cubeide/plugins/com.st.stm32cube.ide.mcu.externaltools.gnu-tools-for-stm32.10.3-2021.10.win32_1.0.0.202111181127/tools/bin/../lib/gcc/arm-none-eabi/10.3.1/thumb/v7e-m+fp/hard\libgcc.a
LOAD c:/st/stm32cubeide_1.8.0/stm32cubeide/plugins/com.st.stm32cube.ide.mcu.externaltools.gnu-tools-for-stm32.10.3-2021.10.win32_1.0.0.202111181127/tools/bin/../lib/gcc/arm-none-eabi/10.3.1/../../../../arm-none-eabi/lib/thumb/v7e-m+fp/hard\libc_nano.a
END GROUP
START GROUP
LOAD c:/st/stm32cubeide_1.8.0/stm32cubeide/plugins/com.st.stm32cube.ide.mcu.externaltools.gnu-tools-for-stm32.10.3-2021.10.win32_1.0.0.202111181127/tools/bin/../lib/gcc/arm-none-eabi/10.3.1/thumb/v7e-m+fp/hard\libgcc.a
LOAD c:/st/stm32cubeide_1.8.0/stm32cubeide/plugins/com.st.stm32cube.ide.mcu.externaltools.gnu-tools-for-stm32.10.3-2021.10.win32_1.0.0.202111181127/tools/bin/../lib/gcc/arm-none-eabi/10.3.1/../../../../arm-none-eabi/lib/thumb/v7e-m+fp/hard\libc_nano.a
LOAD c:/st/stm32cubeide_1.8.0/stm32cubeide/plugins/com.st.stm32cube.ide.mcu.externaltools.gnu-tools-for-stm32.10.3-2021.10.win32_1.0.0.202111181127/tools/bin/../lib/gcc/arm-none-eabi/10.3.1/../../../../arm-none-eabi/lib/thumb/v7e-m+fp/hard\libnosys.a
END GROUP
START GROUP
LOAD c:/st/stm32cubeide_1.8.0/stm32cubeide/plugins/com.st.stm32cube.ide.mcu.externaltools.gnu-tools-for-stm32.10.3-2021.10.win32_1.0.0.202111181127/tools/bin/../lib/gcc/arm-none-eabi/10.3.1/thumb/v7e-m+fp/hard\libgcc.a
LOAD c:/st/stm32cubeide_1.8.0/stm32cubeide/plugins/com.st.stm32cube.ide.mcu.externaltools.gnu-tools-for-stm32.10.3-2021.10.win32_1.0.0.202111181127/tools/bin/../lib/gcc/arm-none-eabi/10.3.1/../../../../arm-none-eabi/lib/thumb/v7e-m+fp/hard\libc_nano.a
LOAD c:/st/stm32cubeide_1.8.0/stm32cubeide/plugins/com.st.stm32cube.ide.mcu.externaltools.gnu-tools-for-stm32.10.3-2021.10.win32_1.0.0.202111181127/tools/bin/../lib/gcc/arm-none-eabi/10.3.1/../../../../arm-none-eabi/lib/thumb/v7e-m+fp/hard\libnosys.a
END GROUP
LOAD c:/st/stm32cubeide_1.8.0/stm32cubeide/plugins/com.st.stm32cube.ide.mcu.externaltools.gnu-tools-for-stm32.10.3-2021.10.win32_1.0.0.202111181127/tools/bin/../lib/gcc/arm-none-eabi/10.3.1/thumb/v7e-m+fp/hard/crtend.o
LOAD c:/st/stm32cubeide_1.8.0/stm32cubeide/plugins/com.st.stm32cube.ide.mcu.externaltools.gnu-tools-for-stm32.10.3-2021.10.win32_1.0.0.202111181127/tools/bin/../lib/gcc/arm-none-eabi/10.3.1/thumb/v7e-m+fp/hard/crtn.o
                0x0000000020050000                _estack = (ORIGIN (RAM) + LENGTH (RAM))
                0x0000000000000400                _Min_Heap_Size = 0x400
                0x0000000000000800                _Min_Stack_Size = 0x800

.isr_vector     0x0000000008000000      0x1ac
                0x0000000008000000                . = ALIGN (0x4)
 *(.isr_vector)
 .isr_vector    0x0000000008000000      0x1ac ./Core/Startup/startup_stm32l496vgtx.o
                0x0000000008000000                g_pfnVectors
                0x00000000080001ac                . = ALIGN (0x4)

.text           0x00000000080001b0    0x10cf8
                0x00000000080001b0                . = ALIGN (0x4)
 *(.text)
 .text          0x00000000080001b0       0x40 c:/st/stm32cubeide_1.8.0/stm32cubeide/plugins/com.st.stm32cube.ide.mcu.externaltools.gnu-tools-for-stm32.10.3-2021.10.win32_1.0.0.202111181127/tools/bin/../lib/gcc/arm-none-eabi/10.3.1/thumb/v7e-m+fp/hard/crtbegin.o
 .text          0x00000000080001f0       0x94 ./Middlewares/Third_Party/SEGGER/SEGGER/SEGGER_RTT_ASM_ARMv7M.o
                0x00000000080001f0                SEGGER_RTT_ASM_WriteSkipNoLock
 .text          0x0000000008000284       0x30 c:/st/stm32cubeide_1.8.0/stm32cubeide/plugins/com.st.stm32cube.ide.mcu.externaltools.gnu-tools-for-stm32.10.3-2021.10.win32_1.0.0.202111181127/tools/bin/../lib/gcc/arm-none-eabi/10.3.1/thumb/v7e-m+fp/hard\libgcc.a(_aeabi_uldivmod.o)
                0x0000000008000284                __aeabi_uldivmod
 .text          0x00000000080002b4      0x2d0 c:/st/stm32cubeide_1.8.0/stm32cubeide/plugins/com.st.stm32cube.ide.mcu.externaltools.gnu-tools-for-stm32.10.3-2021.10.win32_1.0.0.202111181127/tools/bin/../lib/gcc/arm-none-eabi/10.3.1/thumb/v7e-m+fp/hard\libgcc.a(_udivmoddi4.o)
                0x00000000080002b4                __udivmoddi4
 .text          0x0000000008000584        0x4 c:/st/stm32cubeide_1.8.0/stm32cubeide/plugins/com.st.stm32cube.ide.mcu.externaltools.gnu-tools-for-stm32.10.3-2021.10.win32_1.0.0.202111181127/tools/bin/../lib/gcc/arm-none-eabi/10.3.1/thumb/v7e-m+fp/hard\libgcc.a(_dvmd_tls.o)
                0x0000000008000584                __aeabi_idiv0
                0x0000000008000584                __aeabi_ldiv0
 *(.text*)
 .text.MX_DMA_Init
                0x0000000008000588       0x3c ./Core/Src/dma.o
                0x0000000008000588                MX_DMA_Init
 .text.vApplicationGetIdleTaskMemory
                0x00000000080005c4       0x34 ./Core/Src/freertos.o
                0x00000000080005c4                vApplicationGetIdleTaskMemory
 .text.MX_FREERTOS_Init
                0x00000000080005f8       0x38 ./Core/Src/freertos.o
                0x00000000080005f8                MX_FREERTOS_Init
 .text.StartDefaultTask
                0x0000000008000630       0x8c ./Core/Src/freertos.o
                0x0000000008000630                StartDefaultTask
 .text.SD_FileOperationsTest
                0x00000000080006bc      0x10c ./Core/Src/freertos.o
                0x00000000080006bc                SD_FileOperationsTest
 .text.LedBlueTask
                0x00000000080007c8       0x1c ./Core/Src/freertos.o
                0x00000000080007c8                LedBlueTask
 .text.LedGreenTask
                0x00000000080007e4       0x1a ./Core/Src/freertos.o
                0x00000000080007e4                LedGreenTask
 *fill*         0x00000000080007fe        0x2 
 .text.MX_GPIO_Init
                0x0000000008000800      0x1cc ./Core/Src/gpio.o
                0x0000000008000800                MX_GPIO_Init
 .text.main     0x00000000080009cc       0x36 ./Core/Src/main.o
                0x00000000080009cc                main
 .text.SystemClock_Config
                0x0000000008000a02       0xa6 ./Core/Src/main.o
                0x0000000008000a02                SystemClock_Config
 .text.HAL_TIM_PeriodElapsedCallback
                0x0000000008000aa8       0x24 ./Core/Src/main.o
                0x0000000008000aa8                HAL_TIM_PeriodElapsedCallback
 .text.Error_Handler
                0x0000000008000acc        0xa ./Core/Src/main.o
                0x0000000008000acc                Error_Handler
 .text.assert_failed
                0x0000000008000ad6       0x16 ./Core/Src/main.o
                0x0000000008000ad6                assert_failed
 .text.MX_SDMMC1_SD_Init
                0x0000000008000aec       0x40 ./Core/Src/sdmmc.o
                0x0000000008000aec                MX_SDMMC1_SD_Init
 .text.HAL_SD_MspInit
                0x0000000008000b2c      0x184 ./Core/Src/sdmmc.o
                0x0000000008000b2c                HAL_SD_MspInit
 .text.HAL_MspInit
                0x0000000008000cb0       0x50 ./Core/Src/stm32l4xx_hal_msp.o
                0x0000000008000cb0                HAL_MspInit
 .text.HAL_InitTick
                0x0000000008000d00       0xdc ./Core/Src/stm32l4xx_hal_timebase_tim.o
                0x0000000008000d00                HAL_InitTick
 .text.NMI_Handler
                0x0000000008000ddc        0x6 ./Core/Src/stm32l4xx_it.o
                0x0000000008000ddc                NMI_Handler
 .text.HardFault_Handler
                0x0000000008000de2        0x6 ./Core/Src/stm32l4xx_it.o
                0x0000000008000de2                HardFault_Handler
 .text.MemManage_Handler
                0x0000000008000de8        0x6 ./Core/Src/stm32l4xx_it.o
                0x0000000008000de8                MemManage_Handler
 .text.BusFault_Handler
                0x0000000008000dee        0x6 ./Core/Src/stm32l4xx_it.o
                0x0000000008000dee                BusFault_Handler
 .text.UsageFault_Handler
                0x0000000008000df4        0x6 ./Core/Src/stm32l4xx_it.o
                0x0000000008000df4                UsageFault_Handler
 .text.DebugMon_Handler
                0x0000000008000dfa        0xe ./Core/Src/stm32l4xx_it.o
                0x0000000008000dfa                DebugMon_Handler
 .text.TIM1_UP_TIM16_IRQHandler
                0x0000000008000e08       0x14 ./Core/Src/stm32l4xx_it.o
                0x0000000008000e08                TIM1_UP_TIM16_IRQHandler
 .text.USART1_IRQHandler
                0x0000000008000e1c       0x14 ./Core/Src/stm32l4xx_it.o
                0x0000000008000e1c                USART1_IRQHandler
 .text.USART2_IRQHandler
                0x0000000008000e30       0x14 ./Core/Src/stm32l4xx_it.o
                0x0000000008000e30                USART2_IRQHandler
 .text.USART3_IRQHandler
                0x0000000008000e44       0x14 ./Core/Src/stm32l4xx_it.o
                0x0000000008000e44                USART3_IRQHandler
 .text.SDMMC1_IRQHandler
                0x0000000008000e58       0x14 ./Core/Src/stm32l4xx_it.o
                0x0000000008000e58                SDMMC1_IRQHandler
 .text.DMA2_Channel4_IRQHandler
                0x0000000008000e6c       0x14 ./Core/Src/stm32l4xx_it.o
                0x0000000008000e6c                DMA2_Channel4_IRQHandler
 .text.SystemInit
                0x0000000008000e80       0x24 ./Core/Src/system_stm32l4xx.o
                0x0000000008000e80                SystemInit
 .text.MX_USART1_UART_Init
                0x0000000008000ea4       0x60 ./Core/Src/usart.o
                0x0000000008000ea4                MX_USART1_UART_Init
 .text.MX_USART2_UART_Init
                0x0000000008000f04       0x60 ./Core/Src/usart.o
                0x0000000008000f04                MX_USART2_UART_Init
 .text.MX_USART3_UART_Init
                0x0000000008000f64       0x60 ./Core/Src/usart.o
                0x0000000008000f64                MX_USART3_UART_Init
 .text.HAL_UART_MspInit
                0x0000000008000fc4      0x244 ./Core/Src/usart.o
                0x0000000008000fc4                HAL_UART_MspInit
 .text.Reset_Handler
                0x0000000008001208       0x50 ./Core/Startup/startup_stm32l496vgtx.o
                0x0000000008001208                Reset_Handler
 .text.Default_Handler
                0x0000000008001258        0x2 ./Core/Startup/startup_stm32l496vgtx.o
                0x0000000008001258                RTC_Alarm_IRQHandler
                0x0000000008001258                EXTI2_IRQHandler
                0x0000000008001258                TIM8_TRG_COM_IRQHandler
                0x0000000008001258                TIM8_CC_IRQHandler
                0x0000000008001258                TIM1_CC_IRQHandler
                0x0000000008001258                TSC_IRQHandler
                0x0000000008001258                TAMP_STAMP_IRQHandler
                0x0000000008001258                CAN2_RX1_IRQHandler
                0x0000000008001258                EXTI3_IRQHandler
                0x0000000008001258                LPTIM2_IRQHandler
                0x0000000008001258                DFSDM1_FLT1_IRQHandler
                0x0000000008001258                I2C3_ER_IRQHandler
                0x0000000008001258                DFSDM1_FLT2_IRQHandler
                0x0000000008001258                EXTI0_IRQHandler
                0x0000000008001258                I2C2_EV_IRQHandler
                0x0000000008001258                CAN1_RX0_IRQHandler
                0x0000000008001258                FPU_IRQHandler
                0x0000000008001258                CAN2_SCE_IRQHandler
                0x0000000008001258                ADC1_2_IRQHandler
                0x0000000008001258                SPI1_IRQHandler
                0x0000000008001258                TIM6_DAC_IRQHandler
                0x0000000008001258                DCMI_IRQHandler
                0x0000000008001258                CAN2_RX0_IRQHandler
                0x0000000008001258                TIM8_UP_IRQHandler
                0x0000000008001258                DMA2_Channel2_IRQHandler
                0x0000000008001258                DMA1_Channel4_IRQHandler
                0x0000000008001258                SAI2_IRQHandler
                0x0000000008001258                DFSDM1_FLT3_IRQHandler
                0x0000000008001258                DMA1_Channel7_IRQHandler
                0x0000000008001258                CAN1_RX1_IRQHandler
                0x0000000008001258                LCD_IRQHandler
                0x0000000008001258                UART5_IRQHandler
                0x0000000008001258                ADC3_IRQHandler
                0x0000000008001258                TIM4_IRQHandler
                0x0000000008001258                DMA2_Channel1_IRQHandler
                0x0000000008001258                QUADSPI_IRQHandler
                0x0000000008001258                I2C1_EV_IRQHandler
                0x0000000008001258                DMA1_Channel6_IRQHandler
                0x0000000008001258                UART4_IRQHandler
                0x0000000008001258                TIM3_IRQHandler
                0x0000000008001258                RCC_IRQHandler
                0x0000000008001258                DMA1_Channel1_IRQHandler
                0x0000000008001258                Default_Handler
                0x0000000008001258                DMA2_Channel7_IRQHandler
                0x0000000008001258                EXTI15_10_IRQHandler
                0x0000000008001258                TIM7_IRQHandler
                0x0000000008001258                CAN2_TX_IRQHandler
                0x0000000008001258                TIM5_IRQHandler
                0x0000000008001258                I2C3_EV_IRQHandler
                0x0000000008001258                EXTI9_5_IRQHandler
                0x0000000008001258                RTC_WKUP_IRQHandler
                0x0000000008001258                PVD_PVM_IRQHandler
                0x0000000008001258                SPI2_IRQHandler
                0x0000000008001258                CAN1_TX_IRQHandler
                0x0000000008001258                DMA2_Channel5_IRQHandler
                0x0000000008001258                CRS_IRQHandler
                0x0000000008001258                DMA1_Channel5_IRQHandler
                0x0000000008001258                EXTI4_IRQHandler
                0x0000000008001258                RNG_IRQHandler
                0x0000000008001258                TIM1_TRG_COM_TIM17_IRQHandler
                0x0000000008001258                DMA1_Channel3_IRQHandler
                0x0000000008001258                COMP_IRQHandler
                0x0000000008001258                WWDG_IRQHandler
                0x0000000008001258                I2C4_EV_IRQHandler
                0x0000000008001258                LPUART1_IRQHandler
                0x0000000008001258                DMA2_Channel6_IRQHandler
                0x0000000008001258                TIM2_IRQHandler
                0x0000000008001258                EXTI1_IRQHandler
                0x0000000008001258                DFSDM1_FLT0_IRQHandler
                0x0000000008001258                I2C2_ER_IRQHandler
                0x0000000008001258                DMA1_Channel2_IRQHandler
                0x0000000008001258                TIM8_BRK_IRQHandler
                0x0000000008001258                CAN1_SCE_IRQHandler
                0x0000000008001258                FLASH_IRQHandler
                0x0000000008001258                OTG_FS_IRQHandler
                0x0000000008001258                SPI3_IRQHandler
                0x0000000008001258                I2C1_ER_IRQHandler
                0x0000000008001258                FMC_IRQHandler
                0x0000000008001258                SWPMI1_IRQHandler
                0x0000000008001258                LPTIM1_IRQHandler
                0x0000000008001258                I2C4_ER_IRQHandler
                0x0000000008001258                SAI1_IRQHandler
                0x0000000008001258                DMA2_Channel3_IRQHandler
                0x0000000008001258                TIM1_BRK_TIM15_IRQHandler
 .text.HAL_Init
                0x000000000800125a       0x30 ./Drivers/STM32L4xx_HAL_Driver/Src/stm32l4xx_hal.o
                0x000000000800125a                HAL_Init
 *fill*         0x000000000800128a        0x2 
 .text.HAL_IncTick
                0x000000000800128c       0x28 ./Drivers/STM32L4xx_HAL_Driver/Src/stm32l4xx_hal.o
                0x000000000800128c                HAL_IncTick
 .text.HAL_GetTick
                0x00000000080012b4       0x18 ./Drivers/STM32L4xx_HAL_Driver/Src/stm32l4xx_hal.o
                0x00000000080012b4                HAL_GetTick
 .text.HAL_Delay
                0x00000000080012cc       0x48 ./Drivers/STM32L4xx_HAL_Driver/Src/stm32l4xx_hal.o
                0x00000000080012cc                HAL_Delay
 .text.__NVIC_SetPriorityGrouping
                0x0000000008001314       0x48 ./Drivers/STM32L4xx_HAL_Driver/Src/stm32l4xx_hal_cortex.o
 .text.__NVIC_GetPriorityGrouping
                0x000000000800135c       0x1c ./Drivers/STM32L4xx_HAL_Driver/Src/stm32l4xx_hal_cortex.o
 .text.__NVIC_EnableIRQ
                0x0000000008001378       0x3c ./Drivers/STM32L4xx_HAL_Driver/Src/stm32l4xx_hal_cortex.o
 .text.__NVIC_SetPriority
                0x00000000080013b4       0x54 ./Drivers/STM32L4xx_HAL_Driver/Src/stm32l4xx_hal_cortex.o
 .text.NVIC_EncodePriority
                0x0000000008001408       0x66 ./Drivers/STM32L4xx_HAL_Driver/Src/stm32l4xx_hal_cortex.o
 *fill*         0x000000000800146e        0x2 
 .text.HAL_NVIC_SetPriorityGrouping
                0x0000000008001470       0x40 ./Drivers/STM32L4xx_HAL_Driver/Src/stm32l4xx_hal_cortex.o
                0x0000000008001470                HAL_NVIC_SetPriorityGrouping
 .text.HAL_NVIC_SetPriority
                0x00000000080014b0       0x58 ./Drivers/STM32L4xx_HAL_Driver/Src/stm32l4xx_hal_cortex.o
                0x00000000080014b0                HAL_NVIC_SetPriority
 .text.HAL_NVIC_EnableIRQ
                0x0000000008001508       0x30 ./Drivers/STM32L4xx_HAL_Driver/Src/stm32l4xx_hal_cortex.o
                0x0000000008001508                HAL_NVIC_EnableIRQ
 .text.HAL_DMA_Init
                0x0000000008001538      0x370 ./Drivers/STM32L4xx_HAL_Driver/Src/stm32l4xx_hal_dma.o
                0x0000000008001538                HAL_DMA_Init
 .text.HAL_DMA_DeInit
                0x00000000080018a8      0x1f4 ./Drivers/STM32L4xx_HAL_Driver/Src/stm32l4xx_hal_dma.o
                0x00000000080018a8                HAL_DMA_DeInit
 .text.HAL_DMA_Start_IT
                0x0000000008001a9c       0xdc ./Drivers/STM32L4xx_HAL_Driver/Src/stm32l4xx_hal_dma.o
                0x0000000008001a9c                HAL_DMA_Start_IT
 .text.HAL_DMA_Abort
                0x0000000008001b78       0x7c ./Drivers/STM32L4xx_HAL_Driver/Src/stm32l4xx_hal_dma.o
                0x0000000008001b78                HAL_DMA_Abort
 .text.HAL_DMA_Abort_IT
                0x0000000008001bf4       0x82 ./Drivers/STM32L4xx_HAL_Driver/Src/stm32l4xx_hal_dma.o
                0x0000000008001bf4                HAL_DMA_Abort_IT
 .text.HAL_DMA_IRQHandler
                0x0000000008001c76      0x15e ./Drivers/STM32L4xx_HAL_Driver/Src/stm32l4xx_hal_dma.o
                0x0000000008001c76                HAL_DMA_IRQHandler
 .text.DMA_SetConfig
                0x0000000008001dd4       0x60 ./Drivers/STM32L4xx_HAL_Driver/Src/stm32l4xx_hal_dma.o
 .text.HAL_GPIO_Init
                0x0000000008001e34      0x4fc ./Drivers/STM32L4xx_HAL_Driver/Src/stm32l4xx_hal_gpio.o
                0x0000000008001e34                HAL_GPIO_Init
 .text.HAL_GPIO_ReadPin
                0x0000000008002330       0x4c ./Drivers/STM32L4xx_HAL_Driver/Src/stm32l4xx_hal_gpio.o
                0x0000000008002330                HAL_GPIO_ReadPin
 .text.HAL_GPIO_WritePin
                0x000000000800237c       0x60 ./Drivers/STM32L4xx_HAL_Driver/Src/stm32l4xx_hal_gpio.o
                0x000000000800237c                HAL_GPIO_WritePin
 .text.HAL_GPIO_TogglePin
                0x00000000080023dc       0x50 ./Drivers/STM32L4xx_HAL_Driver/Src/stm32l4xx_hal_gpio.o
                0x00000000080023dc                HAL_GPIO_TogglePin
 .text.HAL_PWREx_GetVoltageRange
                0x000000000800242c       0x1c ./Drivers/STM32L4xx_HAL_Driver/Src/stm32l4xx_hal_pwr_ex.o
                0x000000000800242c                HAL_PWREx_GetVoltageRange
 .text.HAL_PWREx_ControlVoltageScaling
                0x0000000008002448       0xc4 ./Drivers/STM32L4xx_HAL_Driver/Src/stm32l4xx_hal_pwr_ex.o
                0x0000000008002448                HAL_PWREx_ControlVoltageScaling
 .text.HAL_RCC_OscConfig
                0x000000000800250c      0xaa4 ./Drivers/STM32L4xx_HAL_Driver/Src/stm32l4xx_hal_rcc.o
                0x000000000800250c                HAL_RCC_OscConfig
 .text.HAL_RCC_ClockConfig
                0x0000000008002fb0      0x340 ./Drivers/STM32L4xx_HAL_Driver/Src/stm32l4xx_hal_rcc.o
                0x0000000008002fb0                HAL_RCC_ClockConfig
 .text.HAL_RCC_GetSysClockFreq
                0x00000000080032f0      0x118 ./Drivers/STM32L4xx_HAL_Driver/Src/stm32l4xx_hal_rcc.o
                0x00000000080032f0                HAL_RCC_GetSysClockFreq
 .text.HAL_RCC_GetHCLKFreq
                0x0000000008003408       0x18 ./Drivers/STM32L4xx_HAL_Driver/Src/stm32l4xx_hal_rcc.o
                0x0000000008003408                HAL_RCC_GetHCLKFreq
 .text.HAL_RCC_GetPCLK1Freq
                0x0000000008003420       0x2c ./Drivers/STM32L4xx_HAL_Driver/Src/stm32l4xx_hal_rcc.o
                0x0000000008003420                HAL_RCC_GetPCLK1Freq
 .text.HAL_RCC_GetPCLK2Freq
                0x000000000800344c       0x2c ./Drivers/STM32L4xx_HAL_Driver/Src/stm32l4xx_hal_rcc.o
                0x000000000800344c                HAL_RCC_GetPCLK2Freq
 .text.HAL_RCC_GetClockConfig
                0x0000000008003478       0x84 ./Drivers/STM32L4xx_HAL_Driver/Src/stm32l4xx_hal_rcc.o
                0x0000000008003478                HAL_RCC_GetClockConfig
 .text.RCC_SetFlashLatencyFromMSIRange
                0x00000000080034fc       0xc0 ./Drivers/STM32L4xx_HAL_Driver/Src/stm32l4xx_hal_rcc.o
 .text.HAL_RCCEx_PeriphCLKConfig
                0x00000000080035bc      0x9cc ./Drivers/STM32L4xx_HAL_Driver/Src/stm32l4xx_hal_rcc_ex.o
                0x00000000080035bc                HAL_RCCEx_PeriphCLKConfig
 .text.HAL_RCCEx_GetPeriphCLKFreq
                0x0000000008003f88      0xb94 ./Drivers/STM32L4xx_HAL_Driver/Src/stm32l4xx_hal_rcc_ex.o
                0x0000000008003f88                HAL_RCCEx_GetPeriphCLKFreq
 .text.RCCEx_PLLSAI1_Config
                0x0000000008004b1c      0x300 ./Drivers/STM32L4xx_HAL_Driver/Src/stm32l4xx_hal_rcc_ex.o
 .text.RCCEx_PLLSAI2_Config
                0x0000000008004e1c      0x294 ./Drivers/STM32L4xx_HAL_Driver/Src/stm32l4xx_hal_rcc_ex.o
 .text.RCCEx_GetSAIxPeriphCLKFreq
                0x00000000080050b0      0x204 ./Drivers/STM32L4xx_HAL_Driver/Src/stm32l4xx_hal_rcc_ex.o
 .text.HAL_SD_Init
                0x00000000080052b4      0x124 ./Drivers/STM32L4xx_HAL_Driver/Src/stm32l4xx_hal_sd.o
                0x00000000080052b4                HAL_SD_Init
 .text.HAL_SD_InitCard
                0x00000000080053d8      0x14c ./Drivers/STM32L4xx_HAL_Driver/Src/stm32l4xx_hal_sd.o
                0x00000000080053d8                HAL_SD_InitCard
 .text.HAL_SD_ReadBlocks_DMA
                0x0000000008005524      0x190 ./Drivers/STM32L4xx_HAL_Driver/Src/stm32l4xx_hal_sd.o
                0x0000000008005524                HAL_SD_ReadBlocks_DMA
 .text.HAL_SD_WriteBlocks_DMA
                0x00000000080056b4      0x198 ./Drivers/STM32L4xx_HAL_Driver/Src/stm32l4xx_hal_sd.o
                0x00000000080056b4                HAL_SD_WriteBlocks_DMA
 .text.HAL_SD_IRQHandler
                0x000000000800584c      0x2ec ./Drivers/STM32L4xx_HAL_Driver/Src/stm32l4xx_hal_sd.o
                0x000000000800584c                HAL_SD_IRQHandler
 .text.HAL_SD_ErrorCallback
                0x0000000008005b38       0x14 ./Drivers/STM32L4xx_HAL_Driver/Src/stm32l4xx_hal_sd.o
                0x0000000008005b38                HAL_SD_ErrorCallback
 .text.HAL_SD_GetCardCSD
                0x0000000008005b4c      0x348 ./Drivers/STM32L4xx_HAL_Driver/Src/stm32l4xx_hal_sd.o
                0x0000000008005b4c                HAL_SD_GetCardCSD
 .text.HAL_SD_GetCardInfo
                0x0000000008005e94       0x58 ./Drivers/STM32L4xx_HAL_Driver/Src/stm32l4xx_hal_sd.o
                0x0000000008005e94                HAL_SD_GetCardInfo
 .text.HAL_SD_ConfigWideBusOperation
                0x0000000008005eec      0x19c ./Drivers/STM32L4xx_HAL_Driver/Src/stm32l4xx_hal_sd.o
                0x0000000008005eec                HAL_SD_ConfigWideBusOperation
 .text.HAL_SD_GetCardState
                0x0000000008006088       0x40 ./Drivers/STM32L4xx_HAL_Driver/Src/stm32l4xx_hal_sd.o
                0x0000000008006088                HAL_SD_GetCardState
 .text.SD_DMATransmitCplt
                0x00000000080060c8       0x2a ./Drivers/STM32L4xx_HAL_Driver/Src/stm32l4xx_hal_sd.o
 .text.SD_DMAReceiveCplt
                0x00000000080060f2       0x70 ./Drivers/STM32L4xx_HAL_Driver/Src/stm32l4xx_hal_sd.o
 *fill*         0x0000000008006162        0x2 
 .text.SD_DMAError
                0x0000000008006164       0x98 ./Drivers/STM32L4xx_HAL_Driver/Src/stm32l4xx_hal_sd.o
 .text.SD_DMATxAbort
                0x00000000080061fc       0x6e ./Drivers/STM32L4xx_HAL_Driver/Src/stm32l4xx_hal_sd.o
 .text.SD_DMARxAbort
                0x000000000800626a       0x6e ./Drivers/STM32L4xx_HAL_Driver/Src/stm32l4xx_hal_sd.o
 .text.SD_InitCard
                0x00000000080062d8      0x19c ./Drivers/STM32L4xx_HAL_Driver/Src/stm32l4xx_hal_sd.o
 .text.SD_PowerON
                0x0000000008006474      0x11c ./Drivers/STM32L4xx_HAL_Driver/Src/stm32l4xx_hal_sd.o
 .text.SD_SendStatus
                0x0000000008006590       0x50 ./Drivers/STM32L4xx_HAL_Driver/Src/stm32l4xx_hal_sd.o
 .text.SD_WideBus_Enable
                0x00000000080065e0       0x96 ./Drivers/STM32L4xx_HAL_Driver/Src/stm32l4xx_hal_sd.o
 .text.SD_WideBus_Disable
                0x0000000008006676       0x96 ./Drivers/STM32L4xx_HAL_Driver/Src/stm32l4xx_hal_sd.o
 .text.SD_FindSCR
                0x000000000800670c      0x194 ./Drivers/STM32L4xx_HAL_Driver/Src/stm32l4xx_hal_sd.o
 .text.SD_Read_IT
                0x00000000080068a0       0xa2 ./Drivers/STM32L4xx_HAL_Driver/Src/stm32l4xx_hal_sd.o
 .text.SD_Write_IT
                0x0000000008006942       0xaa ./Drivers/STM32L4xx_HAL_Driver/Src/stm32l4xx_hal_sd.o
 .text.HAL_TIM_Base_Init
                0x00000000080069ec      0x214 ./Drivers/STM32L4xx_HAL_Driver/Src/stm32l4xx_hal_tim.o
                0x00000000080069ec                HAL_TIM_Base_Init
 .text.HAL_TIM_Base_MspInit
                0x0000000008006c00       0x14 ./Drivers/STM32L4xx_HAL_Driver/Src/stm32l4xx_hal_tim.o
                0x0000000008006c00                HAL_TIM_Base_MspInit
 .text.HAL_TIM_Base_Start_IT
                0x0000000008006c14      0x168 ./Drivers/STM32L4xx_HAL_Driver/Src/stm32l4xx_hal_tim.o
                0x0000000008006c14                HAL_TIM_Base_Start_IT
 .text.HAL_TIM_IRQHandler
                0x0000000008006d7c      0x23e ./Drivers/STM32L4xx_HAL_Driver/Src/stm32l4xx_hal_tim.o
                0x0000000008006d7c                HAL_TIM_IRQHandler
 .text.HAL_TIM_OC_DelayElapsedCallback
                0x0000000008006fba       0x14 ./Drivers/STM32L4xx_HAL_Driver/Src/stm32l4xx_hal_tim.o
                0x0000000008006fba                HAL_TIM_OC_DelayElapsedCallback
 .text.HAL_TIM_IC_CaptureCallback
                0x0000000008006fce       0x14 ./Drivers/STM32L4xx_HAL_Driver/Src/stm32l4xx_hal_tim.o
                0x0000000008006fce                HAL_TIM_IC_CaptureCallback
 .text.HAL_TIM_PWM_PulseFinishedCallback
                0x0000000008006fe2       0x14 ./Drivers/STM32L4xx_HAL_Driver/Src/stm32l4xx_hal_tim.o
                0x0000000008006fe2                HAL_TIM_PWM_PulseFinishedCallback
 .text.HAL_TIM_TriggerCallback
                0x0000000008006ff6       0x14 ./Drivers/STM32L4xx_HAL_Driver/Src/stm32l4xx_hal_tim.o
                0x0000000008006ff6                HAL_TIM_TriggerCallback
 *fill*         0x000000000800700a        0x2 
 .text.TIM_Base_SetConfig
                0x000000000800700c      0x134 ./Drivers/STM32L4xx_HAL_Driver/Src/stm32l4xx_hal_tim.o
                0x000000000800700c                TIM_Base_SetConfig
 .text.HAL_TIMEx_CommutCallback
                0x0000000008007140       0x14 ./Drivers/STM32L4xx_HAL_Driver/Src/stm32l4xx_hal_tim_ex.o
                0x0000000008007140                HAL_TIMEx_CommutCallback
 .text.HAL_TIMEx_BreakCallback
                0x0000000008007154       0x14 ./Drivers/STM32L4xx_HAL_Driver/Src/stm32l4xx_hal_tim_ex.o
                0x0000000008007154                HAL_TIMEx_BreakCallback
 .text.HAL_TIMEx_Break2Callback
                0x0000000008007168       0x14 ./Drivers/STM32L4xx_HAL_Driver/Src/stm32l4xx_hal_tim_ex.o
                0x0000000008007168                HAL_TIMEx_Break2Callback
 .text.HAL_UART_Init
                0x000000000800717c      0x150 ./Drivers/STM32L4xx_HAL_Driver/Src/stm32l4xx_hal_uart.o
                0x000000000800717c                HAL_UART_Init
 .text.HAL_UART_IRQHandler
                0x00000000080072cc      0x5c4 ./Drivers/STM32L4xx_HAL_Driver/Src/stm32l4xx_hal_uart.o
                0x00000000080072cc                HAL_UART_IRQHandler
 .text.HAL_UART_TxCpltCallback
                0x0000000008007890       0x14 ./Drivers/STM32L4xx_HAL_Driver/Src/stm32l4xx_hal_uart.o
                0x0000000008007890                HAL_UART_TxCpltCallback
 .text.HAL_UART_ErrorCallback
                0x00000000080078a4       0x14 ./Drivers/STM32L4xx_HAL_Driver/Src/stm32l4xx_hal_uart.o
                0x00000000080078a4                HAL_UART_ErrorCallback
 .text.HAL_UARTEx_RxEventCallback
                0x00000000080078b8       0x18 ./Drivers/STM32L4xx_HAL_Driver/Src/stm32l4xx_hal_uart.o
                0x00000000080078b8                HAL_UARTEx_RxEventCallback
 .text.UART_SetConfig
                0x00000000080078d0      0x6bc ./Drivers/STM32L4xx_HAL_Driver/Src/stm32l4xx_hal_uart.o
                0x00000000080078d0                UART_SetConfig
 .text.UART_AdvFeatureConfig
                0x0000000008007f8c      0x2c0 ./Drivers/STM32L4xx_HAL_Driver/Src/stm32l4xx_hal_uart.o
                0x0000000008007f8c                UART_AdvFeatureConfig
 .text.UART_CheckIdleState
                0x000000000800824c       0x92 ./Drivers/STM32L4xx_HAL_Driver/Src/stm32l4xx_hal_uart.o
                0x000000000800824c                UART_CheckIdleState
 .text.UART_WaitOnFlagUntilTimeout
                0x00000000080082de      0x188 ./Drivers/STM32L4xx_HAL_Driver/Src/stm32l4xx_hal_uart.o
                0x00000000080082de                UART_WaitOnFlagUntilTimeout
 .text.UART_EndRxTransfer
                0x0000000008008466       0xc6 ./Drivers/STM32L4xx_HAL_Driver/Src/stm32l4xx_hal_uart.o
 .text.UART_DMAAbortOnError
                0x000000000800852c       0x2c ./Drivers/STM32L4xx_HAL_Driver/Src/stm32l4xx_hal_uart.o
 .text.UART_EndTransmit_IT
                0x0000000008008558       0x54 ./Drivers/STM32L4xx_HAL_Driver/Src/stm32l4xx_hal_uart.o
 .text.HAL_UARTEx_WakeupCallback
                0x00000000080085ac       0x14 ./Drivers/STM32L4xx_HAL_Driver/Src/stm32l4xx_hal_uart_ex.o
                0x00000000080085ac                HAL_UARTEx_WakeupCallback
 .text.SDMMC_Init
                0x00000000080085c0       0xf8 ./Drivers/STM32L4xx_HAL_Driver/Src/stm32l4xx_ll_sdmmc.o
                0x00000000080085c0                SDMMC_Init
 .text.SDMMC_ReadFIFO
                0x00000000080086b8       0x1a ./Drivers/STM32L4xx_HAL_Driver/Src/stm32l4xx_ll_sdmmc.o
                0x00000000080086b8                SDMMC_ReadFIFO
 .text.SDMMC_WriteFIFO
                0x00000000080086d2       0x22 ./Drivers/STM32L4xx_HAL_Driver/Src/stm32l4xx_ll_sdmmc.o
                0x00000000080086d2                SDMMC_WriteFIFO
 .text.SDMMC_PowerState_ON
                0x00000000080086f4       0x1e ./Drivers/STM32L4xx_HAL_Driver/Src/stm32l4xx_ll_sdmmc.o
                0x00000000080086f4                SDMMC_PowerState_ON
 .text.SDMMC_GetPowerState
                0x0000000008008712       0x1c ./Drivers/STM32L4xx_HAL_Driver/Src/stm32l4xx_ll_sdmmc.o
                0x0000000008008712                SDMMC_GetPowerState
 *fill*         0x000000000800872e        0x2 
 .text.SDMMC_SendCommand
                0x0000000008008730       0xcc ./Drivers/STM32L4xx_HAL_Driver/Src/stm32l4xx_ll_sdmmc.o
                0x0000000008008730                SDMMC_SendCommand
 .text.SDMMC_GetCommandResponse
                0x00000000080087fc       0x1a ./Drivers/STM32L4xx_HAL_Driver/Src/stm32l4xx_ll_sdmmc.o
                0x00000000080087fc                SDMMC_GetCommandResponse
 *fill*         0x0000000008008816        0x2 
 .text.SDMMC_GetResponse
                0x0000000008008818       0x48 ./Drivers/STM32L4xx_HAL_Driver/Src/stm32l4xx_ll_sdmmc.o
                0x0000000008008818                SDMMC_GetResponse
 .text.SDMMC_ConfigData
                0x0000000008008860      0x13c ./Drivers/STM32L4xx_HAL_Driver/Src/stm32l4xx_ll_sdmmc.o
                0x0000000008008860                SDMMC_ConfigData
 .text.SDMMC_CmdBlockLength
                0x000000000800899c       0x44 ./Drivers/STM32L4xx_HAL_Driver/Src/stm32l4xx_ll_sdmmc.o
                0x000000000800899c                SDMMC_CmdBlockLength
 .text.SDMMC_CmdReadSingleBlock
                0x00000000080089e0       0x44 ./Drivers/STM32L4xx_HAL_Driver/Src/stm32l4xx_ll_sdmmc.o
                0x00000000080089e0                SDMMC_CmdReadSingleBlock
 .text.SDMMC_CmdReadMultiBlock
                0x0000000008008a24       0x44 ./Drivers/STM32L4xx_HAL_Driver/Src/stm32l4xx_ll_sdmmc.o
                0x0000000008008a24                SDMMC_CmdReadMultiBlock
 .text.SDMMC_CmdWriteSingleBlock
                0x0000000008008a68       0x44 ./Drivers/STM32L4xx_HAL_Driver/Src/stm32l4xx_ll_sdmmc.o
                0x0000000008008a68                SDMMC_CmdWriteSingleBlock
 .text.SDMMC_CmdWriteMultiBlock
                0x0000000008008aac       0x44 ./Drivers/STM32L4xx_HAL_Driver/Src/stm32l4xx_ll_sdmmc.o
                0x0000000008008aac                SDMMC_CmdWriteMultiBlock
 .text.SDMMC_CmdStopTransfer
                0x0000000008008af0       0x44 ./Drivers/STM32L4xx_HAL_Driver/Src/stm32l4xx_ll_sdmmc.o
                0x0000000008008af0                SDMMC_CmdStopTransfer
 .text.SDMMC_CmdSelDesel
                0x0000000008008b34       0x46 ./Drivers/STM32L4xx_HAL_Driver/Src/stm32l4xx_ll_sdmmc.o
                0x0000000008008b34                SDMMC_CmdSelDesel
 .text.SDMMC_CmdGoIdleState
                0x0000000008008b7a       0x3c ./Drivers/STM32L4xx_HAL_Driver/Src/stm32l4xx_ll_sdmmc.o
                0x0000000008008b7a                SDMMC_CmdGoIdleState
 .text.SDMMC_CmdOperCond
                0x0000000008008bb6       0x3e ./Drivers/STM32L4xx_HAL_Driver/Src/stm32l4xx_ll_sdmmc.o
                0x0000000008008bb6                SDMMC_CmdOperCond
 .text.SDMMC_CmdAppCommand
                0x0000000008008bf4       0x44 ./Drivers/STM32L4xx_HAL_Driver/Src/stm32l4xx_ll_sdmmc.o
                0x0000000008008bf4                SDMMC_CmdAppCommand
 .text.SDMMC_CmdAppOperCommand
                0x0000000008008c38       0x46 ./Drivers/STM32L4xx_HAL_Driver/Src/stm32l4xx_ll_sdmmc.o
                0x0000000008008c38                SDMMC_CmdAppOperCommand
 .text.SDMMC_CmdBusWidth
                0x0000000008008c7e       0x44 ./Drivers/STM32L4xx_HAL_Driver/Src/stm32l4xx_ll_sdmmc.o
                0x0000000008008c7e                SDMMC_CmdBusWidth
 .text.SDMMC_CmdSendSCR
                0x0000000008008cc2       0x42 ./Drivers/STM32L4xx_HAL_Driver/Src/stm32l4xx_ll_sdmmc.o
                0x0000000008008cc2                SDMMC_CmdSendSCR
 .text.SDMMC_CmdSendCID
                0x0000000008008d04       0x3c ./Drivers/STM32L4xx_HAL_Driver/Src/stm32l4xx_ll_sdmmc.o
                0x0000000008008d04                SDMMC_CmdSendCID
 .text.SDMMC_CmdSendCSD
                0x0000000008008d40       0x3e ./Drivers/STM32L4xx_HAL_Driver/Src/stm32l4xx_ll_sdmmc.o
                0x0000000008008d40                SDMMC_CmdSendCSD
 .text.SDMMC_CmdSetRelAdd
                0x0000000008008d7e       0x42 ./Drivers/STM32L4xx_HAL_Driver/Src/stm32l4xx_ll_sdmmc.o
                0x0000000008008d7e                SDMMC_CmdSetRelAdd
 .text.SDMMC_CmdSendStatus
                0x0000000008008dc0       0x44 ./Drivers/STM32L4xx_HAL_Driver/Src/stm32l4xx_ll_sdmmc.o
                0x0000000008008dc0                SDMMC_CmdSendStatus
 .text.SDMMC_GetCmdResp1
                0x0000000008008e04      0x1dc ./Drivers/STM32L4xx_HAL_Driver/Src/stm32l4xx_ll_sdmmc.o
                0x0000000008008e04                SDMMC_GetCmdResp1
 .text.SDMMC_GetCmdResp2
                0x0000000008008fe0       0x90 ./Drivers/STM32L4xx_HAL_Driver/Src/stm32l4xx_ll_sdmmc.o
                0x0000000008008fe0                SDMMC_GetCmdResp2
 .text.SDMMC_GetCmdResp3
                0x0000000008009070       0x7c ./Drivers/STM32L4xx_HAL_Driver/Src/stm32l4xx_ll_sdmmc.o
                0x0000000008009070                SDMMC_GetCmdResp3
 .text.SDMMC_GetCmdResp6
                0x00000000080090ec       0xec ./Drivers/STM32L4xx_HAL_Driver/Src/stm32l4xx_ll_sdmmc.o
                0x00000000080090ec                SDMMC_GetCmdResp6
 .text.SDMMC_GetCmdResp7
                0x00000000080091d8       0x9c ./Drivers/STM32L4xx_HAL_Driver/Src/stm32l4xx_ll_sdmmc.o
                0x00000000080091d8                SDMMC_GetCmdResp7
 .text.SDMMC_GetCmdError
                0x0000000008009274       0x58 ./Drivers/STM32L4xx_HAL_Driver/Src/stm32l4xx_ll_sdmmc.o
 .text.MX_FATFS_Init
                0x00000000080092cc       0x24 ./FATFS/App/fatfs.o
                0x00000000080092cc                MX_FATFS_Init
 .text.get_fattime
                0x00000000080092f0       0x10 ./FATFS/App/fatfs.o
                0x00000000080092f0                get_fattime
 .text.SD_DMAConfig
                0x0000000008009300       0x30 ./FATFS/Target/bsp_driver_mm.o
                0x0000000008009300                SD_DMAConfig
 .text.BSP_SD_ReadBlocks_DMA
                0x0000000008009330       0x54 ./FATFS/Target/bsp_driver_mm.o
                0x0000000008009330                BSP_SD_ReadBlocks_DMA
 .text.BSP_SD_WriteBlocks_DMA
                0x0000000008009384       0x54 ./FATFS/Target/bsp_driver_mm.o
                0x0000000008009384                BSP_SD_WriteBlocks_DMA
 .text.BSP_SD_Init
                0x00000000080093d8       0x4c ./FATFS/Target/bsp_driver_sd.o
                0x00000000080093d8                BSP_SD_Init
 .text.BSP_SD_GetCardState
                0x0000000008009424       0x20 ./FATFS/Target/bsp_driver_sd.o
                0x0000000008009424                BSP_SD_GetCardState
 .text.BSP_SD_GetCardInfo
                0x0000000008009444       0x1c ./FATFS/Target/bsp_driver_sd.o
                0x0000000008009444                BSP_SD_GetCardInfo
 .text.HAL_SD_AbortCallback
                0x0000000008009460       0x14 ./FATFS/Target/bsp_driver_sd.o
                0x0000000008009460                HAL_SD_AbortCallback
 .text.HAL_SD_TxCpltCallback
                0x0000000008009474       0x14 ./FATFS/Target/bsp_driver_sd.o
                0x0000000008009474                HAL_SD_TxCpltCallback
 .text.HAL_SD_RxCpltCallback
                0x0000000008009488       0x14 ./FATFS/Target/bsp_driver_sd.o
                0x0000000008009488                HAL_SD_RxCpltCallback
 .text.BSP_SD_AbortCallback
                0x000000000800949c        0xe ./FATFS/Target/bsp_driver_sd.o
                0x000000000800949c                BSP_SD_AbortCallback
 .text.BSP_SD_IsDetected
                0x00000000080094aa       0x24 ./FATFS/Target/bsp_driver_sd.o
                0x00000000080094aa                BSP_SD_IsDetected
 *fill*         0x00000000080094ce        0x2 
 .text.BSP_PlatformIsDetected
                0x00000000080094d0       0x2c ./FATFS/Target/fatfs_platform.o
                0x00000000080094d0                BSP_PlatformIsDetected
 .text.SD_CheckStatusWithTimeout
                0x00000000080094fc       0x3a ./FATFS/Target/sd_diskio.o
 *fill*         0x0000000008009536        0x2 
 .text.SD_CheckStatus
                0x0000000008009538       0x3c ./FATFS/Target/sd_diskio.o
 .text.SD_initialize
                0x0000000008009574       0x98 ./FATFS/Target/sd_diskio.o
                0x0000000008009574                SD_initialize
 .text.SD_status
                0x000000000800960c       0x1c ./FATFS/Target/sd_diskio.o
                0x000000000800960c                SD_status
 .text.SD_read  0x0000000008009628       0x9c ./FATFS/Target/sd_diskio.o
                0x0000000008009628                SD_read
 .text.SD_write
                0x00000000080096c4       0x94 ./FATFS/Target/sd_diskio.o
                0x00000000080096c4                SD_write
 .text.SD_ioctl
                0x0000000008009758       0xb0 ./FATFS/Target/sd_diskio.o
                0x0000000008009758                SD_ioctl
 .text.BSP_SD_WriteCpltCallback
                0x0000000008009808       0x1c ./FATFS/Target/sd_diskio.o
                0x0000000008009808                BSP_SD_WriteCpltCallback
 .text.BSP_SD_ReadCpltCallback
                0x0000000008009824       0x1c ./FATFS/Target/sd_diskio.o
                0x0000000008009824                BSP_SD_ReadCpltCallback
 .text.disk_status
                0x0000000008009840       0x34 ./Middlewares/Third_Party/FatFs/src/diskio.o
                0x0000000008009840                disk_status
 .text.disk_initialize
                0x0000000008009874       0x4c ./Middlewares/Third_Party/FatFs/src/diskio.o
                0x0000000008009874                disk_initialize
 .text.disk_read
                0x00000000080098c0       0x40 ./Middlewares/Third_Party/FatFs/src/diskio.o
                0x00000000080098c0                disk_read
 .text.disk_write
                0x0000000008009900       0x40 ./Middlewares/Third_Party/FatFs/src/diskio.o
                0x0000000008009900                disk_write
 .text.disk_ioctl
                0x0000000008009940       0x3c ./Middlewares/Third_Party/FatFs/src/diskio.o
                0x0000000008009940                disk_ioctl
 .text.ld_word  0x000000000800997c       0x30 ./Middlewares/Third_Party/FatFs/src/ff.o
 .text.ld_dword
                0x00000000080099ac       0x46 ./Middlewares/Third_Party/FatFs/src/ff.o
 .text.st_word  0x00000000080099f2       0x36 ./Middlewares/Third_Party/FatFs/src/ff.o
 .text.st_dword
                0x0000000008009a28       0x58 ./Middlewares/Third_Party/FatFs/src/ff.o
 .text.mem_cpy  0x0000000008009a80       0x42 ./Middlewares/Third_Party/FatFs/src/ff.o
 .text.mem_set  0x0000000008009ac2       0x36 ./Middlewares/Third_Party/FatFs/src/ff.o
 .text.mem_cmp  0x0000000008009af8       0x4e ./Middlewares/Third_Party/FatFs/src/ff.o
 .text.chk_chr  0x0000000008009b46       0x36 ./Middlewares/Third_Party/FatFs/src/ff.o
 .text.lock_fs  0x0000000008009b7c       0x2c ./Middlewares/Third_Party/FatFs/src/ff.o
 .text.unlock_fs
                0x0000000008009ba8       0x36 ./Middlewares/Third_Party/FatFs/src/ff.o
 *fill*         0x0000000008009bde        0x2 
 .text.chk_lock
                0x0000000008009be0       0xb8 ./Middlewares/Third_Party/FatFs/src/ff.o
 .text.enq_lock
                0x0000000008009c98       0x44 ./Middlewares/Third_Party/FatFs/src/ff.o
 .text.inc_lock
                0x0000000008009cdc      0x11c ./Middlewares/Third_Party/FatFs/src/ff.o
 .text.dec_lock
                0x0000000008009df8       0x78 ./Middlewares/Third_Party/FatFs/src/ff.o
 .text.clear_lock
                0x0000000008009e70       0x48 ./Middlewares/Third_Party/FatFs/src/ff.o
 .text.sync_window
                0x0000000008009eb8       0x88 ./Middlewares/Third_Party/FatFs/src/ff.o
 .text.move_window
                0x0000000008009f40       0x5a ./Middlewares/Third_Party/FatFs/src/ff.o
 *fill*         0x0000000008009f9a        0x2 
 .text.sync_fs  0x0000000008009f9c       0xdc ./Middlewares/Third_Party/FatFs/src/ff.o
 .text.clust2sect
                0x000000000800a078       0x3e ./Middlewares/Third_Party/FatFs/src/ff.o
 .text.get_fat  0x000000000800a0b6      0x150 ./Middlewares/Third_Party/FatFs/src/ff.o
 .text.put_fat  0x000000000800a206      0x1d8 ./Middlewares/Third_Party/FatFs/src/ff.o
 .text.remove_chain
                0x000000000800a3de       0xca ./Middlewares/Third_Party/FatFs/src/ff.o
 .text.create_chain
                0x000000000800a4a8      0x130 ./Middlewares/Third_Party/FatFs/src/ff.o
 .text.clmt_clust
                0x000000000800a5d8       0x68 ./Middlewares/Third_Party/FatFs/src/ff.o
 .text.dir_sdi  0x000000000800a640       0xf6 ./Middlewares/Third_Party/FatFs/src/ff.o
 .text.dir_next
                0x000000000800a736      0x18a ./Middlewares/Third_Party/FatFs/src/ff.o
 .text.dir_alloc
                0x000000000800a8c0       0x8e ./Middlewares/Third_Party/FatFs/src/ff.o
 .text.ld_clust
                0x000000000800a94e       0x3e ./Middlewares/Third_Party/FatFs/src/ff.o
 .text.st_clust
                0x000000000800a98c       0x40 ./Middlewares/Third_Party/FatFs/src/ff.o
 .text.dir_find
                0x000000000800a9cc       0xaa ./Middlewares/Third_Party/FatFs/src/ff.o
 .text.dir_register
                0x000000000800aa76       0x64 ./Middlewares/Third_Party/FatFs/src/ff.o
 *fill*         0x000000000800aada        0x2 
 .text.create_name
                0x000000000800aadc      0x128 ./Middlewares/Third_Party/FatFs/src/ff.o
 .text.follow_path
                0x000000000800ac04       0xe2 ./Middlewares/Third_Party/FatFs/src/ff.o
 .text.get_ldnumber
                0x000000000800ace6       0x88 ./Middlewares/Third_Party/FatFs/src/ff.o
 *fill*         0x000000000800ad6e        0x2 
 .text.check_fs
                0x000000000800ad70       0xac ./Middlewares/Third_Party/FatFs/src/ff.o
 .text.find_volume
                0x000000000800ae1c      0x4a8 ./Middlewares/Third_Party/FatFs/src/ff.o
 .text.validate
                0x000000000800b2c4       0x8e ./Middlewares/Third_Party/FatFs/src/ff.o
 *fill*         0x000000000800b352        0x2 
 .text.f_mount  0x000000000800b354       0xc8 ./Middlewares/Third_Party/FatFs/src/ff.o
                0x000000000800b354                f_mount
 .text.f_open   0x000000000800b41c      0x38a ./Middlewares/Third_Party/FatFs/src/ff.o
                0x000000000800b41c                f_open
 .text.f_read   0x000000000800b7a6      0x2dc ./Middlewares/Third_Party/FatFs/src/ff.o
                0x000000000800b7a6                f_read
 .text.f_write  0x000000000800ba82      0x348 ./Middlewares/Third_Party/FatFs/src/ff.o
                0x000000000800ba82                f_write
 .text.f_sync   0x000000000800bdca      0x112 ./Middlewares/Third_Party/FatFs/src/ff.o
                0x000000000800bdca                f_sync
 .text.f_close  0x000000000800bedc       0x5e ./Middlewares/Third_Party/FatFs/src/ff.o
                0x000000000800bedc                f_close
 *fill*         0x000000000800bf3a        0x2 
 .text.FATFS_LinkDriverEx
                0x000000000800bf3c       0x98 ./Middlewares/Third_Party/FatFs/src/ff_gen_drv.o
                0x000000000800bf3c                FATFS_LinkDriverEx
 .text.FATFS_LinkDriver
                0x000000000800bfd4       0x1e ./Middlewares/Third_Party/FatFs/src/ff_gen_drv.o
                0x000000000800bfd4                FATFS_LinkDriver
 .text.ff_cre_syncobj
                0x000000000800bff2       0x40 ./Middlewares/Third_Party/FatFs/src/option/syscall.o
                0x000000000800bff2                ff_cre_syncobj
 .text.ff_del_syncobj
                0x000000000800c032       0x18 ./Middlewares/Third_Party/FatFs/src/option/syscall.o
                0x000000000800c032                ff_del_syncobj
 .text.ff_req_grant
                0x000000000800c04a       0x2a ./Middlewares/Third_Party/FatFs/src/option/syscall.o
                0x000000000800c04a                ff_req_grant
 .text.ff_rel_grant
                0x000000000800c074       0x16 ./Middlewares/Third_Party/FatFs/src/option/syscall.o
                0x000000000800c074                ff_rel_grant
 .text.makeFreeRtosPriority
                0x000000000800c08a       0x30 ./Middlewares/Third_Party/FreeRTOS/Source/CMSIS_RTOS/cmsis_os.o
 .text.inHandlerMode
                0x000000000800c0ba       0x24 ./Middlewares/Third_Party/FreeRTOS/Source/CMSIS_RTOS/cmsis_os.o
 .text.osKernelStart
                0x000000000800c0de        0xe ./Middlewares/Third_Party/FreeRTOS/Source/CMSIS_RTOS/cmsis_os.o
                0x000000000800c0de                osKernelStart
 .text.osKernelRunning
                0x000000000800c0ec       0x18 ./Middlewares/Third_Party/FreeRTOS/Source/CMSIS_RTOS/cmsis_os.o
                0x000000000800c0ec                osKernelRunning
 .text.osKernelSysTick
                0x000000000800c104       0x20 ./Middlewares/Third_Party/FreeRTOS/Source/CMSIS_RTOS/cmsis_os.o
                0x000000000800c104                osKernelSysTick
 .text.osThreadCreate
                0x000000000800c124       0x98 ./Middlewares/Third_Party/FreeRTOS/Source/CMSIS_RTOS/cmsis_os.o
                0x000000000800c124                osThreadCreate
 .text.osDelay  0x000000000800c1bc       0x28 ./Middlewares/Third_Party/FreeRTOS/Source/CMSIS_RTOS/cmsis_os.o
                0x000000000800c1bc                osDelay
 .text.osSemaphoreCreate
                0x000000000800c1e4       0x64 ./Middlewares/Third_Party/FreeRTOS/Source/CMSIS_RTOS/cmsis_os.o
                0x000000000800c1e4                osSemaphoreCreate
 .text.osSemaphoreWait
                0x000000000800c248       0x9c ./Middlewares/Third_Party/FreeRTOS/Source/CMSIS_RTOS/cmsis_os.o
                0x000000000800c248                osSemaphoreWait
 .text.osSemaphoreRelease
                0x000000000800c2e4       0x6c ./Middlewares/Third_Party/FreeRTOS/Source/CMSIS_RTOS/cmsis_os.o
                0x000000000800c2e4                osSemaphoreRelease
 .text.osSemaphoreDelete
                0x000000000800c350       0x26 ./Middlewares/Third_Party/FreeRTOS/Source/CMSIS_RTOS/cmsis_os.o
                0x000000000800c350                osSemaphoreDelete
 .text.osMessageCreate
                0x000000000800c376       0x50 ./Middlewares/Third_Party/FreeRTOS/Source/CMSIS_RTOS/cmsis_os.o
                0x000000000800c376                osMessageCreate
 *fill*         0x000000000800c3c6        0x2 
 .text.osMessagePut
                0x000000000800c3c8       0x80 ./Middlewares/Third_Party/FreeRTOS/Source/CMSIS_RTOS/cmsis_os.o
                0x000000000800c3c8                osMessagePut
 .text.osMessageGet
                0x000000000800c448       0xe8 ./Middlewares/Third_Party/FreeRTOS/Source/CMSIS_RTOS/cmsis_os.o
                0x000000000800c448                osMessageGet
 .text.vListInitialise
                0x000000000800c530       0x40 ./Middlewares/Third_Party/FreeRTOS/Source/list.o
                0x000000000800c530                vListInitialise
 .text.vListInitialiseItem
                0x000000000800c570       0x1a ./Middlewares/Third_Party/FreeRTOS/Source/list.o
                0x000000000800c570                vListInitialiseItem
 .text.vListInsertEnd
                0x000000000800c58a       0x48 ./Middlewares/Third_Party/FreeRTOS/Source/list.o
                0x000000000800c58a                vListInsertEnd
 .text.vListInsert
                0x000000000800c5d2       0x72 ./Middlewares/Third_Party/FreeRTOS/Source/list.o
                0x000000000800c5d2                vListInsert
 .text.uxListRemove
                0x000000000800c644       0x54 ./Middlewares/Third_Party/FreeRTOS/Source/list.o
                0x000000000800c644                uxListRemove
 .text.xQueueGenericReset
                0x000000000800c698       0xd0 ./Middlewares/Third_Party/FreeRTOS/Source/queue.o
                0x000000000800c698                xQueueGenericReset
 .text.xQueueGenericCreateStatic
                0x000000000800c768       0xf0 ./Middlewares/Third_Party/FreeRTOS/Source/queue.o
                0x000000000800c768                xQueueGenericCreateStatic
 .text.xQueueGenericCreate
                0x000000000800c858       0x74 ./Middlewares/Third_Party/FreeRTOS/Source/queue.o
                0x000000000800c858                xQueueGenericCreate
 .text.prvInitialiseNewQueue
                0x000000000800c8cc       0x4a ./Middlewares/Third_Party/FreeRTOS/Source/queue.o
 *fill*         0x000000000800c916        0x2 
 .text.xQueueGenericSend
                0x000000000800c918      0x24c ./Middlewares/Third_Party/FreeRTOS/Source/queue.o
                0x000000000800c918                xQueueGenericSend
 .text.xQueueGenericSendFromISR
                0x000000000800cb64      0x15e ./Middlewares/Third_Party/FreeRTOS/Source/queue.o
                0x000000000800cb64                xQueueGenericSendFromISR
 .text.xQueueGiveFromISR
                0x000000000800ccc2      0x142 ./Middlewares/Third_Party/FreeRTOS/Source/queue.o
                0x000000000800ccc2                xQueueGiveFromISR
 .text.xQueueReceive
                0x000000000800ce04      0x220 ./Middlewares/Third_Party/FreeRTOS/Source/queue.o
                0x000000000800ce04                xQueueReceive
 .text.xQueueSemaphoreTake
                0x000000000800d024      0x278 ./Middlewares/Third_Party/FreeRTOS/Source/queue.o
                0x000000000800d024                xQueueSemaphoreTake
 .text.xQueueReceiveFromISR
                0x000000000800d29c      0x13c ./Middlewares/Third_Party/FreeRTOS/Source/queue.o
                0x000000000800d29c                xQueueReceiveFromISR
 .text.vQueueDelete
                0x000000000800d3d8       0x58 ./Middlewares/Third_Party/FreeRTOS/Source/queue.o
                0x000000000800d3d8                vQueueDelete
 .text.prvGetDisinheritPriorityAfterTimeout
                0x000000000800d430       0x30 ./Middlewares/Third_Party/FreeRTOS/Source/queue.o
 .text.prvCopyDataToQueue
                0x000000000800d460       0xd4 ./Middlewares/Third_Party/FreeRTOS/Source/queue.o
 .text.prvCopyDataFromQueue
                0x000000000800d534       0x4c ./Middlewares/Third_Party/FreeRTOS/Source/queue.o
 .text.prvUnlockQueue
                0x000000000800d580       0xa4 ./Middlewares/Third_Party/FreeRTOS/Source/queue.o
 .text.prvIsQueueEmpty
                0x000000000800d624       0x2c ./Middlewares/Third_Party/FreeRTOS/Source/queue.o
 .text.prvIsQueueFull
                0x000000000800d650       0x30 ./Middlewares/Third_Party/FreeRTOS/Source/queue.o
 .text.vQueueUnregisterQueue
                0x000000000800d680       0x54 ./Middlewares/Third_Party/FreeRTOS/Source/queue.o
                0x000000000800d680                vQueueUnregisterQueue
 .text.xTaskCreateStatic
                0x000000000800d6d4       0xba ./Middlewares/Third_Party/FreeRTOS/Source/tasks.o
                0x000000000800d6d4                xTaskCreateStatic
 .text.xTaskCreate
                0x000000000800d78e       0x8a ./Middlewares/Third_Party/FreeRTOS/Source/tasks.o
                0x000000000800d78e                xTaskCreate
 .text.prvInitialiseNewTask
                0x000000000800d818      0x13c ./Middlewares/Third_Party/FreeRTOS/Source/tasks.o
 .text.prvAddNewTaskToReadyList
                0x000000000800d954      0x110 ./Middlewares/Third_Party/FreeRTOS/Source/tasks.o
 .text.vTaskDelete
                0x000000000800da64      0x154 ./Middlewares/Third_Party/FreeRTOS/Source/tasks.o
                0x000000000800da64                vTaskDelete
 .text.vTaskDelay
                0x000000000800dbb8       0x70 ./Middlewares/Third_Party/FreeRTOS/Source/tasks.o
                0x000000000800dbb8                vTaskDelay
 .text.vTaskStartScheduler
                0x000000000800dc28       0xf0 ./Middlewares/Third_Party/FreeRTOS/Source/tasks.o
                0x000000000800dc28                vTaskStartScheduler
 .text.vTaskSuspendAll
                0x000000000800dd18       0x1c ./Middlewares/Third_Party/FreeRTOS/Source/tasks.o
                0x000000000800dd18                vTaskSuspendAll
 .text.xTaskResumeAll
                0x000000000800dd34      0x140 ./Middlewares/Third_Party/FreeRTOS/Source/tasks.o
                0x000000000800dd34                xTaskResumeAll
 .text.xTaskGetTickCount
                0x000000000800de74       0x20 ./Middlewares/Third_Party/FreeRTOS/Source/tasks.o
                0x000000000800de74                xTaskGetTickCount
 .text.xTaskGetTickCountFromISR
                0x000000000800de94       0x24 ./Middlewares/Third_Party/FreeRTOS/Source/tasks.o
                0x000000000800de94                xTaskGetTickCountFromISR
 .text.xTaskIncrementTick
                0x000000000800deb8      0x178 ./Middlewares/Third_Party/FreeRTOS/Source/tasks.o
                0x000000000800deb8                xTaskIncrementTick
 .text.vTaskSwitchContext
                0x000000000800e030       0xe0 ./Middlewares/Third_Party/FreeRTOS/Source/tasks.o
                0x000000000800e030                vTaskSwitchContext
 .text.vTaskPlaceOnEventList
                0x000000000800e110       0x48 ./Middlewares/Third_Party/FreeRTOS/Source/tasks.o
                0x000000000800e110                vTaskPlaceOnEventList
 .text.xTaskRemoveFromEventList
                0x000000000800e158       0xcc ./Middlewares/Third_Party/FreeRTOS/Source/tasks.o
                0x000000000800e158                xTaskRemoveFromEventList
 .text.vTaskInternalSetTimeOutState
                0x000000000800e224       0x2c ./Middlewares/Third_Party/FreeRTOS/Source/tasks.o
                0x000000000800e224                vTaskInternalSetTimeOutState
 .text.xTaskCheckForTimeOut
                0x000000000800e250       0xc4 ./Middlewares/Third_Party/FreeRTOS/Source/tasks.o
                0x000000000800e250                xTaskCheckForTimeOut
 .text.vTaskMissedYield
                0x000000000800e314       0x18 ./Middlewares/Third_Party/FreeRTOS/Source/tasks.o
                0x000000000800e314                vTaskMissedYield
 .text.prvIdleTask
                0x000000000800e32c       0x30 ./Middlewares/Third_Party/FreeRTOS/Source/tasks.o
 .text.prvInitialiseTaskLists
                0x000000000800e35c       0x80 ./Middlewares/Third_Party/FreeRTOS/Source/tasks.o
 .text.prvCheckTasksWaitingTermination
                0x000000000800e3dc       0x5c ./Middlewares/Third_Party/FreeRTOS/Source/tasks.o
 .text.prvDeleteTCB
                0x000000000800e438       0x68 ./Middlewares/Third_Party/FreeRTOS/Source/tasks.o
 .text.prvResetNextTaskUnblockTime
                0x000000000800e4a0       0x40 ./Middlewares/Third_Party/FreeRTOS/Source/tasks.o
 .text.xTaskGetSchedulerState
                0x000000000800e4e0       0x3c ./Middlewares/Third_Party/FreeRTOS/Source/tasks.o
                0x000000000800e4e0                xTaskGetSchedulerState
 .text.xTaskPriorityInherit
                0x000000000800e51c       0xfc ./Middlewares/Third_Party/FreeRTOS/Source/tasks.o
                0x000000000800e51c                xTaskPriorityInherit
 .text.xTaskPriorityDisinherit
                0x000000000800e618      0x11c ./Middlewares/Third_Party/FreeRTOS/Source/tasks.o
                0x000000000800e618                xTaskPriorityDisinherit
 .text.vTaskPriorityDisinheritAfterTimeout
                0x000000000800e734      0x130 ./Middlewares/Third_Party/FreeRTOS/Source/tasks.o
                0x000000000800e734                vTaskPriorityDisinheritAfterTimeout
 .text.pvTaskIncrementMutexHeldCount
                0x000000000800e864       0x28 ./Middlewares/Third_Party/FreeRTOS/Source/tasks.o
                0x000000000800e864                pvTaskIncrementMutexHeldCount
 .text.prvAddCurrentTaskToDelayedList
                0x000000000800e88c       0xcc ./Middlewares/Third_Party/FreeRTOS/Source/tasks.o
 .text.pxPortInitialiseStack
                0x000000000800e958       0x68 ./Middlewares/Third_Party/FreeRTOS/Source/portable/GCC/ARM_CM4F/port.o
                0x000000000800e958                pxPortInitialiseStack
 .text.prvTaskExitError
                0x000000000800e9c0       0x58 ./Middlewares/Third_Party/FreeRTOS/Source/portable/GCC/ARM_CM4F/port.o
 *fill*         0x000000000800ea18        0x8 
 .text.SVC_Handler
                0x000000000800ea20       0x28 ./Middlewares/Third_Party/FreeRTOS/Source/portable/GCC/ARM_CM4F/port.o
                0x000000000800ea20                SVC_Handler
 .text.prvPortStartFirstTask
                0x000000000800ea48       0x28 ./Middlewares/Third_Party/FreeRTOS/Source/portable/GCC/ARM_CM4F/port.o
 .text.xPortStartScheduler
                0x000000000800ea70      0x144 ./Middlewares/Third_Party/FreeRTOS/Source/portable/GCC/ARM_CM4F/port.o
                0x000000000800ea70                xPortStartScheduler
 .text.vPortEnterCritical
                0x000000000800ebb4       0x60 ./Middlewares/Third_Party/FreeRTOS/Source/portable/GCC/ARM_CM4F/port.o
                0x000000000800ebb4                vPortEnterCritical
 .text.vPortExitCritical
                0x000000000800ec14       0x54 ./Middlewares/Third_Party/FreeRTOS/Source/portable/GCC/ARM_CM4F/port.o
                0x000000000800ec14                vPortExitCritical
 *fill*         0x000000000800ec68        0x8 
 .text.PendSV_Handler
                0x000000000800ec70       0x68 ./Middlewares/Third_Party/FreeRTOS/Source/portable/GCC/ARM_CM4F/port.o
                0x000000000800ec70                PendSV_Handler
 .text.SysTick_Handler
                0x000000000800ecd8       0x44 ./Middlewares/Third_Party/FreeRTOS/Source/portable/GCC/ARM_CM4F/port.o
                0x000000000800ecd8                SysTick_Handler
 .text.vPortSetupTimerInterrupt
                0x000000000800ed1c       0x48 ./Middlewares/Third_Party/FreeRTOS/Source/portable/GCC/ARM_CM4F/port.o
                0x000000000800ed1c                vPortSetupTimerInterrupt
 .text.vPortEnableVFP
                0x000000000800ed64       0x14 ./Middlewares/Third_Party/FreeRTOS/Source/portable/GCC/ARM_CM4F/port.o
 .text.vPortValidateInterruptPriority
                0x000000000800ed78       0x80 ./Middlewares/Third_Party/FreeRTOS/Source/portable/GCC/ARM_CM4F/port.o
                0x000000000800ed78                vPortValidateInterruptPriority
 .text.pvPortMalloc
                0x000000000800edf8      0x198 ./Middlewares/Third_Party/FreeRTOS/Source/portable/MemMang/heap_4.o
                0x000000000800edf8                pvPortMalloc
 .text.vPortFree
                0x000000000800ef90       0xc4 ./Middlewares/Third_Party/FreeRTOS/Source/portable/MemMang/heap_4.o
                0x000000000800ef90                vPortFree
 .text.prvHeapInit
                0x000000000800f054       0xc4 ./Middlewares/Third_Party/FreeRTOS/Source/portable/MemMang/heap_4.o
 .text.prvInsertBlockIntoFreeList
                0x000000000800f118       0xb4 ./Middlewares/Third_Party/FreeRTOS/Source/portable/MemMang/heap_4.o
 .text._DoInit  0x000000000800f1cc       0xb4 ./Middlewares/Third_Party/SEGGER/SEGGER/SEGGER_RTT.o
 .text.SEGGER_RTT_ReadNoLock
                0x000000000800f280      0x10c ./Middlewares/Third_Party/SEGGER/SEGGER/SEGGER_RTT.o
                0x000000000800f280                SEGGER_RTT_ReadNoLock
 .text.SEGGER_RTT_AllocUpBuffer
                0x000000000800f38c      0x108 ./Middlewares/Third_Party/SEGGER/SEGGER/SEGGER_RTT.o
                0x000000000800f38c                SEGGER_RTT_AllocUpBuffer
 .text.SEGGER_RTT_ConfigDownBuffer
                0x000000000800f494       0x98 ./Middlewares/Third_Party/SEGGER/SEGGER/SEGGER_RTT.o
                0x000000000800f494                SEGGER_RTT_ConfigDownBuffer
 .text._EncodeStr
                0x000000000800f52c       0xa0 ./Middlewares/Third_Party/SEGGER/SEGGER/SEGGER_SYSVIEW.o
 .text._PreparePacket
                0x000000000800f5cc       0x18 ./Middlewares/Third_Party/SEGGER/SEGGER/SEGGER_SYSVIEW.o
 .text._HandleIncomingPacket
                0x000000000800f5e4       0xe0 ./Middlewares/Third_Party/SEGGER/SEGGER/SEGGER_SYSVIEW.o
 .text._TrySendOverflowPacket
                0x000000000800f6c4       0xe4 ./Middlewares/Third_Party/SEGGER/SEGGER/SEGGER_SYSVIEW.o
 .text._SendPacket
                0x000000000800f7a8      0x2dc ./Middlewares/Third_Party/SEGGER/SEGGER/SEGGER_SYSVIEW.o
 .text.SEGGER_SYSVIEW_Init
                0x000000000800fa84       0x88 ./Middlewares/Third_Party/SEGGER/SEGGER/SEGGER_SYSVIEW.o
                0x000000000800fa84                SEGGER_SYSVIEW_Init
 .text.SEGGER_SYSVIEW_SetRAMBase
                0x000000000800fb0c       0x20 ./Middlewares/Third_Party/SEGGER/SEGGER/SEGGER_SYSVIEW.o
                0x000000000800fb0c                SEGGER_SYSVIEW_SetRAMBase
 .text.SEGGER_SYSVIEW_RecordVoid
                0x000000000800fb2c       0x3c ./Middlewares/Third_Party/SEGGER/SEGGER/SEGGER_SYSVIEW.o
                0x000000000800fb2c                SEGGER_SYSVIEW_RecordVoid
 .text.SEGGER_SYSVIEW_RecordU32
                0x000000000800fb68       0x78 ./Middlewares/Third_Party/SEGGER/SEGGER/SEGGER_SYSVIEW.o
                0x000000000800fb68                SEGGER_SYSVIEW_RecordU32
 .text.SEGGER_SYSVIEW_RecordU32x2
                0x000000000800fbe0       0xb4 ./Middlewares/Third_Party/SEGGER/SEGGER/SEGGER_SYSVIEW.o
                0x000000000800fbe0                SEGGER_SYSVIEW_RecordU32x2
 .text.SEGGER_SYSVIEW_RecordU32x3
                0x000000000800fc94       0xec ./Middlewares/Third_Party/SEGGER/SEGGER/SEGGER_SYSVIEW.o
                0x000000000800fc94                SEGGER_SYSVIEW_RecordU32x3
 .text.SEGGER_SYSVIEW_RecordU32x4
                0x000000000800fd80      0x124 ./Middlewares/Third_Party/SEGGER/SEGGER/SEGGER_SYSVIEW.o
                0x000000000800fd80                SEGGER_SYSVIEW_RecordU32x4
 .text.SEGGER_SYSVIEW_Start
                0x000000000800fea4      0x174 ./Middlewares/Third_Party/SEGGER/SEGGER/SEGGER_SYSVIEW.o
                0x000000000800fea4                SEGGER_SYSVIEW_Start
 .text.SEGGER_SYSVIEW_Stop
                0x0000000008010018       0x4c ./Middlewares/Third_Party/SEGGER/SEGGER/SEGGER_SYSVIEW.o
                0x0000000008010018                SEGGER_SYSVIEW_Stop
 .text.SEGGER_SYSVIEW_GetSysDesc
                0x0000000008010064      0x134 ./Middlewares/Third_Party/SEGGER/SEGGER/SEGGER_SYSVIEW.o
                0x0000000008010064                SEGGER_SYSVIEW_GetSysDesc
 .text.SEGGER_SYSVIEW_SendTaskInfo
                0x0000000008010198      0x1c8 ./Middlewares/Third_Party/SEGGER/SEGGER/SEGGER_SYSVIEW.o
                0x0000000008010198                SEGGER_SYSVIEW_SendTaskInfo
 .text.SEGGER_SYSVIEW_SendTaskList
                0x0000000008010360       0x28 ./Middlewares/Third_Party/SEGGER/SEGGER/SEGGER_SYSVIEW.o
                0x0000000008010360                SEGGER_SYSVIEW_SendTaskList
 .text.SEGGER_SYSVIEW_SendSysDesc
                0x0000000008010388       0x48 ./Middlewares/Third_Party/SEGGER/SEGGER/SEGGER_SYSVIEW.o
                0x0000000008010388                SEGGER_SYSVIEW_SendSysDesc
 .text.SEGGER_SYSVIEW_RecordSystime
                0x00000000080103d0       0x64 ./Middlewares/Third_Party/SEGGER/SEGGER/SEGGER_SYSVIEW.o
                0x00000000080103d0                SEGGER_SYSVIEW_RecordSystime
 .text.SEGGER_SYSVIEW_OnIdle
                0x0000000008010434       0x38 ./Middlewares/Third_Party/SEGGER/SEGGER/SEGGER_SYSVIEW.o
                0x0000000008010434                SEGGER_SYSVIEW_OnIdle
 .text.SEGGER_SYSVIEW_OnTaskCreate
                0x000000000801046c       0x84 ./Middlewares/Third_Party/SEGGER/SEGGER/SEGGER_SYSVIEW.o
                0x000000000801046c                SEGGER_SYSVIEW_OnTaskCreate
 .text.SEGGER_SYSVIEW_OnTaskStartExec
                0x00000000080104f0       0x84 ./Middlewares/Third_Party/SEGGER/SEGGER/SEGGER_SYSVIEW.o
                0x00000000080104f0                SEGGER_SYSVIEW_OnTaskStartExec
 .text.SEGGER_SYSVIEW_OnTaskStartReady
                0x0000000008010574       0x84 ./Middlewares/Third_Party/SEGGER/SEGGER/SEGGER_SYSVIEW.o
                0x0000000008010574                SEGGER_SYSVIEW_OnTaskStartReady
 .text.SEGGER_SYSVIEW_ShrinkId
                0x00000000080105f8       0x20 ./Middlewares/Third_Party/SEGGER/SEGGER/SEGGER_SYSVIEW.o
                0x00000000080105f8                SEGGER_SYSVIEW_ShrinkId
 .text.SEGGER_SYSVIEW_SendModule
                0x0000000008010618      0x100 ./Middlewares/Third_Party/SEGGER/SEGGER/SEGGER_SYSVIEW.o
                0x0000000008010618                SEGGER_SYSVIEW_SendModule
 .text.SEGGER_SYSVIEW_SendModuleDescription
                0x0000000008010718       0x3c ./Middlewares/Third_Party/SEGGER/SEGGER/SEGGER_SYSVIEW.o
                0x0000000008010718                SEGGER_SYSVIEW_SendModuleDescription
 .text.SEGGER_SYSVIEW_SendNumModules
                0x0000000008010754       0x7c ./Middlewares/Third_Party/SEGGER/SEGGER/SEGGER_SYSVIEW.o
                0x0000000008010754                SEGGER_SYSVIEW_SendNumModules
 .text.SEGGER_SYSVIEW_Warn
                0x00000000080107d0       0xb8 ./Middlewares/Third_Party/SEGGER/SEGGER/SEGGER_SYSVIEW.o
                0x00000000080107d0                SEGGER_SYSVIEW_Warn
 .text._cbSendSystemDesc
                0x0000000008010888       0x1c ./Middlewares/Third_Party/SEGGER/SEGGER/SEGGER_SYSVIEW_Config_FreeRTOS.o
 .text.SEGGER_SYSVIEW_Conf
                0x00000000080108a4       0x2c ./Middlewares/Third_Party/SEGGER/SEGGER/SEGGER_SYSVIEW_Config_FreeRTOS.o
                0x00000000080108a4                SEGGER_SYSVIEW_Conf
 .text._cbSendTaskList
                0x00000000080108d0       0x90 ./Middlewares/Third_Party/SEGGER/SEGGER/SEGGER_SYSVIEW_FreeRTOS.o
 .text._cbGetTime
                0x0000000008010960       0x86 ./Middlewares/Third_Party/SEGGER/SEGGER/SEGGER_SYSVIEW_FreeRTOS.o
 *fill*         0x00000000080109e6        0x2 
 .text.SYSVIEW_AddTask
                0x00000000080109e8       0xd0 ./Middlewares/Third_Party/SEGGER/SEGGER/SEGGER_SYSVIEW_FreeRTOS.o
                0x00000000080109e8                SYSVIEW_AddTask
 .text.SYSVIEW_DeleteTask
                0x0000000008010ab8      0x178 ./Middlewares/Third_Party/SEGGER/SEGGER/SEGGER_SYSVIEW_FreeRTOS.o
                0x0000000008010ab8                SYSVIEW_DeleteTask
 .text.SYSVIEW_SendTaskInfo
                0x0000000008010c30       0x42 ./Middlewares/Third_Party/SEGGER/SEGGER/SEGGER_SYSVIEW_FreeRTOS.o
                0x0000000008010c30                SYSVIEW_SendTaskInfo
 *fill*         0x0000000008010c72        0x2 
 .text.__libc_init_array
                0x0000000008010c74       0x48 c:/st/stm32cubeide_1.8.0/stm32cubeide/plugins/com.st.stm32cube.ide.mcu.externaltools.gnu-tools-for-stm32.10.3-2021.10.win32_1.0.0.202111181127/tools/bin/../lib/gcc/arm-none-eabi/10.3.1/../../../../arm-none-eabi/lib/thumb/v7e-m+fp/hard\libc_nano.a(lib_a-init.o)
                0x0000000008010c74                __libc_init_array
 .text.__retarget_lock_acquire_recursive
                0x0000000008010cbc        0x2 c:/st/stm32cubeide_1.8.0/stm32cubeide/plugins/com.st.stm32cube.ide.mcu.externaltools.gnu-tools-for-stm32.10.3-2021.10.win32_1.0.0.202111181127/tools/bin/../lib/gcc/arm-none-eabi/10.3.1/../../../../arm-none-eabi/lib/thumb/v7e-m+fp/hard\libc_nano.a(lib_a-lock.o)
                0x0000000008010cbc                __retarget_lock_acquire_recursive
 .text.__retarget_lock_release_recursive
                0x0000000008010cbe        0x2 c:/st/stm32cubeide_1.8.0/stm32cubeide/plugins/com.st.stm32cube.ide.mcu.externaltools.gnu-tools-for-stm32.10.3-2021.10.win32_1.0.0.202111181127/tools/bin/../lib/gcc/arm-none-eabi/10.3.1/../../../../arm-none-eabi/lib/thumb/v7e-m+fp/hard\libc_nano.a(lib_a-lock.o)
                0x0000000008010cbe                __retarget_lock_release_recursive
 .text.memcmp   0x0000000008010cc0       0x20 c:/st/stm32cubeide_1.8.0/stm32cubeide/plugins/com.st.stm32cube.ide.mcu.externaltools.gnu-tools-for-stm32.10.3-2021.10.win32_1.0.0.202111181127/tools/bin/../lib/gcc/arm-none-eabi/10.3.1/../../../../arm-none-eabi/lib/thumb/v7e-m+fp/hard\libc_nano.a(lib_a-memcmp.o)
                0x0000000008010cc0                memcmp
 .text.memcpy   0x0000000008010ce0       0x1c c:/st/stm32cubeide_1.8.0/stm32cubeide/plugins/com.st.stm32cube.ide.mcu.externaltools.gnu-tools-for-stm32.10.3-2021.10.win32_1.0.0.202111181127/tools/bin/../lib/gcc/arm-none-eabi/10.3.1/../../../../arm-none-eabi/lib/thumb/v7e-m+fp/hard\libc_nano.a(lib_a-memcpy-stub.o)
                0x0000000008010ce0                memcpy
 .text.memset   0x0000000008010cfc       0x10 c:/st/stm32cubeide_1.8.0/stm32cubeide/plugins/com.st.stm32cube.ide.mcu.externaltools.gnu-tools-for-stm32.10.3-2021.10.win32_1.0.0.202111181127/tools/bin/../lib/gcc/arm-none-eabi/10.3.1/../../../../arm-none-eabi/lib/thumb/v7e-m+fp/hard\libc_nano.a(lib_a-memset.o)
                0x0000000008010cfc                memset
 .text.cleanup_glue
                0x0000000008010d0c       0x1a c:/st/stm32cubeide_1.8.0/stm32cubeide/plugins/com.st.stm32cube.ide.mcu.externaltools.gnu-tools-for-stm32.10.3-2021.10.win32_1.0.0.202111181127/tools/bin/../lib/gcc/arm-none-eabi/10.3.1/../../../../arm-none-eabi/lib/thumb/v7e-m+fp/hard\libc_nano.a(lib_a-reent.o)
                0x0000000008010d0c                cleanup_glue
 *fill*         0x0000000008010d26        0x2 
 .text._reclaim_reent
                0x0000000008010d28       0xb8 c:/st/stm32cubeide_1.8.0/stm32cubeide/plugins/com.st.stm32cube.ide.mcu.externaltools.gnu-tools-for-stm32.10.3-2021.10.win32_1.0.0.202111181127/tools/bin/../lib/gcc/arm-none-eabi/10.3.1/../../../../arm-none-eabi/lib/thumb/v7e-m+fp/hard\libc_nano.a(lib_a-reent.o)
                0x0000000008010d28                _reclaim_reent
 .text.__malloc_lock
                0x0000000008010de0        0xc c:/st/stm32cubeide_1.8.0/stm32cubeide/plugins/com.st.stm32cube.ide.mcu.externaltools.gnu-tools-for-stm32.10.3-2021.10.win32_1.0.0.202111181127/tools/bin/../lib/gcc/arm-none-eabi/10.3.1/../../../../arm-none-eabi/lib/thumb/v7e-m+fp/hard\libc_nano.a(lib_a-mlock.o)
                0x0000000008010de0                __malloc_lock
 .text.__malloc_unlock
                0x0000000008010dec        0xc c:/st/stm32cubeide_1.8.0/stm32cubeide/plugins/com.st.stm32cube.ide.mcu.externaltools.gnu-tools-for-stm32.10.3-2021.10.win32_1.0.0.202111181127/tools/bin/../lib/gcc/arm-none-eabi/10.3.1/../../../../arm-none-eabi/lib/thumb/v7e-m+fp/hard\libc_nano.a(lib_a-mlock.o)
                0x0000000008010dec                __malloc_unlock
 .text._free_r  0x0000000008010df8       0x98 c:/st/stm32cubeide_1.8.0/stm32cubeide/plugins/com.st.stm32cube.ide.mcu.externaltools.gnu-tools-for-stm32.10.3-2021.10.win32_1.0.0.202111181127/tools/bin/../lib/gcc/arm-none-eabi/10.3.1/../../../../arm-none-eabi/lib/thumb/v7e-m+fp/hard\libc_nano.a(lib_a-nano-freer.o)
                0x0000000008010df8                _free_r
 *(.glue_7)
 .glue_7        0x0000000008010e90        0x0 linker stubs
 *(.glue_7t)
 .glue_7t       0x0000000008010e90        0x0 linker stubs
 *(.eh_frame)
 .eh_frame      0x0000000008010e90        0x0 c:/st/stm32cubeide_1.8.0/stm32cubeide/plugins/com.st.stm32cube.ide.mcu.externaltools.gnu-tools-for-stm32.10.3-2021.10.win32_1.0.0.202111181127/tools/bin/../lib/gcc/arm-none-eabi/10.3.1/thumb/v7e-m+fp/hard/crtbegin.o
 *(.init)
 .init          0x0000000008010e90        0x4 c:/st/stm32cubeide_1.8.0/stm32cubeide/plugins/com.st.stm32cube.ide.mcu.externaltools.gnu-tools-for-stm32.10.3-2021.10.win32_1.0.0.202111181127/tools/bin/../lib/gcc/arm-none-eabi/10.3.1/thumb/v7e-m+fp/hard/crti.o
                0x0000000008010e90                _init
 .init          0x0000000008010e94        0x8 c:/st/stm32cubeide_1.8.0/stm32cubeide/plugins/com.st.stm32cube.ide.mcu.externaltools.gnu-tools-for-stm32.10.3-2021.10.win32_1.0.0.202111181127/tools/bin/../lib/gcc/arm-none-eabi/10.3.1/thumb/v7e-m+fp/hard/crtn.o
 *(.fini)
 .fini          0x0000000008010e9c        0x4 c:/st/stm32cubeide_1.8.0/stm32cubeide/plugins/com.st.stm32cube.ide.mcu.externaltools.gnu-tools-for-stm32.10.3-2021.10.win32_1.0.0.202111181127/tools/bin/../lib/gcc/arm-none-eabi/10.3.1/thumb/v7e-m+fp/hard/crti.o
                0x0000000008010e9c                _fini
 .fini          0x0000000008010ea0        0x8 c:/st/stm32cubeide_1.8.0/stm32cubeide/plugins/com.st.stm32cube.ide.mcu.externaltools.gnu-tools-for-stm32.10.3-2021.10.win32_1.0.0.202111181127/tools/bin/../lib/gcc/arm-none-eabi/10.3.1/thumb/v7e-m+fp/hard/crtn.o
                0x0000000008010ea8                . = ALIGN (0x4)
                0x0000000008010ea8                _etext = .

.vfp11_veneer   0x0000000008010ea8        0x0
 .vfp11_veneer  0x0000000008010ea8        0x0 linker stubs

.v4_bx          0x0000000008010ea8        0x0
 .v4_bx         0x0000000008010ea8        0x0 linker stubs

.iplt           0x0000000008010ea8        0x0
 .iplt          0x0000000008010ea8        0x0 c:/st/stm32cubeide_1.8.0/stm32cubeide/plugins/com.st.stm32cube.ide.mcu.externaltools.gnu-tools-for-stm32.10.3-2021.10.win32_1.0.0.202111181127/tools/bin/../lib/gcc/arm-none-eabi/10.3.1/thumb/v7e-m+fp/hard/crtbegin.o

.rodata         0x0000000008010ea8      0x570
                0x0000000008010ea8                . = ALIGN (0x4)
 *(.rodata)
 .rodata        0x0000000008010ea8       0xb8 ./Core/Src/freertos.o
 .rodata        0x0000000008010f60       0x3b ./Drivers/STM32L4xx_HAL_Driver/Src/stm32l4xx_hal_cortex.o
 *fill*         0x0000000008010f9b        0x1 
 .rodata        0x0000000008010f9c       0x38 ./Drivers/STM32L4xx_HAL_Driver/Src/stm32l4xx_hal_dma.o
 .rodata        0x0000000008010fd4       0x39 ./Drivers/STM32L4xx_HAL_Driver/Src/stm32l4xx_hal_gpio.o
 *fill*         0x000000000801100d        0x3 
 .rodata        0x0000000008011010       0x3b ./Drivers/STM32L4xx_HAL_Driver/Src/stm32l4xx_hal_pwr_ex.o
 *fill*         0x000000000801104b        0x1 
 .rodata        0x000000000801104c       0x38 ./Drivers/STM32L4xx_HAL_Driver/Src/stm32l4xx_hal_rcc.o
 .rodata        0x0000000008011084       0x3b ./Drivers/STM32L4xx_HAL_Driver/Src/stm32l4xx_hal_rcc_ex.o
 *fill*         0x00000000080110bf        0x1 
 .rodata        0x00000000080110c0       0x37 ./Drivers/STM32L4xx_HAL_Driver/Src/stm32l4xx_hal_sd.o
 *fill*         0x00000000080110f7        0x1 
 .rodata        0x00000000080110f8       0x38 ./Drivers/STM32L4xx_HAL_Driver/Src/stm32l4xx_hal_tim.o
 .rodata        0x0000000008011130       0x39 ./Drivers/STM32L4xx_HAL_Driver/Src/stm32l4xx_hal_uart.o
 *fill*         0x0000000008011169        0x3 
 .rodata        0x000000000801116c       0x39 ./Drivers/STM32L4xx_HAL_Driver/Src/stm32l4xx_ll_sdmmc.o
 *fill*         0x00000000080111a5        0x3 
 .rodata        0x00000000080111a8       0x10 ./FATFS/Target/sd_diskio.o
 .rodata        0x00000000080111b8       0x44 ./Middlewares/Third_Party/FatFs/src/ff.o
 .rodata        0x00000000080111fc        0x5 ./Middlewares/Third_Party/FreeRTOS/Source/tasks.o
 *fill*         0x0000000008011201        0x3 
 .rodata        0x0000000008011204        0x9 ./Middlewares/Third_Party/SEGGER/SEGGER/SEGGER_RTT.o
 *fill*         0x000000000801120d        0x3 
 .rodata        0x0000000008011210        0x8 ./Middlewares/Third_Party/SEGGER/SEGGER/SEGGER_SYSVIEW.o
 .rodata        0x0000000008011218       0x41 ./Middlewares/Third_Party/SEGGER/SEGGER/SEGGER_SYSVIEW_Config_FreeRTOS.o
 *fill*         0x0000000008011259        0x3 
 .rodata        0x000000000801125c       0x58 ./Middlewares/Third_Party/SEGGER/SEGGER/SEGGER_SYSVIEW_FreeRTOS.o
 *(.rodata*)
 .rodata.AHBPrescTable
                0x00000000080112b4       0x10 ./Core/Src/system_stm32l4xx.o
                0x00000000080112b4                AHBPrescTable
 .rodata.APBPrescTable
                0x00000000080112c4        0x8 ./Core/Src/system_stm32l4xx.o
                0x00000000080112c4                APBPrescTable
 .rodata.MSIRangeTable
                0x00000000080112cc       0x30 ./Core/Src/system_stm32l4xx.o
                0x00000000080112cc                MSIRangeTable
 .rodata.SD_Driver
                0x00000000080112fc       0x14 ./FATFS/Target/sd_diskio.o
                0x00000000080112fc                SD_Driver
 .rodata.ExCvt  0x0000000008011310       0x80 ./Middlewares/Third_Party/FatFs/src/ff.o
 .rodata._aInitStr.0
                0x0000000008011390       0x11 ./Middlewares/Third_Party/SEGGER/SEGGER/SEGGER_RTT.o
 *fill*         0x00000000080113a1        0x3 
 .rodata._abSync
                0x00000000080113a4        0xa ./Middlewares/Third_Party/SEGGER/SEGGER/SEGGER_SYSVIEW.o
 *fill*         0x00000000080113ae        0x2 
 .rodata.SYSVIEW_X_OS_TraceAPI
                0x00000000080113b0        0x8 ./Middlewares/Third_Party/SEGGER/SEGGER/SEGGER_SYSVIEW_FreeRTOS.o
                0x00000000080113b0                SYSVIEW_X_OS_TraceAPI
 .rodata.__sf_fake_stderr
                0x00000000080113b8       0x20 c:/st/stm32cubeide_1.8.0/stm32cubeide/plugins/com.st.stm32cube.ide.mcu.externaltools.gnu-tools-for-stm32.10.3-2021.10.win32_1.0.0.202111181127/tools/bin/../lib/gcc/arm-none-eabi/10.3.1/../../../../arm-none-eabi/lib/thumb/v7e-m+fp/hard\libc_nano.a(lib_a-findfp.o)
                0x00000000080113b8                __sf_fake_stderr
 .rodata.__sf_fake_stdin
                0x00000000080113d8       0x20 c:/st/stm32cubeide_1.8.0/stm32cubeide/plugins/com.st.stm32cube.ide.mcu.externaltools.gnu-tools-for-stm32.10.3-2021.10.win32_1.0.0.202111181127/tools/bin/../lib/gcc/arm-none-eabi/10.3.1/../../../../arm-none-eabi/lib/thumb/v7e-m+fp/hard\libc_nano.a(lib_a-findfp.o)
                0x00000000080113d8                __sf_fake_stdin
 .rodata.__sf_fake_stdout
                0x00000000080113f8       0x20 c:/st/stm32cubeide_1.8.0/stm32cubeide/plugins/com.st.stm32cube.ide.mcu.externaltools.gnu-tools-for-stm32.10.3-2021.10.win32_1.0.0.202111181127/tools/bin/../lib/gcc/arm-none-eabi/10.3.1/../../../../arm-none-eabi/lib/thumb/v7e-m+fp/hard\libc_nano.a(lib_a-findfp.o)
                0x00000000080113f8                __sf_fake_stdout
                0x0000000008011418                . = ALIGN (0x4)

.ARM.extab      0x0000000008011418        0x0
                0x0000000008011418                . = ALIGN (0x4)
 *(.ARM.extab* .gnu.linkonce.armextab.*)
                0x0000000008011418                . = ALIGN (0x4)

.ARM            0x0000000008011418        0x8
                0x0000000008011418                . = ALIGN (0x4)
                0x0000000008011418                __exidx_start = .
 *(.ARM.exidx*)
 .ARM.exidx     0x0000000008011418        0x8 c:/st/stm32cubeide_1.8.0/stm32cubeide/plugins/com.st.stm32cube.ide.mcu.externaltools.gnu-tools-for-stm32.10.3-2021.10.win32_1.0.0.202111181127/tools/bin/../lib/gcc/arm-none-eabi/10.3.1/thumb/v7e-m+fp/hard\libgcc.a(_udivmoddi4.o)
                0x0000000008011420                __exidx_end = .
                0x0000000008011420                . = ALIGN (0x4)

.rel.dyn        0x0000000008011420        0x0
 .rel.iplt      0x0000000008011420        0x0 c:/st/stm32cubeide_1.8.0/stm32cubeide/plugins/com.st.stm32cube.ide.mcu.externaltools.gnu-tools-for-stm32.10.3-2021.10.win32_1.0.0.202111181127/tools/bin/../lib/gcc/arm-none-eabi/10.3.1/thumb/v7e-m+fp/hard/crtbegin.o

.preinit_array  0x0000000008011420        0x0
                0x0000000008011420                . = ALIGN (0x4)
                0x0000000008011420                PROVIDE (__preinit_array_start = .)
 *(.preinit_array*)
                0x0000000008011420                PROVIDE (__preinit_array_end = .)
                0x0000000008011420                . = ALIGN (0x4)

.init_array     0x0000000008011420        0x4
                0x0000000008011420                . = ALIGN (0x4)
                0x0000000008011420                PROVIDE (__init_array_start = .)
 *(SORT_BY_NAME(.init_array.*))
 *(.init_array*)
 .init_array    0x0000000008011420        0x4 c:/st/stm32cubeide_1.8.0/stm32cubeide/plugins/com.st.stm32cube.ide.mcu.externaltools.gnu-tools-for-stm32.10.3-2021.10.win32_1.0.0.202111181127/tools/bin/../lib/gcc/arm-none-eabi/10.3.1/thumb/v7e-m+fp/hard/crtbegin.o
                0x0000000008011424                PROVIDE (__init_array_end = .)
                0x0000000008011424                . = ALIGN (0x4)

.fini_array     0x0000000008011424        0x4
                0x0000000008011424                . = ALIGN (0x4)
                [!provide]                        PROVIDE (__fini_array_start = .)
 *(SORT_BY_NAME(.fini_array.*))
 *(.fini_array*)
 .fini_array    0x0000000008011424        0x4 c:/st/stm32cubeide_1.8.0/stm32cubeide/plugins/com.st.stm32cube.ide.mcu.externaltools.gnu-tools-for-stm32.10.3-2021.10.win32_1.0.0.202111181127/tools/bin/../lib/gcc/arm-none-eabi/10.3.1/thumb/v7e-m+fp/hard/crtbegin.o
                [!provide]                        PROVIDE (__fini_array_end = .)
                0x0000000008011428                . = ALIGN (0x4)
                0x0000000008011428                _sidata = LOADADDR (.data)

.data           0x0000000020000000       0x74 load address 0x0000000008011428
                0x0000000020000000                . = ALIGN (0x4)
                0x0000000020000000                _sdata = .
 *(.data)
 *(.data*)
 .data.SystemCoreClock
                0x0000000020000000        0x4 ./Core/Src/system_stm32l4xx.o
                0x0000000020000000                SystemCoreClock
 .data.uwTickPrio
                0x0000000020000004        0x4 ./Drivers/STM32L4xx_HAL_Driver/Src/stm32l4xx_hal.o
                0x0000000020000004                uwTickPrio
 .data.uwTickFreq
                0x0000000020000008        0x1 ./Drivers/STM32L4xx_HAL_Driver/Src/stm32l4xx_hal.o
                0x0000000020000008                uwTickFreq
 .data.Stat     0x0000000020000009        0x1 ./FATFS/Target/sd_diskio.o
 *fill*         0x000000002000000a        0x2 
 .data.uxCriticalNesting
                0x000000002000000c        0x4 ./Middlewares/Third_Party/FreeRTOS/Source/portable/GCC/ARM_CM4F/port.o
 .data._impure_ptr
                0x0000000020000010        0x4 c:/st/stm32cubeide_1.8.0/stm32cubeide/plugins/com.st.stm32cube.ide.mcu.externaltools.gnu-tools-for-stm32.10.3-2021.10.win32_1.0.0.202111181127/tools/bin/../lib/gcc/arm-none-eabi/10.3.1/../../../../arm-none-eabi/lib/thumb/v7e-m+fp/hard\libc_nano.a(lib_a-impure.o)
                0x0000000020000010                _impure_ptr
 .data.impure_data
                0x0000000020000014       0x60 c:/st/stm32cubeide_1.8.0/stm32cubeide/plugins/com.st.stm32cube.ide.mcu.externaltools.gnu-tools-for-stm32.10.3-2021.10.win32_1.0.0.202111181127/tools/bin/../lib/gcc/arm-none-eabi/10.3.1/../../../../arm-none-eabi/lib/thumb/v7e-m+fp/hard\libc_nano.a(lib_a-impure.o)
 *(.RamFunc)
 *(.RamFunc*)
                0x0000000020000074                . = ALIGN (0x4)
                0x0000000020000074                _edata = .

.igot.plt       0x0000000020000074        0x0 load address 0x000000000801149c
 .igot.plt      0x0000000020000074        0x0 c:/st/stm32cubeide_1.8.0/stm32cubeide/plugins/com.st.stm32cube.ide.mcu.externaltools.gnu-tools-for-stm32.10.3-2021.10.win32_1.0.0.202111181127/tools/bin/../lib/gcc/arm-none-eabi/10.3.1/thumb/v7e-m+fp/hard/crtbegin.o
                0x0000000020000074                . = ALIGN (0x4)

.bss            0x0000000020000074     0x8b6c load address 0x000000000801149c
                0x0000000020000074                _sbss = .
                0x0000000020000074                __bss_start__ = _sbss
 *(.bss)
 .bss           0x0000000020000074       0x1c c:/st/stm32cubeide_1.8.0/stm32cubeide/plugins/com.st.stm32cube.ide.mcu.externaltools.gnu-tools-for-stm32.10.3-2021.10.win32_1.0.0.202111181127/tools/bin/../lib/gcc/arm-none-eabi/10.3.1/thumb/v7e-m+fp/hard/crtbegin.o
 *(.bss*)
 .bss.startTaskHandle
                0x0000000020000090        0x4 ./Core/Src/freertos.o
                0x0000000020000090                startTaskHandle
 .bss.LedGreenTaskHandle
                0x0000000020000094        0x4 ./Core/Src/freertos.o
                0x0000000020000094                LedGreenTaskHandle
 .bss.LedBlueTaskHandle
                0x0000000020000098        0x4 ./Core/Src/freertos.o
                0x0000000020000098                LedBlueTaskHandle
 .bss.xIdleTaskTCBBuffer
                0x000000002000009c       0xb4 ./Core/Src/freertos.o
 .bss.xIdleStack
                0x0000000020000150      0x200 ./Core/Src/freertos.o
 .bss.hsd1      0x0000000020000350       0x84 ./Core/Src/sdmmc.o
                0x0000000020000350                hsd1
 .bss.hdma_sdmmc1
                0x00000000200003d4       0x48 ./Core/Src/sdmmc.o
                0x00000000200003d4                hdma_sdmmc1
 .bss.htim1     0x000000002000041c       0x4c ./Core/Src/stm32l4xx_hal_timebase_tim.o
                0x000000002000041c                htim1
 .bss.huart1    0x0000000020000468       0x84 ./Core/Src/usart.o
                0x0000000020000468                huart1
 .bss.huart2    0x00000000200004ec       0x84 ./Core/Src/usart.o
                0x00000000200004ec                huart2
 .bss.huart3    0x0000000020000570       0x84 ./Core/Src/usart.o
                0x0000000020000570                huart3
 .bss.uwTick    0x00000000200005f4        0x4 ./Drivers/STM32L4xx_HAL_Driver/Src/stm32l4xx_hal.o
                0x00000000200005f4                uwTick
 .bss.retSD     0x00000000200005f8        0x1 ./FATFS/App/fatfs.o
                0x00000000200005f8                retSD
 *fill*         0x00000000200005f9        0x3 
 .bss.SDPath    0x00000000200005fc        0x4 ./FATFS/App/fatfs.o
                0x00000000200005fc                SDPath
 .bss.SDFatFS   0x0000000020000600      0x234 ./FATFS/App/fatfs.o
                0x0000000020000600                SDFatFS
 .bss.SDFile    0x0000000020000834      0x230 ./FATFS/App/fatfs.o