Archive member included to satisfy reference by file (symbol)

c:/st/stm32cubeide_1.8.0/stm32cubeide/plugins/com.st.stm32cube.ide.mcu.externaltools.gnu-tools-for-stm32.10.3-2021.10.win32_1.0.0.202111181127/tools/bin/../lib/gcc/arm-none-eabi/10.3.1/../../../../arm-none-eabi/lib/thumb/v7e-m+fp/hard\libc_nano.a(lib_a-errno.o)
                              ./Core/Src/syscalls.o (__errno)
c:/st/stm32cubeide_1.8.0/stm32cubeide/plugins/com.st.stm32cube.ide.mcu.externaltools.gnu-tools-for-stm32.10.3-2021.10.win32_1.0.0.202111181127/tools/bin/../lib/gcc/arm-none-eabi/10.3.1/../../../../arm-none-eabi/lib/thumb/v7e-m+fp/hard\libc_nano.a(lib_a-exit.o)
                              c:/st/stm32cubeide_1.8.0/stm32cubeide/plugins/com.st.stm32cube.ide.mcu.externaltools.gnu-tools-for-stm32.10.3-2021.10.win32_1.0.0.202111181127/tools/bin/../lib/gcc/arm-none-eabi/10.3.1/../../../../arm-none-eabi/lib/thumb/v7e-m+fp/hard/crt0.o (exit)
c:/st/stm32cubeide_1.8.0/stm32cubeide/plugins/com.st.stm32cube.ide.mcu.externaltools.gnu-tools-for-stm32.10.3-2021.10.win32_1.0.0.202111181127/tools/bin/../lib/gcc/arm-none-eabi/10.3.1/../../../../arm-none-eabi/lib/thumb/v7e-m+fp/hard\libc_nano.a(lib_a-findfp.o)
                              ./Middlewares/Third_Party/FreeRTOS/Source/tasks.o (__sf_fake_stderr)
c:/st/stm32cubeide_1.8.0/stm32cubeide/plugins/com.st.stm32cube.ide.mcu.externaltools.gnu-tools-for-stm32.10.3-2021.10.win32_1.0.0.202111181127/tools/bin/../lib/gcc/arm-none-eabi/10.3.1/../../../../arm-none-eabi/lib/thumb/v7e-m+fp/hard\libc_nano.a(lib_a-fwalk.o)
                              c:/st/stm32cubeide_1.8.0/stm32cubeide/plugins/com.st.stm32cube.ide.mcu.externaltools.gnu-tools-for-stm32.10.3-2021.10.win32_1.0.0.202111181127/tools/bin/../lib/gcc/arm-none-eabi/10.3.1/../../../../arm-none-eabi/lib/thumb/v7e-m+fp/hard\libc_nano.a(lib_a-findfp.o) (_fwalk)
c:/st/stm32cubeide_1.8.0/stm32cubeide/plugins/com.st.stm32cube.ide.mcu.externaltools.gnu-tools-for-stm32.10.3-2021.10.win32_1.0.0.202111181127/tools/bin/../lib/gcc/arm-none-eabi/10.3.1/../../../../arm-none-eabi/lib/thumb/v7e-m+fp/hard\libc_nano.a(lib_a-impure.o)
                              c:/st/stm32cubeide_1.8.0/stm32cubeide/plugins/com.st.stm32cube.ide.mcu.externaltools.gnu-tools-for-stm32.10.3-2021.10.win32_1.0.0.202111181127/tools/bin/../lib/gcc/arm-none-eabi/10.3.1/../../../../arm-none-eabi/lib/thumb/v7e-m+fp/hard\libc_nano.a(lib_a-exit.o) (_global_impure_ptr)
c:/st/stm32cubeide_1.8.0/stm32cubeide/plugins/com.st.stm32cube.ide.mcu.externaltools.gnu-tools-for-stm32.10.3-2021.10.win32_1.0.0.202111181127/tools/bin/../lib/gcc/arm-none-eabi/10.3.1/../../../../arm-none-eabi/lib/thumb/v7e-m+fp/hard\libc_nano.a(lib_a-init.o)
                              c:/st/stm32cubeide_1.8.0/stm32cubeide/plugins/com.st.stm32cube.ide.mcu.externaltools.gnu-tools-for-stm32.10.3-2021.10.win32_1.0.0.202111181127/tools/bin/../lib/gcc/arm-none-eabi/10.3.1/../../../../arm-none-eabi/lib/thumb/v7e-m+fp/hard/crt0.o (__libc_init_array)
c:/st/stm32cubeide_1.8.0/stm32cubeide/plugins/com.st.stm32cube.ide.mcu.externaltools.gnu-tools-for-stm32.10.3-2021.10.win32_1.0.0.202111181127/tools/bin/../lib/gcc/arm-none-eabi/10.3.1/../../../../arm-none-eabi/lib/thumb/v7e-m+fp/hard\libc_nano.a(lib_a-lock.o)
                              c:/st/stm32cubeide_1.8.0/stm32cubeide/plugins/com.st.stm32cube.ide.mcu.externaltools.gnu-tools-for-stm32.10.3-2021.10.win32_1.0.0.202111181127/tools/bin/../lib/gcc/arm-none-eabi/10.3.1/../../../../arm-none-eabi/lib/thumb/v7e-m+fp/hard\libc_nano.a(lib_a-findfp.o) (__retarget_lock_init_recursive)
c:/st/stm32cubeide_1.8.0/stm32cubeide/plugins/com.st.stm32cube.ide.mcu.externaltools.gnu-tools-for-stm32.10.3-2021.10.win32_1.0.0.202111181127/tools/bin/../lib/gcc/arm-none-eabi/10.3.1/../../../../arm-none-eabi/lib/thumb/v7e-m+fp/hard\libc_nano.a(lib_a-memcmp.o)
                              ./Middlewares/Third_Party/SEGGER/SEGGER/SEGGER_SYSVIEW_FreeRTOS.o (memcmp)
c:/st/stm32cubeide_1.8.0/stm32cubeide/plugins/com.st.stm32cube.ide.mcu.externaltools.gnu-tools-for-stm32.10.3-2021.10.win32_1.0.0.202111181127/tools/bin/../lib/gcc/arm-none-eabi/10.3.1/../../../../arm-none-eabi/lib/thumb/v7e-m+fp/hard\libc_nano.a(lib_a-memcpy-stub.o)
                              ./Core/Src/freertos.o (memcpy)
c:/st/stm32cubeide_1.8.0/stm32cubeide/plugins/com.st.stm32cube.ide.mcu.externaltools.gnu-tools-for-stm32.10.3-2021.10.win32_1.0.0.202111181127/tools/bin/../lib/gcc/arm-none-eabi/10.3.1/../../../../arm-none-eabi/lib/thumb/v7e-m+fp/hard\libc_nano.a(lib_a-memset.o)
                              c:/st/stm32cubeide_1.8.0/stm32cubeide/plugins/com.st.stm32cube.ide.mcu.externaltools.gnu-tools-for-stm32.10.3-2021.10.win32_1.0.0.202111181127/tools/bin/../lib/gcc/arm-none-eabi/10.3.1/../../../../arm-none-eabi/lib/thumb/v7e-m+fp/hard/crt0.o (memset)
[...]
Memory Configuration

Name             Origin             Length             Attributes
RAM              0x0000000020000000 0x0000000000050000 xrw
RAM2             0x0000000010000000 0x0000000000010000 xrw
FLASH            0x0000000008000000 0x0000000000100000 xr
*default*        0x0000000000000000 0xffffffffffffffff

Linker script and memory map

LOAD c:/st/stm32cubeide_1.8.0/stm32cubeide/plugins/com.st.stm32cube.ide.mcu.externaltools.gnu-tools-for-stm32.10.3-2021.10.win32_1.0.0.202111181127/tools/bin/../lib/gcc/arm-none-eabi/10.3.1/thumb/v7e-m+fp/hard/crti.o
LOAD c:/st/stm32cubeide_1.8.0/stm32cubeide/plugins/com.st.stm32cube.ide.mcu.externaltools.gnu-tools-for-stm32.10.3-2021.10.win32_1.0.0.202111181127/tools/bin/../lib/gcc/arm-none-eabi/10.3.1/thumb/v7e-m+fp/hard/crtbegin.o
LOAD c:/st/stm32cubeide_1.8.0/stm32cubeide/plugins/com.st.stm32cube.ide.mcu.externaltools.gnu-tools-for-stm32.10.3-2021.10.win32_1.0.0.202111181127/tools/bin/../lib/gcc/arm-none-eabi/10.3.1/../../../../arm-none-eabi/lib/thumb/v7e-m+fp/hard/crt0.o
LOAD ./Core/Src/dma.o
LOAD ./Core/Src/freertos.o
LOAD ./Core/Src/gpio.o
LOAD ./Core/Src/main.o
LOAD ./Core/Src/sdmmc.o
LOAD ./Core/Src/stm32l4xx_hal_msp.o
LOAD ./Core/Src/stm32l4xx_hal_timebase_tim.o
LOAD ./Core/Src/stm32l4xx_it.o
LOAD ./Core/Src/syscalls.o
LOAD ./Core/Src/sysmem.o
LOAD ./Core/Src/system_stm32l4xx.o
LOAD ./Core/Src/usart.o
LOAD ./Core/Src/usb_otg.o
LOAD ./Core/Startup/startup_stm32l496vgtx.o
LOAD ./Drivers/STM32L4xx_HAL_Driver/Src/stm32l4xx_hal.o
LOAD ./Drivers/STM32L4xx_HAL_Driver/Src/stm32l4xx_hal_cortex.o
LOAD ./Drivers/STM32L4xx_HAL_Driver/Src/stm32l4xx_hal_dma.o
LOAD ./Drivers/STM32L4xx_HAL_Driver/Src/stm32l4xx_hal_dma_ex.o
LOAD ./Drivers/STM32L4xx_HAL_Driver/Src/stm32l4xx_hal_exti.o
LOAD ./Drivers/STM32L4xx_HAL_Driver/Src/stm32l4xx_hal_flash.o
LOAD ./Drivers/STM32L4xx_HAL_Driver/Src/stm32l4xx_hal_flash_ex.o
LOAD ./Drivers/STM32L4xx_HAL_Driver/Src/stm32l4xx_hal_flash_ramfunc.o
LOAD ./Drivers/STM32L4xx_HAL_Driver/Src/stm32l4xx_hal_gpio.o
LOAD ./Drivers/STM32L4xx_HAL_Driver/Src/stm32l4xx_hal_i2c.o
LOAD ./Drivers/STM32L4xx_HAL_Driver/Src/stm32l4xx_hal_i2c_ex.o
LOAD ./Drivers/STM32L4xx_HAL_Driver/Src/stm32l4xx_hal_pcd.o
LOAD ./Drivers/STM32L4xx_HAL_Driver/Src/stm32l4xx_hal_pcd_ex.o
LOAD ./Drivers/STM32L4xx_HAL_Driver/Src/stm32l4xx_hal_pwr.o
LOAD ./Drivers/STM32L4xx_HAL_Driver/Src/stm32l4xx_hal_pwr_ex.o
LOAD ./Drivers/STM32L4xx_HAL_Driver/Src/stm32l4xx_hal_rcc.o
LOAD ./Drivers/STM32L4xx_HAL_Driver/Src/stm32l4xx_hal_rcc_ex.o
LOAD ./Drivers/STM32L4xx_HAL_Driver/Src/stm32l4xx_hal_sd.o
LOAD ./Drivers/STM32L4xx_HAL_Driver/Src/stm32l4xx_hal_sd_ex.o
LOAD ./Drivers/STM32L4xx_HAL_Driver/Src/stm32l4xx_hal_tim.o
LOAD ./Drivers/STM32L4xx_HAL_Driver/Src/stm32l4xx_hal_tim_ex.o
LOAD ./Drivers/STM32L4xx_HAL_Driver/Src/stm32l4xx_hal_uart.o
LOAD ./Drivers/STM32L4xx_HAL_Driver/Src/stm32l4xx_hal_uart_ex.o
LOAD ./Drivers/STM32L4xx_HAL_Driver/Src/stm32l4xx_ll_sdmmc.o
LOAD ./Drivers/STM32L4xx_HAL_Driver/Src/stm32l4xx_ll_usb.o
LOAD ./FATFS/App/fatfs.o
LOAD ./FATFS/Target/bsp_driver_mm.o
LOAD ./FATFS/Target/bsp_driver_sd.o
LOAD ./FATFS/Target/fatfs_platform.o
LOAD ./FATFS/Target/sd_diskio.o
LOAD ./Middlewares/Third_Party/FatFs/src/diskio.o
LOAD ./Middlewares/Third_Party/FatFs/src/ff.o
LOAD ./Middlewares/Third_Party/FatFs/src/ff_gen_drv.o
LOAD ./Middlewares/Third_Party/FatFs/src/option/syscall.o
LOAD ./Middlewares/Third_Party/FreeRTOS/Source/CMSIS_RTOS/cmsis_os.o
LOAD ./Middlewares/Third_Party/FreeRTOS/Source/croutine.o
LOAD ./Middlewares/Third_Party/FreeRTOS/Source/event_groups.o
LOAD ./Middlewares/Third_Party/FreeRTOS/Source/list.o
LOAD ./Middlewares/Third_Party/FreeRTOS/Source/queue.o
LOAD ./Middlewares/Third_Party/FreeRTOS/Source/stream_buffer.o
LOAD ./Middlewares/Third_Party/FreeRTOS/Source/tasks.o
LOAD ./Middlewares/Third_Party/FreeRTOS/Source/timers.o
LOAD ./Middlewares/Third_Party/FreeRTOS/Source/portable/GCC/ARM_CM4F/port.o
LOAD ./Middlewares/Third_Party/FreeRTOS/Source/portable/MemMang/heap_4.o
LOAD ./Middlewares/Third_Party/SEGGER/SEGGER/SEGGER_RTT.o
LOAD ./Middlewares/Third_Party/SEGGER/SEGGER/SEGGER_RTT_ASM_ARMv7M.o
LOAD ./Middlewares/Third_Party/SEGGER/SEGGER/SEGGER_RTT_printf.o
LOAD ./Middlewares/Third_Party/SEGGER/SEGGER/SEGGER_SYSVIEW.o
LOAD ./Middlewares/Third_Party/SEGGER/SEGGER/SEGGER_SYSVIEW_Config_FreeRTOS.o
LOAD ./Middlewares/Third_Party/SEGGER/SEGGER/SEGGER_SYSVIEW_FreeRTOS.o
START GROUP
LOAD c:/st/stm32cubeide_1.8.0/stm32cubeide/plugins/com.st.stm32cube.ide.mcu.externaltools.gnu-tools-for-stm32.10.3-2021.10.win32_1.0.0.202111181127/tools/bin/../lib/gcc/arm-none-eabi/10.3.1/../../../../arm-none-eabi/lib/thumb/v7e-m+fp/hard\libc_nano.a
LOAD c:/st/stm32cubeide_1.8.0/stm32cubeide/plugins/com.st.stm32cube.ide.mcu.externaltools.gnu-tools-for-stm32.10.3-2021.10.win32_1.0.0.202111181127/tools/bin/../lib/gcc/arm-none-eabi/10.3.1/../../../../arm-none-eabi/lib/thumb/v7e-m+fp/hard\libm.a
END GROUP
START GROUP
LOAD c:/st/stm32cubeide_1.8.0/stm32cubeide/plugins/com.st.stm32cube.ide.mcu.externaltools.gnu-tools-for-stm32.10.3-2021.10.win32_1.0.0.202111181127/tools/bin/../lib/gcc/arm-none-eabi/10.3.1/thumb/v7e-m+fp/hard\libgcc.a
LOAD c:/st/stm32cubeide_1.8.0/stm32cubeide/plugins/com.st.stm32cube.ide.mcu.externaltools.gnu-tools-for-stm32.10.3-2021.10.win32_1.0.0.202111181127/tools/bin/../lib/gcc/arm-none-eabi/10.3.1/../../../../arm-none-eabi/lib/thumb/v7e-m+fp/hard\libc_nano.a
END GROUP
START GROUP
LOAD c:/st/stm32cubeide_1.8.0/stm32cubeide/plugins/com.st.stm32cube.ide.mcu.externaltools.gnu-tools-for-stm32.10.3-2021.10.win32_1.0.0.202111181127/tools/bin/../lib/gcc/arm-none-eabi/10.3.1/thumb/v7e-m+fp/hard\libgcc.a
LOAD c:/st/stm32cubeide_1.8.0/stm32cubeide/plugins/com.st.stm32cube.ide.mcu.externaltools.gnu-tools-for-stm32.10.3-2021.10.win32_1.0.0.202111181127/tools/bin/../lib/gcc/arm-none-eabi/10.3.1/../../../../arm-none-eabi/lib/thumb/v7e-m+fp/hard\libc_nano.a
LOAD c:/st/stm32cubeide_1.8.0/stm32cubeide/plugins/com.st.stm32cube.ide.mcu.externaltools.gnu-tools-for-stm32.10.3-2021.10.win32_1.0.0.202111181127/tools/bin/../lib/gcc/arm-none-eabi/10.3.1/../../../../arm-none-eabi/lib/thumb/v7e-m+fp/hard\libnosys.a
END GROUP
START GROUP
LOAD c:/st/stm32cubeide_1.8.0/stm32cubeide/plugins/com.st.stm32cube.ide.mcu.externaltools.gnu-tools-for-stm32.10.3-2021.10.win32_1.0.0.202111181127/tools/bin/../lib/gcc/arm-none-eabi/10.3.1/thumb/v7e-m+fp/hard\libgcc.a
LOAD c:/st/stm32cubeide_1.8.0/stm32cubeide/plugins/com.st.stm32cube.ide.mcu.externaltools.gnu-tools-for-stm32.10.3-2021.10.win32_1.0.0.202111181127/tools/bin/../lib/gcc/arm-none-eabi/10.3.1/../../../../arm-none-eabi/lib/thumb/v7e-m+fp/hard\libc_nano.a
LOAD c:/st/stm32cubeide_1.8.0/stm32cubeide/plugins/com.st.stm32cube.ide.mcu.externaltools.gnu-tools-for-stm32.10.3-2021.10.win32_1.0.0.202111181127/tools/bin/../lib/gcc/arm-none-eabi/10.3.1/../../../../arm-none-eabi/lib/thumb/v7e-m+fp/hard\libnosys.a
END GROUP
LOAD c:/st/stm32cubeide_1.8.0/stm32cubeide/plugins/com.st.stm32cube.ide.mcu.externaltools.gnu-tools-for-stm32.10.3-2021.10.win32_1.0.0.202111181127/tools/bin/../lib/gcc/arm-none-eabi/10.3.1/thumb/v7e-m+fp/hard/crtend.o
LOAD c:/st/stm32cubeide_1.8.0/stm32cubeide/plugins/com.st.stm32cube.ide.mcu.externaltools.gnu-tools-for-stm32.10.3-2021.10.win32_1.0.0.202111181127/tools/bin/../lib/gcc/arm-none-eabi/10.3.1/thumb/v7e-m+fp/hard/crtn.o
                0x0000000020050000                _estack = (ORIGIN (RAM) + LENGTH (RAM))
                0x0000000000000400                _Min_Heap_Size = 0x400
                0x0000000000000800                _Min_Stack_Size = 0x800

.isr_vector     0x0000000008000000      0x1ac
                0x0000000008000000                . = ALIGN (0x4)
 *(.isr_vector)
 .isr_vector    0x0000000008000000      0x1ac ./Core/Startup/startup_stm32l496vgtx.o
                0x0000000008000000                g_pfnVectors
                0x00000000080001ac                . = ALIGN (0x4)

.text           0x00000000080001b0    0x11688
                0x00000000080001b0                . = ALIGN (0x4)
 *(.text)
 .text          0x00000000080001b0       0x40 c:/st/stm32cubeide_1.8.0/stm32cubeide/plugins/com.st.stm32cube.ide.mcu.externaltools.gnu-tools-for-stm32.10.3-2021.10.win32_1.0.0.202111181127/tools/bin/../lib/gcc/arm-none-eabi/10.3.1/thumb/v7e-m+fp/hard/crtbegin.o
 .text          0x00000000080001f0       0x94 ./Middlewares/Third_Party/SEGGER/SEGGER/SEGGER_RTT_ASM_ARMv7M.o
                0x00000000080001f0                SEGGER_RTT_ASM_WriteSkipNoLock
 .text          0x0000000008000284       0x30 c:/st/stm32cubeide_1.8.0/stm32cubeide/plugins/com.st.stm32cube.ide.mcu.externaltools.gnu-tools-for-stm32.10.3-2021.10.win32_1.0.0.202111181127/tools/bin/../lib/gcc/arm-none-eabi/10.3.1/thumb/v7e-m+fp/hard\libgcc.a(_aeabi_uldivmod.o)
                0x0000000008000284                __aeabi_uldivmod
 .text          0x00000000080002b4      0x2d0 c:/st/stm32cubeide_1.8.0/stm32cubeide/plugins/com.st.stm32cube.ide.mcu.externaltools.gnu-tools-for-stm32.10.3-2021.10.win32_1.0.0.202111181127/tools/bin/../lib/gcc/arm-none-eabi/10.3.1/thumb/v7e-m+fp/hard\libgcc.a(_udivmoddi4.o)
                0x00000000080002b4                __udivmoddi4
 .text          0x0000000008000584        0x4 c:/st/stm32cubeide_1.8.0/stm32cubeide/plugins/com.st.stm32cube.ide.mcu.externaltools.gnu-tools-for-stm32.10.3-2021.10.win32_1.0.0.202111181127/tools/bin/../lib/gcc/arm-none-eabi/10.3.1/thumb/v7e-m+fp/hard\libgcc.a(_dvmd_tls.o)
                0x0000000008000584                __aeabi_idiv0
                0x0000000008000584                __aeabi_ldiv0
 *(.text*)
 .text.MX_DMA_Init
                0x0000000008000588       0x3c ./Core/Src/dma.o
                0x0000000008000588                MX_DMA_Init
 .text.vApplicationGetIdleTaskMemory
                0x00000000080005c4       0x34 ./Core/Src/freertos.o
                0x00000000080005c4                vApplicationGetIdleTaskMemory
 .text.MX_FREERTOS_Init
                0x00000000080005f8       0x38 ./Core/Src/freertos.o
                0x00000000080005f8                MX_FREERTOS_Init
 .text.StartDefaultTask
                0x0000000008000630       0x8c ./Core/Src/freertos.o
                0x0000000008000630                StartDefaultTask
 .text.SD_FileOperationsTest
                0x00000000080006bc      0x10c ./Core/Src/freertos.o
                0x00000000080006bc                SD_FileOperationsTest
 .text.LedBlueTask
                0x00000000080007c8       0x20 ./Core/Src/freertos.o
                0x00000000080007c8                LedBlueTask
 .text.LedGreenTask
                0x00000000080007e8       0x1a ./Core/Src/freertos.o
                0x00000000080007e8                LedGreenTask
 *fill*         0x0000000008000802        0x2 
 .text.MX_GPIO_Init
                0x0000000008000804      0x1cc ./Core/Src/gpio.o
                0x0000000008000804                MX_GPIO_Init
 .text.main     0x00000000080009d0       0x3a ./Core/Src/main.o
                0x00000000080009d0                main
 .text.SystemClock_Config
                0x0000000008000a0a       0xa6 ./Core/Src/main.o
                0x0000000008000a0a                SystemClock_Config
 .text.HAL_TIM_PeriodElapsedCallback
                0x0000000008000ab0       0x24 ./Core/Src/main.o
                0x0000000008000ab0                HAL_TIM_PeriodElapsedCallback
 .text.Error_Handler
                0x0000000008000ad4        0xa ./Core/Src/main.o
                0x0000000008000ad4                Error_Handler
 .text.assert_failed
                0x0000000008000ade       0x16 ./Core/Src/main.o
                0x0000000008000ade                assert_failed
 .text.MX_SDMMC1_SD_Init
                0x0000000008000af4       0x40 ./Core/Src/sdmmc.o
                0x0000000008000af4                MX_SDMMC1_SD_Init
 .text.HAL_SD_MspInit
                0x0000000008000b34      0x184 ./Core/Src/sdmmc.o
                0x0000000008000b34                HAL_SD_MspInit
 .text.HAL_MspInit
                0x0000000008000cb8       0x50 ./Core/Src/stm32l4xx_hal_msp.o
                0x0000000008000cb8                HAL_MspInit
 .text.HAL_InitTick
                0x0000000008000d08       0xdc ./Core/Src/stm32l4xx_hal_timebase_tim.o
                0x0000000008000d08                HAL_InitTick
 .text.NMI_Handler
                0x0000000008000de4        0x6 ./Core/Src/stm32l4xx_it.o
                0x0000000008000de4                NMI_Handler
 .text.HardFault_Handler
                0x0000000008000dea        0x6 ./Core/Src/stm32l4xx_it.o
                0x0000000008000dea                HardFault_Handler
 .text.MemManage_Handler
                0x0000000008000df0        0x6 ./Core/Src/stm32l4xx_it.o
                0x0000000008000df0                MemManage_Handler
 .text.BusFault_Handler
                0x0000000008000df6        0x6 ./Core/Src/stm32l4xx_it.o
                0x0000000008000df6                BusFault_Handler
 .text.UsageFault_Handler
                0x0000000008000dfc        0x6 ./Core/Src/stm32l4xx_it.o
                0x0000000008000dfc                UsageFault_Handler
 .text.DebugMon_Handler
                0x0000000008000e02        0xe ./Core/Src/stm32l4xx_it.o
                0x0000000008000e02                DebugMon_Handler
 .text.TIM1_UP_TIM16_IRQHandler
                0x0000000008000e10       0x14 ./Core/Src/stm32l4xx_it.o
                0x0000000008000e10                TIM1_UP_TIM16_IRQHandler
 .text.USART1_IRQHandler
                0x0000000008000e24       0x14 ./Core/Src/stm32l4xx_it.o
                0x0000000008000e24                USART1_IRQHandler
 .text.USART2_IRQHandler
                0x0000000008000e38       0x14 ./Core/Src/stm32l4xx_it.o
                0x0000000008000e38                USART2_IRQHandler
 .text.USART3_IRQHandler
                0x0000000008000e4c       0x14 ./Core/Src/stm32l4xx_it.o
                0x0000000008000e4c                USART3_IRQHandler
 .text.SDMMC1_IRQHandler
                0x0000000008000e60       0x14 ./Core/Src/stm32l4xx_it.o
                0x0000000008000e60                SDMMC1_IRQHandler
 .text.DMA2_Channel4_IRQHandler
                0x0000000008000e74       0x14 ./Core/Src/stm32l4xx_it.o
                0x0000000008000e74                DMA2_Channel4_IRQHandler
 .text.SystemInit
                0x0000000008000e88       0x24 ./Core/Src/system_stm32l4xx.o
                0x0000000008000e88                SystemInit
 .text.MX_USART1_UART_Init
                0x0000000008000eac       0x60 ./Core/Src/usart.o
                0x0000000008000eac                MX_USART1_UART_Init
 .text.MX_USART2_UART_Init
                0x0000000008000f0c       0x60 ./Core/Src/usart.o
                0x0000000008000f0c                MX_USART2_UART_Init
 .text.MX_USART3_UART_Init
                0x0000000008000f6c       0x60 ./Core/Src/usart.o
                0x0000000008000f6c                MX_USART3_UART_Init
 .text.HAL_UART_MspInit
                0x0000000008000fcc      0x244 ./Core/Src/usart.o
                0x0000000008000fcc                HAL_UART_MspInit
 .text.MX_USB_OTG_FS_PCD_Init
                0x0000000008001210       0x5c ./Core/Src/usb_otg.o
                0x0000000008001210                MX_USB_OTG_FS_PCD_Init
 .text.HAL_PCD_MspInit
                0x000000000800126c       0xf4 ./Core/Src/usb_otg.o
                0x000000000800126c                HAL_PCD_MspInit
 .text.Reset_Handler
                0x0000000008001360       0x50 ./Core/Startup/startup_stm32l496vgtx.o
                0x0000000008001360                Reset_Handler
 .text.Default_Handler
                0x00000000080013b0        0x2 ./Core/Startup/startup_stm32l496vgtx.o
                0x00000000080013b0                RTC_Alarm_IRQHandler
                0x00000000080013b0                EXTI2_IRQHandler
                0x00000000080013b0                TIM8_TRG_COM_IRQHandler
                0x00000000080013b0                TIM8_CC_IRQHandler
                0x00000000080013b0                TIM1_CC_IRQHandler
                0x00000000080013b0                TSC_IRQHandler
                0x00000000080013b0                TAMP_STAMP_IRQHandler
                0x00000000080013b0                CAN2_RX1_IRQHandler
                0x00000000080013b0                EXTI3_IRQHandler
                0x00000000080013b0                LPTIM2_IRQHandler
                0x00000000080013b0                DFSDM1_FLT1_IRQHandler
                0x00000000080013b0                I2C3_ER_IRQHandler
                0x00000000080013b0                DFSDM1_FLT2_IRQHandler
                0x00000000080013b0                EXTI0_IRQHandler
                0x00000000080013b0                I2C2_EV_IRQHandler
                0x00000000080013b0                CAN1_RX0_IRQHandler
                0x00000000080013b0                FPU_IRQHandler
                0x00000000080013b0                CAN2_SCE_IRQHandler
                0x00000000080013b0                ADC1_2_IRQHandler
                0x00000000080013b0                SPI1_IRQHandler
                0x00000000080013b0                TIM6_DAC_IRQHandler
                0x00000000080013b0                DCMI_IRQHandler
                0x00000000080013b0                CAN2_RX0_IRQHandler
                0x00000000080013b0                TIM8_UP_IRQHandler
                0x00000000080013b0                DMA2_Channel2_IRQHandler
                0x00000000080013b0                DMA1_Channel4_IRQHandler
                0x00000000080013b0                SAI2_IRQHandler
                0x00000000080013b0                DFSDM1_FLT3_IRQHandler
                0x00000000080013b0                DMA1_Channel7_IRQHandler
                0x00000000080013b0                CAN1_RX1_IRQHandler
                0x00000000080013b0                LCD_IRQHandler
                0x00000000080013b0                UART5_IRQHandler
                0x00000000080013b0                ADC3_IRQHandler
                0x00000000080013b0                TIM4_IRQHandler
                0x00000000080013b0                DMA2_Channel1_IRQHandler
                0x00000000080013b0                QUADSPI_IRQHandler
                0x00000000080013b0                I2C1_EV_IRQHandler
                0x00000000080013b0                DMA1_Channel6_IRQHandler
                0x00000000080013b0                UART4_IRQHandler
                0x00000000080013b0                TIM3_IRQHandler
                0x00000000080013b0                RCC_IRQHandler
                0x00000000080013b0                DMA1_Channel1_IRQHandler
                0x00000000080013b0                Default_Handler
                0x00000000080013b0                DMA2_Channel7_IRQHandler
                0x00000000080013b0                EXTI15_10_IRQHandler
                0x00000000080013b0                TIM7_IRQHandler
                0x00000000080013b0                CAN2_TX_IRQHandler
                0x00000000080013b0                TIM5_IRQHandler
                0x00000000080013b0                I2C3_EV_IRQHandler
                0x00000000080013b0                EXTI9_5_IRQHandler
                0x00000000080013b0                RTC_WKUP_IRQHandler
                0x00000000080013b0                PVD_PVM_IRQHandler
                0x00000000080013b0                SPI2_IRQHandler
                0x00000000080013b0                CAN1_TX_IRQHandler
                0x00000000080013b0                DMA2_Channel5_IRQHandler
                0x00000000080013b0                CRS_IRQHandler
                0x00000000080013b0                DMA1_Channel5_IRQHandler
                0x00000000080013b0                EXTI4_IRQHandler
                0x00000000080013b0                RNG_IRQHandler
                0x00000000080013b0                TIM1_TRG_COM_TIM17_IRQHandler
                0x00000000080013b0                DMA1_Channel3_IRQHandler
                0x00000000080013b0                COMP_IRQHandler
                0x00000000080013b0                WWDG_IRQHandler
                0x00000000080013b0                I2C4_EV_IRQHandler
                0x00000000080013b0                LPUART1_IRQHandler
                0x00000000080013b0                DMA2_Channel6_IRQHandler
                0x00000000080013b0                TIM2_IRQHandler
                0x00000000080013b0                EXTI1_IRQHandler
                0x00000000080013b0                DFSDM1_FLT0_IRQHandler
                0x00000000080013b0                I2C2_ER_IRQHandler
                0x00000000080013b0                DMA1_Channel2_IRQHandler
                0x00000000080013b0                TIM8_BRK_IRQHandler
                0x00000000080013b0                CAN1_SCE_IRQHandler
                0x00000000080013b0                FLASH_IRQHandler
                0x00000000080013b0                OTG_FS_IRQHandler
                0x00000000080013b0                SPI3_IRQHandler
                0x00000000080013b0                I2C1_ER_IRQHandler
                0x00000000080013b0                FMC_IRQHandler
                0x00000000080013b0                SWPMI1_IRQHandler
                0x00000000080013b0                LPTIM1_IRQHandler
                0x00000000080013b0                I2C4_ER_IRQHandler
                0x00000000080013b0                SAI1_IRQHandler
                0x00000000080013b0                DMA2_Channel3_IRQHandler
                0x00000000080013b0                TIM1_BRK_TIM15_IRQHandler
 .text.HAL_Init
                0x00000000080013b2       0x30 ./Drivers/STM32L4xx_HAL_Driver/Src/stm32l4xx_hal.o
                0x00000000080013b2                HAL_Init
 *fill*         0x00000000080013e2        0x2 
 .text.HAL_IncTick
                0x00000000080013e4       0x28 ./Drivers/STM32L4xx_HAL_Driver/Src/stm32l4xx_hal.o
                0x00000000080013e4                HAL_IncTick
 .text.HAL_GetTick
                0x000000000800140c       0x18 ./Drivers/STM32L4xx_HAL_Driver/Src/stm32l4xx_hal.o
                0x000000000800140c                HAL_GetTick
 .text.HAL_Delay
                0x0000000008001424       0x48 ./Drivers/STM32L4xx_HAL_Driver/Src/stm32l4xx_hal.o
                0x0000000008001424                HAL_Delay
 .text.__NVIC_SetPriorityGrouping
                0x000000000800146c       0x48 ./Drivers/STM32L4xx_HAL_Driver/Src/stm32l4xx_hal_cortex.o
 .text.__NVIC_GetPriorityGrouping
                0x00000000080014b4       0x1c ./Drivers/STM32L4xx_HAL_Driver/Src/stm32l4xx_hal_cortex.o
 .text.__NVIC_EnableIRQ
                0x00000000080014d0       0x3c ./Drivers/STM32L4xx_HAL_Driver/Src/stm32l4xx_hal_cortex.o
 .text.__NVIC_SetPriority
                0x000000000800150c       0x54 ./Drivers/STM32L4xx_HAL_Driver/Src/stm32l4xx_hal_cortex.o
 .text.NVIC_EncodePriority
                0x0000000008001560       0x66 ./Drivers/STM32L4xx_HAL_Driver/Src/stm32l4xx_hal_cortex.o
 *fill*         0x00000000080015c6        0x2 
 .text.HAL_NVIC_SetPriorityGrouping
                0x00000000080015c8       0x40 ./Drivers/STM32L4xx_HAL_Driver/Src/stm32l4xx_hal_cortex.o
                0x00000000080015c8                HAL_NVIC_SetPriorityGrouping
 .text.HAL_NVIC_SetPriority
                0x0000000008001608       0x58 ./Drivers/STM32L4xx_HAL_Driver/Src/stm32l4xx_hal_cortex.o
                0x0000000008001608                HAL_NVIC_SetPriority
 .text.HAL_NVIC_EnableIRQ
                0x0000000008001660       0x30 ./Drivers/STM32L4xx_HAL_Driver/Src/stm32l4xx_hal_cortex.o
                0x0000000008001660                HAL_NVIC_EnableIRQ
 .text.HAL_DMA_Init
                0x0000000008001690      0x370 ./Drivers/STM32L4xx_HAL_Driver/Src/stm32l4xx_hal_dma.o
                0x0000000008001690                HAL_DMA_Init
 .text.HAL_DMA_DeInit
                0x0000000008001a00      0x1f4 ./Drivers/STM32L4xx_HAL_Driver/Src/stm32l4xx_hal_dma.o
                0x0000000008001a00                HAL_DMA_DeInit
 .text.HAL_DMA_Start_IT
                0x0000000008001bf4       0xdc ./Drivers/STM32L4xx_HAL_Driver/Src/stm32l4xx_hal_dma.o
                0x0000000008001bf4                HAL_DMA_Start_IT
 .text.HAL_DMA_Abort
                0x0000000008001cd0       0x7c ./Drivers/STM32L4xx_HAL_Driver/Src/stm32l4xx_hal_dma.o
                0x0000000008001cd0                HAL_DMA_Abort
 .text.HAL_DMA_Abort_IT
                0x0000000008001d4c       0x82 ./Drivers/STM32L4xx_HAL_Driver/Src/stm32l4xx_hal_dma.o
                0x0000000008001d4c                HAL_DMA_Abort_IT
 .text.HAL_DMA_IRQHandler
                0x0000000008001dce      0x15e ./Drivers/STM32L4xx_HAL_Driver/Src/stm32l4xx_hal_dma.o
                0x0000000008001dce                HAL_DMA_IRQHandler
 .text.DMA_SetConfig
                0x0000000008001f2c       0x60 ./Drivers/STM32L4xx_HAL_Driver/Src/stm32l4xx_hal_dma.o
 .text.HAL_GPIO_Init
                0x0000000008001f8c      0x4fc ./Drivers/STM32L4xx_HAL_Driver/Src/stm32l4xx_hal_gpio.o
                0x0000000008001f8c                HAL_GPIO_Init
 .text.HAL_GPIO_ReadPin
                0x0000000008002488       0x4c ./Drivers/STM32L4xx_HAL_Driver/Src/stm32l4xx_hal_gpio.o
                0x0000000008002488                HAL_GPIO_ReadPin
 .text.HAL_GPIO_WritePin
                0x00000000080024d4       0x60 ./Drivers/STM32L4xx_HAL_Driver/Src/stm32l4xx_hal_gpio.o
                0x00000000080024d4                HAL_GPIO_WritePin
 .text.HAL_GPIO_TogglePin
                0x0000000008002534       0x50 ./Drivers/STM32L4xx_HAL_Driver/Src/stm32l4xx_hal_gpio.o
                0x0000000008002534                HAL_GPIO_TogglePin
 .text.HAL_PCD_Init
                0x0000000008002584      0x260 ./Drivers/STM32L4xx_HAL_Driver/Src/stm32l4xx_hal_pcd.o
                0x0000000008002584                HAL_PCD_Init
 .text.HAL_PCDEx_ActivateLPM
                0x00000000080027e4       0x48 ./Drivers/STM32L4xx_HAL_Driver/Src/stm32l4xx_hal_pcd_ex.o
                0x00000000080027e4                HAL_PCDEx_ActivateLPM
 .text.HAL_PWREx_GetVoltageRange
                0x000000000800282c       0x1c ./Drivers/STM32L4xx_HAL_Driver/Src/stm32l4xx_hal_pwr_ex.o
                0x000000000800282c                HAL_PWREx_GetVoltageRange
 .text.HAL_PWREx_ControlVoltageScaling
                0x0000000008002848       0xc4 ./Drivers/STM32L4xx_HAL_Driver/Src/stm32l4xx_hal_pwr_ex.o
                0x0000000008002848                HAL_PWREx_ControlVoltageScaling
 .text.HAL_PWREx_EnableVddUSB
                0x000000000800290c       0x20 ./Drivers/STM32L4xx_HAL_Driver/Src/stm32l4xx_hal_pwr_ex.o
                0x000000000800290c                HAL_PWREx_EnableVddUSB
 .text.HAL_RCC_OscConfig
                0x000000000800292c      0xaa4 ./Drivers/STM32L4xx_HAL_Driver/Src/stm32l4xx_hal_rcc.o
                0x000000000800292c                HAL_RCC_OscConfig
 .text.HAL_RCC_ClockConfig
                0x00000000080033d0      0x340 ./Drivers/STM32L4xx_HAL_Driver/Src/stm32l4xx_hal_rcc.o
                0x00000000080033d0                HAL_RCC_ClockConfig
 .text.HAL_RCC_GetSysClockFreq
                0x0000000008003710      0x118 ./Drivers/STM32L4xx_HAL_Driver/Src/stm32l4xx_hal_rcc.o
                0x0000000008003710                HAL_RCC_GetSysClockFreq
 .text.HAL_RCC_GetHCLKFreq
                0x0000000008003828       0x18 ./Drivers/STM32L4xx_HAL_Driver/Src/stm32l4xx_hal_rcc.o
                0x0000000008003828                HAL_RCC_GetHCLKFreq
 .text.HAL_RCC_GetPCLK1Freq
                0x0000000008003840       0x2c ./Drivers/STM32L4xx_HAL_Driver/Src/stm32l4xx_hal_rcc.o
                0x0000000008003840                HAL_RCC_GetPCLK1Freq
 .text.HAL_RCC_GetPCLK2Freq
                0x000000000800386c       0x2c ./Drivers/STM32L4xx_HAL_Driver/Src/stm32l4xx_hal_rcc.o
                0x000000000800386c                HAL_RCC_GetPCLK2Freq
 .text.HAL_RCC_GetClockConfig
                0x0000000008003898       0x84 ./Drivers/STM32L4xx_HAL_Driver/Src/stm32l4xx_hal_rcc.o
                0x0000000008003898                HAL_RCC_GetClockConfig
 .text.RCC_SetFlashLatencyFromMSIRange
                0x000000000800391c       0xc0 ./Drivers/STM32L4xx_HAL_Driver/Src/stm32l4xx_hal_rcc.o
 .text.HAL_RCCEx_PeriphCLKConfig
                0x00000000080039dc      0x9cc ./Drivers/STM32L4xx_HAL_Driver/Src/stm32l4xx_hal_rcc_ex.o
                0x00000000080039dc                HAL_RCCEx_PeriphCLKConfig
 .text.HAL_RCCEx_GetPeriphCLKFreq
                0x00000000080043a8      0xb94 ./Drivers/STM32L4xx_HAL_Driver/Src/stm32l4xx_hal_rcc_ex.o
                0x00000000080043a8                HAL_RCCEx_GetPeriphCLKFreq
 .text.RCCEx_PLLSAI1_Config
                0x0000000008004f3c      0x300 ./Drivers/STM32L4xx_HAL_Driver/Src/stm32l4xx_hal_rcc_ex.o
 .text.RCCEx_PLLSAI2_Config
                0x000000000800523c      0x294 ./Drivers/STM32L4xx_HAL_Driver/Src/stm32l4xx_hal_rcc_ex.o
 .text.RCCEx_GetSAIxPeriphCLKFreq
                0x00000000080054d0      0x204 ./Drivers/STM32L4xx_HAL_Driver/Src/stm32l4xx_hal_rcc_ex.o
 .text.HAL_SD_Init
                0x00000000080056d4      0x124 ./Drivers/STM32L4xx_HAL_Driver/Src/stm32l4xx_hal_sd.o
                0x00000000080056d4                HAL_SD_Init
 .text.HAL_SD_InitCard
                0x00000000080057f8      0x14c ./Drivers/STM32L4xx_HAL_Driver/Src/stm32l4xx_hal_sd.o
                0x00000000080057f8                HAL_SD_InitCard
 .text.HAL_SD_ReadBlocks_DMA
                0x0000000008005944      0x190 ./Drivers/STM32L4xx_HAL_Driver/Src/stm32l4xx_hal_sd.o
                0x0000000008005944                HAL_SD_ReadBlocks_DMA
 .text.HAL_SD_WriteBlocks_DMA
                0x0000000008005ad4      0x198 ./Drivers/STM32L4xx_HAL_Driver/Src/stm32l4xx_hal_sd.o
                0x0000000008005ad4                HAL_SD_WriteBlocks_DMA
 .text.HAL_SD_IRQHandler
                0x0000000008005c6c      0x2ec ./Drivers/STM32L4xx_HAL_Driver/Src/stm32l4xx_hal_sd.o
                0x0000000008005c6c                HAL_SD_IRQHandler
 .text.HAL_SD_ErrorCallback
                0x0000000008005f58       0x14 ./Drivers/STM32L4xx_HAL_Driver/Src/stm32l4xx_hal_sd.o
                0x0000000008005f58                HAL_SD_ErrorCallback
 .text.HAL_SD_GetCardCSD
                0x0000000008005f6c      0x348 ./Drivers/STM32L4xx_HAL_Driver/Src/stm32l4xx_hal_sd.o
                0x0000000008005f6c                HAL_SD_GetCardCSD
 .text.HAL_SD_GetCardInfo
                0x00000000080062b4       0x58 ./Drivers/STM32L4xx_HAL_Driver/Src/stm32l4xx_hal_sd.o
                0x00000000080062b4                HAL_SD_GetCardInfo
 .text.HAL_SD_ConfigWideBusOperation
                0x000000000800630c      0x19c ./Drivers/STM32L4xx_HAL_Driver/Src/stm32l4xx_hal_sd.o
                0x000000000800630c                HAL_SD_ConfigWideBusOperation
 .text.HAL_SD_GetCardState
                0x00000000080064a8       0x40 ./Drivers/STM32L4xx_HAL_Driver/Src/stm32l4xx_hal_sd.o
                0x00000000080064a8                HAL_SD_GetCardState
 .text.SD_DMATransmitCplt
                0x00000000080064e8       0x2a ./Drivers/STM32L4xx_HAL_Driver/Src/stm32l4xx_hal_sd.o
 .text.SD_DMAReceiveCplt
                0x0000000008006512       0x70 ./Drivers/STM32L4xx_HAL_Driver/Src/stm32l4xx_hal_sd.o
 *fill*         0x0000000008006582        0x2 
 .text.SD_DMAError
                0x0000000008006584       0x98 ./Drivers/STM32L4xx_HAL_Driver/Src/stm32l4xx_hal_sd.o
 .text.SD_DMATxAbort
                0x000000000800661c       0x6e ./Drivers/STM32L4xx_HAL_Driver/Src/stm32l4xx_hal_sd.o
 .text.SD_DMARxAbort
                0x000000000800668a       0x6e ./Drivers/STM32L4xx_HAL_Driver/Src/stm32l4xx_hal_sd.o
 .text.SD_InitCard
                0x00000000080066f8      0x19c ./Drivers/STM32L4xx_HAL_Driver/Src/stm32l4xx_hal_sd.o
 .text.SD_PowerON
                0x0000000008006894      0x11c ./Drivers/STM32L4xx_HAL_Driver/Src/stm32l4xx_hal_sd.o
 .text.SD_SendStatus
                0x00000000080069b0       0x50 ./Drivers/STM32L4xx_HAL_Driver/Src/stm32l4xx_hal_sd.o
 .text.SD_WideBus_Enable
                0x0000000008006a00       0x96 ./Drivers/STM32L4xx_HAL_Driver/Src/stm32l4xx_hal_sd.o
 .text.SD_WideBus_Disable
                0x0000000008006a96       0x96 ./Drivers/STM32L4xx_HAL_Driver/Src/stm32l4xx_hal_sd.o
 .text.SD_FindSCR
                0x0000000008006b2c      0x194 ./Drivers/STM32L4xx_HAL_Driver/Src/stm32l4xx_hal_sd.o
 .text.SD_Read_IT
                0x0000000008006cc0       0xa2 ./Drivers/STM32L4xx_HAL_Driver/Src/stm32l4xx_hal_sd.o
 .text.SD_Write_IT
                0x0000000008006d62       0xaa ./Drivers/STM32L4xx_HAL_Driver/Src/stm32l4xx_hal_sd.o
 .text.HAL_TIM_Base_Init
                0x0000000008006e0c      0x214 ./Drivers/STM32L4xx_HAL_Driver/Src/stm32l4xx_hal_tim.o
                0x0000000008006e0c                HAL_TIM_Base_Init
 .text.HAL_TIM_Base_MspInit
                0x0000000008007020       0x14 ./Drivers/STM32L4xx_HAL_Driver/Src/stm32l4xx_hal_tim.o
                0x0000000008007020                HAL_TIM_Base_MspInit
 .text.HAL_TIM_Base_Start_IT
                0x0000000008007034      0x168 ./Drivers/STM32L4xx_HAL_Driver/Src/stm32l4xx_hal_tim.o
                0x0000000008007034                HAL_TIM_Base_Start_IT
 .text.HAL_TIM_IRQHandler
                0x000000000800719c      0x23e ./Drivers/STM32L4xx_HAL_Driver/Src/stm32l4xx_hal_tim.o
                0x000000000800719c                HAL_TIM_IRQHandler
 .text.HAL_TIM_OC_DelayElapsedCallback
                0x00000000080073da       0x14 ./Drivers/STM32L4xx_HAL_Driver/Src/stm32l4xx_hal_tim.o
                0x00000000080073da                HAL_TIM_OC_DelayElapsedCallback
 .text.HAL_TIM_IC_CaptureCallback
                0x00000000080073ee       0x14 ./Drivers/STM32L4xx_HAL_Driver/Src/stm32l4xx_hal_tim.o
                0x00000000080073ee                HAL_TIM_IC_CaptureCallback
 .text.HAL_TIM_PWM_PulseFinishedCallback
                0x0000000008007402       0x14 ./Drivers/STM32L4xx_HAL_Driver/Src/stm32l4xx_hal_tim.o
                0x0000000008007402                HAL_TIM_PWM_PulseFinishedCallback
 .text.HAL_TIM_TriggerCallback
                0x0000000008007416       0x14 ./Drivers/STM32L4xx_HAL_Driver/Src/stm32l4xx_hal_tim.o
                0x0000000008007416                HAL_TIM_TriggerCallback
 *fill*         0x000000000800742a        0x2 
 .text.TIM_Base_SetConfig
                0x000000000800742c      0x134 ./Drivers/STM32L4xx_HAL_Driver/Src/stm32l4xx_hal_tim.o
                0x000000000800742c                TIM_Base_SetConfig
 .text.HAL_TIMEx_CommutCallback
                0x0000000008007560       0x14 ./Drivers/STM32L4xx_HAL_Driver/Src/stm32l4xx_hal_tim_ex.o
                0x0000000008007560                HAL_TIMEx_CommutCallback
 .text.HAL_TIMEx_BreakCallback
                0x0000000008007574       0x14 ./Drivers/STM32L4xx_HAL_Driver/Src/stm32l4xx_hal_tim_ex.o
                0x0000000008007574                HAL_TIMEx_BreakCallback
 .text.HAL_TIMEx_Break2Callback
                0x0000000008007588       0x14 ./Drivers/STM32L4xx_HAL_Driver/Src/stm32l4xx_hal_tim_ex.o
                0x0000000008007588                HAL_TIMEx_Break2Callback
 .text.HAL_UART_Init
                0x000000000800759c      0x150 ./Drivers/STM32L4xx_HAL_Driver/Src/stm32l4xx_hal_uart.o
                0x000000000800759c                HAL_UART_Init
 .text.HAL_UART_IRQHandler
                0x00000000080076ec      0x5c4 ./Drivers/STM32L4xx_HAL_Driver/Src/stm32l4xx_hal_uart.o
                0x00000000080076ec                HAL_UART_IRQHandler
 .text.HAL_UART_TxCpltCallback
                0x0000000008007cb0       0x14 ./Drivers/STM32L4xx_HAL_Driver/Src/stm32l4xx_hal_uart.o
                0x0000000008007cb0                HAL_UART_TxCpltCallback
 .text.HAL_UART_ErrorCallback
                0x0000000008007cc4       0x14 ./Drivers/STM32L4xx_HAL_Driver/Src/stm32l4xx_hal_uart.o
                0x0000000008007cc4                HAL_UART_ErrorCallback
 .text.HAL_UARTEx_RxEventCallback
                0x0000000008007cd8       0x18 ./Drivers/STM32L4xx_HAL_Driver/Src/stm32l4xx_hal_uart.o
                0x0000000008007cd8                HAL_UARTEx_RxEventCallback
 .text.UART_SetConfig
                0x0000000008007cf0      0x6bc ./Drivers/STM32L4xx_HAL_Driver/Src/stm32l4xx_hal_uart.o
                0x0000000008007cf0                UART_SetConfig
 .text.UART_AdvFeatureConfig
                0x00000000080083ac      0x2c0 ./Drivers/STM32L4xx_HAL_Driver/Src/stm32l4xx_hal_uart.o
                0x00000000080083ac                UART_AdvFeatureConfig
 .text.UART_CheckIdleState
                0x000000000800866c       0x92 ./Drivers/STM32L4xx_HAL_Driver/Src/stm32l4xx_hal_uart.o
                0x000000000800866c                UART_CheckIdleState
 .text.UART_WaitOnFlagUntilTimeout
                0x00000000080086fe      0x188 ./Drivers/STM32L4xx_HAL_Driver/Src/stm32l4xx_hal_uart.o
                0x00000000080086fe                UART_WaitOnFlagUntilTimeout
 .text.UART_EndRxTransfer
                0x0000000008008886       0xc6 ./Drivers/STM32L4xx_HAL_Driver/Src/stm32l4xx_hal_uart.o
 .text.UART_DMAAbortOnError
                0x000000000800894c       0x2c ./Drivers/STM32L4xx_HAL_Driver/Src/stm32l4xx_hal_uart.o
 .text.UART_EndTransmit_IT
                0x0000000008008978       0x54 ./Drivers/STM32L4xx_HAL_Driver/Src/stm32l4xx_hal_uart.o
 .text.HAL_UARTEx_WakeupCallback
                0x00000000080089cc       0x14 ./Drivers/STM32L4xx_HAL_Driver/Src/stm32l4xx_hal_uart_ex.o
                0x00000000080089cc                HAL_UARTEx_WakeupCallback
 .text.SDMMC_Init
                0x00000000080089e0       0xf8 ./Drivers/STM32L4xx_HAL_Driver/Src/stm32l4xx_ll_sdmmc.o
                0x00000000080089e0                SDMMC_Init
 .text.SDMMC_ReadFIFO
                0x0000000008008ad8       0x1a ./Drivers/STM32L4xx_HAL_Driver/Src/stm32l4xx_ll_sdmmc.o
                0x0000000008008ad8                SDMMC_ReadFIFO
 .text.SDMMC_WriteFIFO
                0x0000000008008af2       0x22 ./Drivers/STM32L4xx_HAL_Driver/Src/stm32l4xx_ll_sdmmc.o
                0x0000000008008af2                SDMMC_WriteFIFO
 .text.SDMMC_PowerState_ON
                0x0000000008008b14       0x1e ./Drivers/STM32L4xx_HAL_Driver/Src/stm32l4xx_ll_sdmmc.o
                0x0000000008008b14                SDMMC_PowerState_ON
 .text.SDMMC_GetPowerState
                0x0000000008008b32       0x1c ./Drivers/STM32L4xx_HAL_Driver/Src/stm32l4xx_ll_sdmmc.o
                0x0000000008008b32                SDMMC_GetPowerState
 *fill*         0x0000000008008b4e        0x2 
 .text.SDMMC_SendCommand
                0x0000000008008b50       0xcc ./Drivers/STM32L4xx_HAL_Driver/Src/stm32l4xx_ll_sdmmc.o
                0x0000000008008b50                SDMMC_SendCommand
 .text.SDMMC_GetCommandResponse
                0x0000000008008c1c       0x1a ./Drivers/STM32L4xx_HAL_Driver/Src/stm32l4xx_ll_sdmmc.o
                0x0000000008008c1c                SDMMC_GetCommandResponse
 *fill*         0x0000000008008c36        0x2 
 .text.SDMMC_GetResponse
                0x0000000008008c38       0x48 ./Drivers/STM32L4xx_HAL_Driver/Src/stm32l4xx_ll_sdmmc.o
                0x0000000008008c38                SDMMC_GetResponse
 .text.SDMMC_ConfigData
                0x0000000008008c80      0x13c ./Drivers/STM32L4xx_HAL_Driver/Src/stm32l4xx_ll_sdmmc.o
                0x0000000008008c80                SDMMC_ConfigData
 .text.SDMMC_CmdBlockLength
                0x0000000008008dbc       0x44 ./Drivers/STM32L4xx_HAL_Driver/Src/stm32l4xx_ll_sdmmc.o
                0x0000000008008dbc                SDMMC_CmdBlockLength
 .text.SDMMC_CmdReadSingleBlock
                0x0000000008008e00       0x44 ./Drivers/STM32L4xx_HAL_Driver/Src/stm32l4xx_ll_sdmmc.o
                0x0000000008008e00                SDMMC_CmdReadSingleBlock
 .text.SDMMC_CmdReadMultiBlock
                0x0000000008008e44       0x44 ./Drivers/STM32L4xx_HAL_Driver/Src/stm32l4xx_ll_sdmmc.o
                0x0000000008008e44                SDMMC_CmdReadMultiBlock
 .text.SDMMC_CmdWriteSingleBlock
                0x0000000008008e88       0x44 ./Drivers/STM32L4xx_HAL_Driver/Src/stm32l4xx_ll_sdmmc.o
                0x0000000008008e88                SDMMC_CmdWriteSingleBlock
 .text.SDMMC_CmdWriteMultiBlock
                0x0000000008008ecc       0x44 ./Drivers/STM32L4xx_HAL_Driver/Src/stm32l4xx_ll_sdmmc.o
                0x0000000008008ecc                SDMMC_CmdWriteMultiBlock
 .text.SDMMC_CmdStopTransfer
                0x0000000008008f10       0x44 ./Drivers/STM32L4xx_HAL_Driver/Src/stm32l4xx_ll_sdmmc.o
                0x0000000008008f10                SDMMC_CmdStopTransfer
 .text.SDMMC_CmdSelDesel
                0x0000000008008f54       0x46 ./Drivers/STM32L4xx_HAL_Driver/Src/stm32l4xx_ll_sdmmc.o
                0x0000000008008f54                SDMMC_CmdSelDesel
 .text.SDMMC_CmdGoIdleState
                0x0000000008008f9a       0x3c ./Drivers/STM32L4xx_HAL_Driver/Src/stm32l4xx_ll_sdmmc.o
                0x0000000008008f9a                SDMMC_CmdGoIdleState
 .text.SDMMC_CmdOperCond
                0x0000000008008fd6       0x3e ./Drivers/STM32L4xx_HAL_Driver/Src/stm32l4xx_ll_sdmmc.o
                0x0000000008008fd6                SDMMC_CmdOperCond
 .text.SDMMC_CmdAppCommand
                0x0000000008009014       0x44 ./Drivers/STM32L4xx_HAL_Driver/Src/stm32l4xx_ll_sdmmc.o
                0x0000000008009014                SDMMC_CmdAppCommand
 .text.SDMMC_CmdAppOperCommand
                0x0000000008009058       0x46 ./Drivers/STM32L4xx_HAL_Driver/Src/stm32l4xx_ll_sdmmc.o
                0x0000000008009058                SDMMC_CmdAppOperCommand
 .text.SDMMC_CmdBusWidth
                0x000000000800909e       0x44 ./Drivers/STM32L4xx_HAL_Driver/Src/stm32l4xx_ll_sdmmc.o
                0x000000000800909e                SDMMC_CmdBusWidth
 .text.SDMMC_CmdSendSCR
                0x00000000080090e2       0x42 ./Drivers/STM32L4xx_HAL_Driver/Src/stm32l4xx_ll_sdmmc.o
                0x00000000080090e2                SDMMC_CmdSendSCR
 .text.SDMMC_CmdSendCID
                0x0000000008009124       0x3c ./Drivers/STM32L4xx_HAL_Driver/Src/stm32l4xx_ll_sdmmc.o
                0x0000000008009124                SDMMC_CmdSendCID
 .text.SDMMC_CmdSendCSD
                0x0000000008009160       0x3e ./Drivers/STM32L4xx_HAL_Driver/Src/stm32l4xx_ll_sdmmc.o
                0x0000000008009160                SDMMC_CmdSendCSD
 .text.SDMMC_CmdSetRelAdd
                0x000000000800919e       0x42 ./Drivers/STM32L4xx_HAL_Driver/Src/stm32l4xx_ll_sdmmc.o
                0x000000000800919e                SDMMC_CmdSetRelAdd
 .text.SDMMC_CmdSendStatus
                0x00000000080091e0       0x44 ./Drivers/STM32L4xx_HAL_Driver/Src/stm32l4xx_ll_sdmmc.o
                0x00000000080091e0                SDMMC_CmdSendStatus
 .text.SDMMC_GetCmdResp1
                0x0000000008009224      0x1dc ./Drivers/STM32L4xx_HAL_Driver/Src/stm32l4xx_ll_sdmmc.o
                0x0000000008009224                SDMMC_GetCmdResp1
 .text.SDMMC_GetCmdResp2
                0x0000000008009400       0x90 ./Drivers/STM32L4xx_HAL_Driver/Src/stm32l4xx_ll_sdmmc.o
                0x0000000008009400                SDMMC_GetCmdResp2
 .text.SDMMC_GetCmdResp3
                0x0000000008009490       0x7c ./Drivers/STM32L4xx_HAL_Driver/Src/stm32l4xx_ll_sdmmc.o
                0x0000000008009490                SDMMC_GetCmdResp3
 .text.SDMMC_GetCmdResp6
                0x000000000800950c       0xec ./Drivers/STM32L4xx_HAL_Driver/Src/stm32l4xx_ll_sdmmc.o
                0x000000000800950c                SDMMC_GetCmdResp6
 .text.SDMMC_GetCmdResp7
                0x00000000080095f8       0x9c ./Drivers/STM32L4xx_HAL_Driver/Src/stm32l4xx_ll_sdmmc.o
                0x00000000080095f8                SDMMC_GetCmdResp7
 .text.SDMMC_GetCmdError
                0x0000000008009694       0x58 ./Drivers/STM32L4xx_HAL_Driver/Src/stm32l4xx_ll_sdmmc.o
 .text.USB_CoreInit
                0x00000000080096ec       0x58 ./Drivers/STM32L4xx_HAL_Driver/Src/stm32l4xx_ll_usb.o
                0x00000000080096ec                USB_CoreInit
 .text.USB_DisableGlobalInt
                0x0000000008009744       0x22 ./Drivers/STM32L4xx_HAL_Driver/Src/stm32l4xx_ll_usb.o
                0x0000000008009744                USB_DisableGlobalInt
 .text.USB_SetCurrentMode
                0x0000000008009766       0x98 ./Drivers/STM32L4xx_HAL_Driver/Src/stm32l4xx_ll_usb.o
                0x0000000008009766                USB_SetCurrentMode
 *fill*         0x00000000080097fe        0x2 
 .text.USB_DevInit
                0x0000000008009800      0x298 ./Drivers/STM32L4xx_HAL_Driver/Src/stm32l4xx_ll_usb.o
                0x0000000008009800                USB_DevInit
 .text.USB_FlushTxFifo
                0x0000000008009a98       0x68 ./Drivers/STM32L4xx_HAL_Driver/Src/stm32l4xx_ll_usb.o
                0x0000000008009a98                USB_FlushTxFifo
 .text.USB_FlushRxFifo
                0x0000000008009b00       0x60 ./Drivers/STM32L4xx_HAL_Driver/Src/stm32l4xx_ll_usb.o
                0x0000000008009b00                USB_FlushRxFifo
 .text.USB_SetDevSpeed
                0x0000000008009b60       0x32 ./Drivers/STM32L4xx_HAL_Driver/Src/stm32l4xx_ll_usb.o
                0x0000000008009b60                USB_SetDevSpeed
 .text.USB_DevDisconnect
                0x0000000008009b92       0x42 ./Drivers/STM32L4xx_HAL_Driver/Src/stm32l4xx_ll_usb.o
                0x0000000008009b92                USB_DevDisconnect
 .text.USB_GetMode
                0x0000000008009bd4       0x1c ./Drivers/STM32L4xx_HAL_Driver/Src/stm32l4xx_ll_usb.o
                0x0000000008009bd4                USB_GetMode
 .text.USB_CoreReset
                0x0000000008009bf0       0x68 ./Drivers/STM32L4xx_HAL_Driver/Src/stm32l4xx_ll_usb.o
 .text.MX_FATFS_Init
                0x0000000008009c58       0x24 ./FATFS/App/fatfs.o
                0x0000000008009c58                MX_FATFS_Init
 .text.get_fattime
                0x0000000008009c7c       0x10 ./FATFS/App/fatfs.o
                0x0000000008009c7c                get_fattime
 .text.SD_DMAConfig
                0x0000000008009c8c       0x30 ./FATFS/Target/bsp_driver_mm.o
                0x0000000008009c8c                SD_DMAConfig
 .text.BSP_SD_ReadBlocks_DMA
                0x0000000008009cbc       0x54 ./FATFS/Target/bsp_driver_mm.o
                0x0000000008009cbc                BSP_SD_ReadBlocks_DMA
 .text.BSP_SD_WriteBlocks_DMA
                0x0000000008009d10       0x54 ./FATFS/Target/bsp_driver_mm.o
                0x0000000008009d10                BSP_SD_WriteBlocks_DMA
 .text.BSP_SD_Init
                0x0000000008009d64       0x4c ./FATFS/Target/bsp_driver_sd.o
                0x0000000008009d64                BSP_SD_Init
 .text.BSP_SD_GetCardState
                0x0000000008009db0       0x20 ./FATFS/Target/bsp_driver_sd.o
                0x0000000008009db0                BSP_SD_GetCardState
 .text.BSP_SD_GetCardInfo
                0x0000000008009dd0       0x1c ./FATFS/Target/bsp_driver_sd.o
                0x0000000008009dd0                BSP_SD_GetCardInfo
 .text.HAL_SD_AbortCallback
                0x0000000008009dec       0x14 ./FATFS/Target/bsp_driver_sd.o
                0x0000000008009dec                HAL_SD_AbortCallback
 .text.HAL_SD_TxCpltCallback
                0x0000000008009e00       0x14 ./FATFS/Target/bsp_driver_sd.o
                0x0000000008009e00                HAL_SD_TxCpltCallback
 .text.HAL_SD_RxCpltCallback
                0x0000000008009e14       0x14 ./FATFS/Target/bsp_driver_sd.o
                0x0000000008009e14                HAL_SD_RxCpltCallback
 .text.BSP_SD_AbortCallback
                0x0000000008009e28        0xe ./FATFS/Target/bsp_driver_sd.o
                0x0000000008009e28                BSP_SD_AbortCallback
 .text.BSP_SD_IsDetected
                0x0000000008009e36       0x24 ./FATFS/Target/bsp_driver_sd.o
                0x0000000008009e36                BSP_SD_IsDetected
 *fill*         0x0000000008009e5a        0x2 
 .text.BSP_PlatformIsDetected
                0x0000000008009e5c       0x2c ./FATFS/Target/fatfs_platform.o
                0x0000000008009e5c                BSP_PlatformIsDetected
 .text.SD_CheckStatusWithTimeout
                0x0000000008009e88       0x3a ./FATFS/Target/sd_diskio.o
 *fill*         0x0000000008009ec2        0x2 
 .text.SD_CheckStatus
                0x0000000008009ec4       0x3c ./FATFS/Target/sd_diskio.o
 .text.SD_initialize
                0x0000000008009f00       0x98 ./FATFS/Target/sd_diskio.o
                0x0000000008009f00                SD_initialize
 .text.SD_status
                0x0000000008009f98       0x1c ./FATFS/Target/sd_diskio.o
                0x0000000008009f98                SD_status
 .text.SD_read  0x0000000008009fb4       0x9c ./FATFS/Target/sd_diskio.o
                0x0000000008009fb4                SD_read
 .text.SD_write
                0x000000000800a050       0x94 ./FATFS/Target/sd_diskio.o
                0x000000000800a050                SD_write
 .text.SD_ioctl
                0x000000000800a0e4       0xb0 ./FATFS/Target/sd_diskio.o
                0x000000000800a0e4                SD_ioctl
 .text.BSP_SD_WriteCpltCallback
                0x000000000800a194       0x1c ./FATFS/Target/sd_diskio.o
                0x000000000800a194                BSP_SD_WriteCpltCallback
 .text.BSP_SD_ReadCpltCallback
                0x000000000800a1b0       0x1c ./FATFS/Target/sd_diskio.o
                0x000000000800a1b0                BSP_SD_ReadCpltCallback
 .text.disk_status
                0x000000000800a1cc       0x34 ./Middlewares/Third_Party/FatFs/src/diskio.o
                0x000000000800a1cc                disk_status
 .text.disk_initialize
                0x000000000800a200       0x4c ./Middlewares/Third_Party/FatFs/src/diskio.o
                0x000000000800a200                disk_initialize
 .text.disk_read
                0x000000000800a24c       0x40 ./Middlewares/Third_Party/FatFs/src/diskio.o
                0x000000000800a24c                disk_read
 .text.disk_write
                0x000000000800a28c       0x40 ./Middlewares/Third_Party/FatFs/src/diskio.o
                0x000000000800a28c                disk_write
 .text.disk_ioctl
                0x000000000800a2cc       0x3c ./Middlewares/Third_Party/FatFs/src/diskio.o
                0x000000000800a2cc                disk_ioctl
 .text.ld_word  0x000000000800a308       0x30 ./Middlewares/Third_Party/FatFs/src/ff.o
 .text.ld_dword
                0x000000000800a338       0x46 ./Middlewares/Third_Party/FatFs/src/ff.o
 .text.st_word  0x000000000800a37e       0x36 ./Middlewares/Third_Party/FatFs/src/ff.o
 .text.st_dword
                0x000000000800a3b4       0x58 ./Middlewares/Third_Party/FatFs/src/ff.o
 .text.mem_cpy  0x000000000800a40c       0x42 ./Middlewares/Third_Party/FatFs/src/ff.o
 .text.mem_set  0x000000000800a44e       0x36 ./Middlewares/Third_Party/FatFs/src/ff.o
 .text.mem_cmp  0x000000000800a484       0x4e ./Middlewares/Third_Party/FatFs/src/ff.o
 .text.chk_chr  0x000000000800a4d2       0x36 ./Middlewares/Third_Party/FatFs/src/ff.o
 .text.lock_fs  0x000000000800a508       0x2c ./Middlewares/Third_Party/FatFs/src/ff.o
 .text.unlock_fs
                0x000000000800a534       0x36 ./Middlewares/Third_Party/FatFs/src/ff.o
 *fill*         0x000000000800a56a        0x2 
 .text.chk_lock
                0x000000000800a56c       0xb8 ./Middlewares/Third_Party/FatFs/src/ff.o
 .text.enq_lock
                0x000000000800a624       0x44 ./Middlewares/Third_Party/FatFs/src/ff.o
 .text.inc_lock
                0x000000000800a668      0x11c ./Middlewares/Third_Party/FatFs/src/ff.o
 .text.dec_lock
                0x000000000800a784       0x78 ./Middlewares/Third_Party/FatFs/src/ff.o
 .text.clear_lock
                0x000000000800a7fc       0x48 ./Middlewares/Third_Party/FatFs/src/ff.o
 .text.sync_window
                0x000000000800a844       0x88 ./Middlewares/Third_Party/FatFs/src/ff.o
 .text.move_window
                0x000000000800a8cc       0x5a ./Middlewares/Third_Party/FatFs/src/ff.o
 *fill*         0x000000000800a926        0x2 
 .text.sync_fs  0x000000000800a928       0xdc ./Middlewares/Third_Party/FatFs/src/ff.o
 .text.clust2sect
                0x000000000800aa04       0x3e ./Middlewares/Third_Party/FatFs/src/ff.o
 .text.get_fat  0x000000000800aa42      0x150 ./Middlewares/Third_Party/FatFs/src/ff.o
 .text.put_fat  0x000000000800ab92      0x1d8 ./Middlewares/Third_Party/FatFs/src/ff.o
 .text.remove_chain
                0x000000000800ad6a       0xca ./Middlewares/Third_Party/FatFs/src/ff.o
 .text.create_chain
                0x000000000800ae34      0x130 ./Middlewares/Third_Party/FatFs/src/ff.o
 .text.clmt_clust
                0x000000000800af64       0x68 ./Middlewares/Third_Party/FatFs/src/ff.o
 .text.dir_sdi  0x000000000800afcc       0xf6 ./Middlewares/Third_Party/FatFs/src/ff.o
 .text.dir_next
                0x000000000800b0c2      0x18a ./Middlewares/Third_Party/FatFs/src/ff.o
 .text.dir_alloc
                0x000000000800b24c       0x8e ./Middlewares/Third_Party/FatFs/src/ff.o
 .text.ld_clust
                0x000000000800b2da       0x3e ./Middlewares/Third_Party/FatFs/src/ff.o
 .text.st_clust
                0x000000000800b318       0x40 ./Middlewares/Third_Party/FatFs/src/ff.o
 .text.dir_find
                0x000000000800b358       0xaa ./Middlewares/Third_Party/FatFs/src/ff.o
 .text.dir_register
                0x000000000800b402       0x64 ./Middlewares/Third_Party/FatFs/src/ff.o
 *fill*         0x000000000800b466        0x2 
 .text.create_name
                0x000000000800b468      0x128 ./Middlewares/Third_Party/FatFs/src/ff.o
 .text.follow_path
                0x000000000800b590       0xe2 ./Middlewares/Third_Party/FatFs/src/ff.o
 .text.get_ldnumber
                0x000000000800b672       0x88 ./Middlewares/Third_Party/FatFs/src/ff.o
 *fill*         0x000000000800b6fa        0x2 
 .text.check_fs
                0x000000000800b6fc       0xac ./Middlewares/Third_Party/FatFs/src/ff.o
 .text.find_volume
                0x000000000800b7a8      0x4a8 ./Middlewares/Third_Party/FatFs/src/ff.o
 .text.validate
                0x000000000800bc50       0x8e ./Middlewares/Third_Party/FatFs/src/ff.o
 *fill*         0x000000000800bcde        0x2 
 .text.f_mount  0x000000000800bce0       0xc8 ./Middlewares/Third_Party/FatFs/src/ff.o
                0x000000000800bce0                f_mount
 .text.f_open   0x000000000800bda8      0x38a ./Middlewares/Third_Party/FatFs/src/ff.o
                0x000000000800bda8                f_open
 .text.f_read   0x000000000800c132      0x2dc ./Middlewares/Third_Party/FatFs/src/ff.o
                0x000000000800c132                f_read
 .text.f_write  0x000000000800c40e      0x348 ./Middlewares/Third_Party/FatFs/src/ff.o
                0x000000000800c40e                f_write
 .text.f_sync   0x000000000800c756      0x112 ./Middlewares/Third_Party/FatFs/src/ff.o
                0x000000000800c756                f_sync
 .text.f_close  0x000000000800c868       0x5e ./Middlewares/Third_Party/FatFs/src/ff.o
                0x000000000800c868                f_close
 *fill*         0x000000000800c8c6        0x2 
 .text.FATFS_LinkDriverEx
                0x000000000800c8c8       0x98 ./Middlewares/Third_Party/FatFs/src/ff_gen_drv.o
                0x000000000800c8c8                FATFS_LinkDriverEx
 .text.FATFS_LinkDriver
                0x000000000800c960       0x1e ./Middlewares/Third_Party/FatFs/src/ff_gen_drv.o
                0x000000000800c960                FATFS_LinkDriver
 .text.ff_cre_syncobj
                0x000000000800c97e       0x40 ./Middlewares/Third_Party/FatFs/src/option/syscall.o
                0x000000000800c97e                ff_cre_syncobj
 .text.ff_del_syncobj
                0x000000000800c9be       0x18 ./Middlewares/Third_Party/FatFs/src/option/syscall.o
                0x000000000800c9be                ff_del_syncobj
 .text.ff_req_grant
                0x000000000800c9d6       0x2a ./Middlewares/Third_Party/FatFs/src/option/syscall.o
                0x000000000800c9d6                ff_req_grant
 .text.ff_rel_grant
                0x000000000800ca00       0x16 ./Middlewares/Third_Party/FatFs/src/option/syscall.o
                0x000000000800ca00                ff_rel_grant
 .text.makeFreeRtosPriority
                0x000000000800ca16       0x30 ./Middlewares/Third_Party/FreeRTOS/Source/CMSIS_RTOS/cmsis_os.o
 .text.inHandlerMode
                0x000000000800ca46       0x24 ./Middlewares/Third_Party/FreeRTOS/Source/CMSIS_RTOS/cmsis_os.o
 .text.osKernelStart
                0x000000000800ca6a        0xe ./Middlewares/Third_Party/FreeRTOS/Source/CMSIS_RTOS/cmsis_os.o
                0x000000000800ca6a                osKernelStart
 .text.osKernelRunning
                0x000000000800ca78       0x18 ./Middlewares/Third_Party/FreeRTOS/Source/CMSIS_RTOS/cmsis_os.o
                0x000000000800ca78                osKernelRunning
 .text.osKernelSysTick
                0x000000000800ca90       0x20 ./Middlewares/Third_Party/FreeRTOS/Source/CMSIS_RTOS/cmsis_os.o
                0x000000000800ca90                osKernelSysTick
 .text.osThreadCreate
                0x000000000800cab0       0x98 ./Middlewares/Third_Party/FreeRTOS/Source/CMSIS_RTOS/cmsis_os.o
                0x000000000800cab0                osThreadCreate
 .text.osDelay  0x000000000800cb48       0x28 ./Middlewares/Third_Party/FreeRTOS/Source/CMSIS_RTOS/cmsis_os.o
                0x000000000800cb48                osDelay
 .text.osSemaphoreCreate
                0x000000000800cb70       0x64 ./Middlewares/Third_Party/FreeRTOS/Source/CMSIS_RTOS/cmsis_os.o
                0x000000000800cb70                osSemaphoreCreate
 .text.osSemaphoreWait
                0x000000000800cbd4       0x9c ./Middlewares/Third_Party/FreeRTOS/Source/CMSIS_RTOS/cmsis_os.o
                0x000000000800cbd4                osSemaphoreWait
 .text.osSemaphoreRelease
                0x000000000800cc70       0x6c ./Middlewares/Third_Party/FreeRTOS/Source/CMSIS_RTOS/cmsis_os.o
                0x000000000800cc70                osSemaphoreRelease
 .text.osSemaphoreDelete
                0x000000000800ccdc       0x26 ./Middlewares/Third_Party/FreeRTOS/Source/CMSIS_RTOS/cmsis_os.o
                0x000000000800ccdc                osSemaphoreDelete
 .text.osMessageCreate
                0x000000000800cd02       0x50 ./Middlewares/Third_Party/FreeRTOS/Source/CMSIS_RTOS/cmsis_os.o
                0x000000000800cd02                osMessageCreate
 *fill*         0x000000000800cd52        0x2 
 .text.osMessagePut
                0x000000000800cd54       0x80 ./Middlewares/Third_Party/FreeRTOS/Source/CMSIS_RTOS/cmsis_os.o
                0x000000000800cd54                osMessagePut
 .text.osMessageGet
                0x000000000800cdd4       0xe8 ./Middlewares/Third_Party/FreeRTOS/Source/CMSIS_RTOS/cmsis_os.o
                0x000000000800cdd4                osMessageGet
 .text.vListInitialise
                0x000000000800cebc       0x40 ./Middlewares/Third_Party/FreeRTOS/Source/list.o
                0x000000000800cebc                vListInitialise
 .text.vListInitialiseItem
                0x000000000800cefc       0x1a ./Middlewares/Third_Party/FreeRTOS/Source/list.o
                0x000000000800cefc                vListInitialiseItem
 .text.vListInsertEnd
                0x000000000800cf16       0x48 ./Middlewares/Third_Party/FreeRTOS/Source/list.o
                0x000000000800cf16                vListInsertEnd
 .text.vListInsert
                0x000000000800cf5e       0x72 ./Middlewares/Third_Party/FreeRTOS/Source/list.o
                0x000000000800cf5e                vListInsert
 .text.uxListRemove
                0x000000000800cfd0       0x54 ./Middlewares/Third_Party/FreeRTOS/Source/list.o
                0x000000000800cfd0                uxListRemove
 .text.xQueueGenericReset
                0x000000000800d024       0xd0 ./Middlewares/Third_Party/FreeRTOS/Source/queue.o
                0x000000000800d024                xQueueGenericReset
 .text.xQueueGenericCreateStatic
                0x000000000800d0f4       0xf0 ./Middlewares/Third_Party/FreeRTOS/Source/queue.o
                0x000000000800d0f4                xQueueGenericCreateStatic
 .text.xQueueGenericCreate
                0x000000000800d1e4       0x74 ./Middlewares/Third_Party/FreeRTOS/Source/queue.o
                0x000000000800d1e4                xQueueGenericCreate
 .text.prvInitialiseNewQueue
                0x000000000800d258       0x4a ./Middlewares/Third_Party/FreeRTOS/Source/queue.o
 *fill*         0x000000000800d2a2        0x2 
 .text.xQueueGenericSend
                0x000000000800d2a4      0x24c ./Middlewares/Third_Party/FreeRTOS/Source/queue.o
                0x000000000800d2a4                xQueueGenericSend
 .text.xQueueGenericSendFromISR
                0x000000000800d4f0      0x15e ./Middlewares/Third_Party/FreeRTOS/Source/queue.o
                0x000000000800d4f0                xQueueGenericSendFromISR
 .text.xQueueGiveFromISR
                0x000000000800d64e      0x142 ./Middlewares/Third_Party/FreeRTOS/Source/queue.o
                0x000000000800d64e                xQueueGiveFromISR
 .text.xQueueReceive
                0x000000000800d790      0x220 ./Middlewares/Third_Party/FreeRTOS/Source/queue.o
                0x000000000800d790                xQueueReceive
 .text.xQueueSemaphoreTake
                0x000000000800d9b0      0x278 ./Middlewares/Third_Party/FreeRTOS/Source/queue.o
                0x000000000800d9b0                xQueueSemaphoreTake
 .text.xQueueReceiveFromISR
                0x000000000800dc28      0x13c ./Middlewares/Third_Party/FreeRTOS/Source/queue.o
                0x000000000800dc28                xQueueReceiveFromISR
 .text.vQueueDelete
                0x000000000800dd64       0x58 ./Middlewares/Third_Party/FreeRTOS/Source/queue.o
                0x000000000800dd64                vQueueDelete
 .text.prvGetDisinheritPriorityAfterTimeout
                0x000000000800ddbc       0x30 ./Middlewares/Third_Party/FreeRTOS/Source/queue.o
 .text.prvCopyDataToQueue
                0x000000000800ddec       0xd4 ./Middlewares/Third_Party/FreeRTOS/Source/queue.o
 .text.prvCopyDataFromQueue
                0x000000000800dec0       0x4c ./Middlewares/Third_Party/FreeRTOS/Source/queue.o
 .text.prvUnlockQueue
                0x000000000800df0c       0xa4 ./Middlewares/Third_Party/FreeRTOS/Source/queue.o
 .text.prvIsQueueEmpty
                0x000000000800dfb0       0x2c ./Middlewares/Third_Party/FreeRTOS/Source/queue.o
 .text.prvIsQueueFull
                0x000000000800dfdc       0x30 ./Middlewares/Third_Party/FreeRTOS/Source/queue.o
 .text.vQueueUnregisterQueue
                0x000000000800e00c       0x54 ./Middlewares/Third_Party/FreeRTOS/Source/queue.o
                0x000000000800e00c                vQueueUnregisterQueue
 .text.xTaskCreateStatic
                0x000000000800e060       0xba ./Middlewares/Third_Party/FreeRTOS/Source/tasks.o
                0x000000000800e060                xTaskCreateStatic
 .text.xTaskCreate
                0x000000000800e11a       0x8a ./Middlewares/Third_Party/FreeRTOS/Source/tasks.o
                0x000000000800e11a                xTaskCreate
 .text.prvInitialiseNewTask
                0x000000000800e1a4      0x13c ./Middlewares/Third_Party/FreeRTOS/Source/tasks.o
 .text.prvAddNewTaskToReadyList
                0x000000000800e2e0      0x110 ./Middlewares/Third_Party/FreeRTOS/Source/tasks.o
 .text.vTaskDelete
                0x000000000800e3f0      0x154 ./Middlewares/Third_Party/FreeRTOS/Source/tasks.o
                0x000000000800e3f0                vTaskDelete
 .text.vTaskDelay
                0x000000000800e544       0x70 ./Middlewares/Third_Party/FreeRTOS/Source/tasks.o
                0x000000000800e544                vTaskDelay
 .text.vTaskStartScheduler
                0x000000000800e5b4       0xf0 ./Middlewares/Third_Party/FreeRTOS/Source/tasks.o
                0x000000000800e5b4                vTaskStartScheduler
 .text.vTaskSuspendAll
                0x000000000800e6a4       0x1c ./Middlewares/Third_Party/FreeRTOS/Source/tasks.o
                0x000000000800e6a4                vTaskSuspendAll
 .text.xTaskResumeAll
                0x000000000800e6c0      0x140 ./Middlewares/Third_Party/FreeRTOS/Source/tasks.o
                0x000000000800e6c0                xTaskResumeAll
 .text.xTaskGetTickCount
                0x000000000800e800       0x20 ./Middlewares/Third_Party/FreeRTOS/Source/tasks.o
                0x000000000800e800                xTaskGetTickCount
 .text.xTaskGetTickCountFromISR
                0x000000000800e820       0x24 ./Middlewares/Third_Party/FreeRTOS/Source/tasks.o
                0x000000000800e820                xTaskGetTickCountFromISR
 .text.xTaskIncrementTick
                0x000000000800e844      0x178 ./Middlewares/Third_Party/FreeRTOS/Source/tasks.o
                0x000000000800e844                xTaskIncrementTick
 .text.vTaskSwitchContext
                0x000000000800e9bc       0xe0 ./Middlewares/Third_Party/FreeRTOS/Source/tasks.o
                0x000000000800e9bc                vTaskSwitchContext
 .text.vTaskPlaceOnEventList
                0x000000000800ea9c       0x48 ./Middlewares/Third_Party/FreeRTOS/Source/tasks.o
                0x000000000800ea9c                vTaskPlaceOnEventList
 .text.xTaskRemoveFromEventList
                0x000000000800eae4       0xcc ./Middlewares/Third_Party/FreeRTOS/Source/tasks.o
                0x000000000800eae4                xTaskRemoveFromEventList
 .text.vTaskInternalSetTimeOutState
                0x000000000800ebb0       0x2c ./Middlewares/Third_Party/FreeRTOS/Source/tasks.o
                0x000000000800ebb0                vTaskInternalSetTimeOutState
 .text.xTaskCheckForTimeOut
                0x000000000800ebdc       0xc4 ./Middlewares/Third_Party/FreeRTOS/Source/tasks.o
                0x000000000800ebdc                xTaskCheckForTimeOut
 .text.vTaskMissedYield
                0x000000000800eca0       0x18 ./Middlewares/Third_Party/FreeRTOS/Source/tasks.o
                0x000000000800eca0                vTaskMissedYield
 .text.prvIdleTask
                0x000000000800ecb8       0x30 ./Middlewares/Third_Party/FreeRTOS/Source/tasks.o
 .text.prvInitialiseTaskLists
                0x000000000800ece8       0x80 ./Middlewares/Third_Party/FreeRTOS/Source/tasks.o
 .text.prvCheckTasksWaitingTermination
                0x000000000800ed68       0x5c ./Middlewares/Third_Party/FreeRTOS/Source/tasks.o
 .text.prvDeleteTCB
                0x000000000800edc4       0x68 ./Middlewares/Third_Party/FreeRTOS/Source/tasks.o
 .text.prvResetNextTaskUnblockTime
                0x000000000800ee2c       0x40 ./Middlewares/Third_Party/FreeRTOS/Source/tasks.o
 .text.xTaskGetSchedulerState
                0x000000000800ee6c       0x3c ./Middlewares/Third_Party/FreeRTOS/Source/tasks.o
                0x000000000800ee6c                xTaskGetSchedulerState
 .text.xTaskPriorityInherit
                0x000000000800eea8       0xfc ./Middlewares/Third_Party/FreeRTOS/Source/tasks.o
                0x000000000800eea8                xTaskPriorityInherit
 .text.xTaskPriorityDisinherit
                0x000000000800efa4      0x11c ./Middlewares/Third_Party/FreeRTOS/Source/tasks.o
                0x000000000800efa4                xTaskPriorityDisinherit
 .text.vTaskPriorityDisinheritAfterTimeout
                0x000000000800f0c0      0x130 ./Middlewares/Third_Party/FreeRTOS/Source/tasks.o
                0x000000000800f0c0                vTaskPriorityDisinheritAfterTimeout
 .text.pvTaskIncrementMutexHeldCount
                0x000000000800f1f0       0x28 ./Middlewares/Third_Party/FreeRTOS/Source/tasks.o
                0x000000000800f1f0                pvTaskIncrementMutexHeldCount
 .text.prvAddCurrentTaskToDelayedList
                0x000000000800f218       0xcc ./Middlewares/Third_Party/FreeRTOS/Source/tasks.o
 .text.pxPortInitialiseStack
                0x000000000800f2e4       0x68 ./Middlewares/Third_Party/FreeRTOS/Source/portable/GCC/ARM_CM4F/port.o
                0x000000000800f2e4                pxPortInitialiseStack
 .text.prvTaskExitError
                0x000000000800f34c       0x58 ./Middlewares/Third_Party/FreeRTOS/Source/portable/GCC/ARM_CM4F/port.o
 *fill*         0x000000000800f3a4        0xc 
 .text.SVC_Handler
                0x000000000800f3b0       0x28 ./Middlewares/Third_Party/FreeRTOS/Source/portable/GCC/ARM_CM4F/port.o
                0x000000000800f3b0                SVC_Handler
 .text.prvPortStartFirstTask
                0x000000000800f3d8       0x28 ./Middlewares/Third_Party/FreeRTOS/Source/portable/GCC/ARM_CM4F/port.o
 .text.xPortStartScheduler
                0x000000000800f400      0x144 ./Middlewares/Third_Party/FreeRTOS/Source/portable/GCC/ARM_CM4F/port.o
                0x000000000800f400                xPortStartScheduler
 .text.vPortEnterCritical
                0x000000000800f544       0x60 ./Middlewares/Third_Party/FreeRTOS/Source/portable/GCC/ARM_CM4F/port.o
                0x000000000800f544                vPortEnterCritical
 .text.vPortExitCritical
                0x000000000800f5a4       0x54 ./Middlewares/Third_Party/FreeRTOS/Source/portable/GCC/ARM_CM4F/port.o
                0x000000000800f5a4                vPortExitCritical
 *fill*         0x000000000800f5f8        0x8 
 .text.PendSV_Handler
                0x000000000800f600       0x68 ./Middlewares/Third_Party/FreeRTOS/Source/portable/GCC/ARM_CM4F/port.o
                0x000000000800f600                PendSV_Handler
 .text.SysTick_Handler
                0x000000000800f668       0x44 ./Middlewares/Third_Party/FreeRTOS/Source/portable/GCC/ARM_CM4F/port.o
                0x000000000800f668                SysTick_Handler
 .text.vPortSetupTimerInterrupt
                0x000000000800f6ac       0x48 ./Middlewares/Third_Party/FreeRTOS/Source/portable/GCC/ARM_CM4F/port.o
                0x000000000800f6ac                vPortSetupTimerInterrupt
 .text.vPortEnableVFP
                0x000000000800f6f4       0x14 ./Middlewares/Third_Party/FreeRTOS/Source/portable/GCC/ARM_CM4F/port.o
 .text.vPortValidateInterruptPriority
                0x000000000800f708       0x80 ./Middlewares/Third_Party/FreeRTOS/Source/portable/GCC/ARM_CM4F/port.o
                0x000000000800f708                vPortValidateInterruptPriority
 .text.pvPortMalloc
                0x000000000800f788      0x198 ./Middlewares/Third_Party/FreeRTOS/Source/portable/MemMang/heap_4.o
                0x000000000800f788                pvPortMalloc
 .text.vPortFree
                0x000000000800f920       0xc4 ./Middlewares/Third_Party/FreeRTOS/Source/portable/MemMang/heap_4.o
                0x000000000800f920                vPortFree
 .text.prvHeapInit
                0x000000000800f9e4       0xc4 ./Middlewares/Third_Party/FreeRTOS/Source/portable/MemMang/heap_4.o
 .text.prvInsertBlockIntoFreeList
                0x000000000800faa8       0xb4 ./Middlewares/Third_Party/FreeRTOS/Source/portable/MemMang/heap_4.o
 .text._DoInit  0x000000000800fb5c       0xb4 ./Middlewares/Third_Party/SEGGER/SEGGER/SEGGER_RTT.o
 .text.SEGGER_RTT_ReadNoLock
                0x000000000800fc10      0x10c ./Middlewares/Third_Party/SEGGER/SEGGER/SEGGER_RTT.o
                0x000000000800fc10                SEGGER_RTT_ReadNoLock
 .text.SEGGER_RTT_AllocUpBuffer
                0x000000000800fd1c      0x108 ./Middlewares/Third_Party/SEGGER/SEGGER/SEGGER_RTT.o
                0x000000000800fd1c                SEGGER_RTT_AllocUpBuffer
 .text.SEGGER_RTT_ConfigDownBuffer
                0x000000000800fe24       0x98 ./Middlewares/Third_Party/SEGGER/SEGGER/SEGGER_RTT.o
                0x000000000800fe24                SEGGER_RTT_ConfigDownBuffer
 .text._EncodeStr
                0x000000000800febc       0xa0 ./Middlewares/Third_Party/SEGGER/SEGGER/SEGGER_SYSVIEW.o
 .text._PreparePacket
                0x000000000800ff5c       0x18 ./Middlewares/Third_Party/SEGGER/SEGGER/SEGGER_SYSVIEW.o
 .text._HandleIncomingPacket
                0x000000000800ff74       0xe0 ./Middlewares/Third_Party/SEGGER/SEGGER/SEGGER_SYSVIEW.o
 .text._TrySendOverflowPacket
                0x0000000008010054       0xe4 ./Middlewares/Third_Party/SEGGER/SEGGER/SEGGER_SYSVIEW.o
 .text._SendPacket
                0x0000000008010138      0x2dc ./Middlewares/Third_Party/SEGGER/SEGGER/SEGGER_SYSVIEW.o
 .text.SEGGER_SYSVIEW_Init
                0x0000000008010414       0x88 ./Middlewares/Third_Party/SEGGER/SEGGER/SEGGER_SYSVIEW.o
                0x0000000008010414                SEGGER_SYSVIEW_Init
 .text.SEGGER_SYSVIEW_SetRAMBase
                0x000000000801049c       0x20 ./Middlewares/Third_Party/SEGGER/SEGGER/SEGGER_SYSVIEW.o
                0x000000000801049c                SEGGER_SYSVIEW_SetRAMBase
 .text.SEGGER_SYSVIEW_RecordVoid
                0x00000000080104bc       0x3c ./Middlewares/Third_Party/SEGGER/SEGGER/SEGGER_SYSVIEW.o
                0x00000000080104bc                SEGGER_SYSVIEW_RecordVoid
 .text.SEGGER_SYSVIEW_RecordU32
                0x00000000080104f8       0x78 ./Middlewares/Third_Party/SEGGER/SEGGER/SEGGER_SYSVIEW.o
                0x00000000080104f8                SEGGER_SYSVIEW_RecordU32
 .text.SEGGER_SYSVIEW_RecordU32x2
                0x0000000008010570       0xb4 ./Middlewares/Third_Party/SEGGER/SEGGER/SEGGER_SYSVIEW.o
                0x0000000008010570                SEGGER_SYSVIEW_RecordU32x2
 .text.SEGGER_SYSVIEW_RecordU32x3
                0x0000000008010624       0xec ./Middlewares/Third_Party/SEGGER/SEGGER/SEGGER_SYSVIEW.o
                0x0000000008010624                SEGGER_SYSVIEW_RecordU32x3
 .text.SEGGER_SYSVIEW_RecordU32x4
                0x0000000008010710      0x124 ./Middlewares/Third_Party/SEGGER/SEGGER/SEGGER_SYSVIEW.o
                0x0000000008010710                SEGGER_SYSVIEW_RecordU32x4
 .text.SEGGER_SYSVIEW_Start
                0x0000000008010834      0x174 ./Middlewares/Third_Party/SEGGER/SEGGER/SEGGER_SYSVIEW.o
                0x0000000008010834                SEGGER_SYSVIEW_Start
 .text.SEGGER_SYSVIEW_Stop
                0x00000000080109a8       0x4c ./Middlewares/Third_Party/SEGGER/SEGGER/SEGGER_SYSVIEW.o
                0x00000000080109a8                SEGGER_SYSVIEW_Stop
 .text.SEGGER_SYSVIEW_GetSysDesc
                0x00000000080109f4      0x134 ./Middlewares/Third_Party/SEGGER/SEGGER/SEGGER_SYSVIEW.o
                0x00000000080109f4                SEGGER_SYSVIEW_GetSysDesc
 .text.SEGGER_SYSVIEW_SendTaskInfo
                0x0000000008010b28      0x1c8 ./Middlewares/Third_Party/SEGGER/SEGGER/SEGGER_SYSVIEW.o
                0x0000000008010b28                SEGGER_SYSVIEW_SendTaskInfo
 .text.SEGGER_SYSVIEW_SendTaskList
                0x0000000008010cf0       0x28 ./Middlewares/Third_Party/SEGGER/SEGGER/SEGGER_SYSVIEW.o
                0x0000000008010cf0                SEGGER_SYSVIEW_SendTaskList
 .text.SEGGER_SYSVIEW_SendSysDesc
                0x0000000008010d18       0x48 ./Middlewares/Third_Party/SEGGER/SEGGER/SEGGER_SYSVIEW.o
                0x0000000008010d18                SEGGER_SYSVIEW_SendSysDesc
 .text.SEGGER_SYSVIEW_RecordSystime
                0x0000000008010d60       0x64 ./Middlewares/Third_Party/SEGGER/SEGGER/SEGGER_SYSVIEW.o
                0x0000000008010d60                SEGGER_SYSVIEW_RecordSystime
 .text.SEGGER_SYSVIEW_OnIdle
                0x0000000008010dc4       0x38 ./Middlewares/Third_Party/SEGGER/SEGGER/SEGGER_SYSVIEW.o
                0x0000000008010dc4                SEGGER_SYSVIEW_OnIdle
 .text.SEGGER_SYSVIEW_OnTaskCreate
                0x0000000008010dfc       0x84 ./Middlewares/Third_Party/SEGGER/SEGGER/SEGGER_SYSVIEW.o
                0x0000000008010dfc                SEGGER_SYSVIEW_OnTaskCreate
 .text.SEGGER_SYSVIEW_OnTaskStartExec
                0x0000000008010e80       0x84 ./Middlewares/Third_Party/SEGGER/SEGGER/SEGGER_SYSVIEW.o
                0x0000000008010e80                SEGGER_SYSVIEW_OnTaskStartExec
 .text.SEGGER_SYSVIEW_OnTaskStartReady
                0x0000000008010f04       0x84 ./Middlewares/Third_Party/SEGGER/SEGGER/SEGGER_SYSVIEW.o
                0x0000000008010f04                SEGGER_SYSVIEW_OnTaskStartReady
 .text.SEGGER_SYSVIEW_ShrinkId
                0x0000000008010f88       0x20 ./Middlewares/Third_Party/SEGGER/SEGGER/SEGGER_SYSVIEW.o
                0x0000000008010f88                SEGGER_SYSVIEW_ShrinkId
 .text.SEGGER_SYSVIEW_SendModule
                0x0000000008010fa8      0x100 ./Middlewares/Third_Party/SEGGER/SEGGER/SEGGER_SYSVIEW.o
                0x0000000008010fa8                SEGGER_SYSVIEW_SendModule
 .text.SEGGER_SYSVIEW_SendModuleDescription
                0x00000000080110a8       0x3c ./Middlewares/Third_Party/SEGGER/SEGGER/SEGGER_SYSVIEW.o
                0x00000000080110a8                SEGGER_SYSVIEW_SendModuleDescription
 .text.SEGGER_SYSVIEW_SendNumModules
                0x00000000080110e4       0x7c ./Middlewares/Third_Party/SEGGER/SEGGER/SEGGER_SYSVIEW.o
                0x00000000080110e4                SEGGER_SYSVIEW_SendNumModules
 .text.SEGGER_SYSVIEW_Warn
                0x0000000008011160       0xb8 ./Middlewares/Third_Party/SEGGER/SEGGER/SEGGER_SYSVIEW.o
                0x0000000008011160                SEGGER_SYSVIEW_Warn
 .text._cbSendSystemDesc
                0x0000000008011218       0x1c ./Middlewares/Third_Party/SEGGER/SEGGER/SEGGER_SYSVIEW_Config_FreeRTOS.o
 .text.SEGGER_SYSVIEW_Conf
                0x0000000008011234       0x2c ./Middlewares/Third_Party/SEGGER/SEGGER/SEGGER_SYSVIEW_Config_FreeRTOS.o
                0x0000000008011234                SEGGER_SYSVIEW_Conf
 .text._cbSendTaskList
                0x0000000008011260       0x90 ./Middlewares/Third_Party/SEGGER/SEGGER/SEGGER_SYSVIEW_FreeRTOS.o
 .text._cbGetTime
                0x00000000080112f0       0x86 ./Middlewares/Third_Party/SEGGER/SEGGER/SEGGER_SYSVIEW_FreeRTOS.o
 *fill*         0x0000000008011376        0x2 
 .text.SYSVIEW_AddTask
                0x0000000008011378       0xd0 ./Middlewares/Third_Party/SEGGER/SEGGER/SEGGER_SYSVIEW_FreeRTOS.o
                0x0000000008011378                SYSVIEW_AddTask
 .text.SYSVIEW_DeleteTask
                0x0000000008011448      0x178 ./Middlewares/Third_Party/SEGGER/SEGGER/SEGGER_SYSVIEW_FreeRTOS.o
                0x0000000008011448                SYSVIEW_DeleteTask
 .text.SYSVIEW_SendTaskInfo
                0x00000000080115c0       0x42 ./Middlewares/Third_Party/SEGGER/SEGGER/SEGGER_SYSVIEW_FreeRTOS.o
                0x00000000080115c0                SYSVIEW_SendTaskInfo
 *fill*         0x0000000008011602        0x2 
 .text.__libc_init_array
                0x0000000008011604       0x48 c:/st/stm32cubeide_1.8.0/stm32cubeide/plugins/com.st.stm32cube.ide.mcu.externaltools.gnu-tools-for-stm32.10.3-2021.10.win32_1.0.0.202111181127/tools/bin/../lib/gcc/arm-none-eabi/10.3.1/../../../../arm-none-eabi/lib/thumb/v7e-m+fp/hard\libc_nano.a(lib_a-init.o)
                0x0000000008011604                __libc_init_array
 .text.__retarget_lock_acquire_recursive
                0x000000000801164c        0x2 c:/st/stm32cubeide_1.8.0/stm32cubeide/plugins/com.st.stm32cube.ide.mcu.externaltools.gnu-tools-for-stm32.10.3-2021.10.win32_1.0.0.202111181127/tools/bin/../lib/gcc/arm-none-eabi/10.3.1/../../../../arm-none-eabi/lib/thumb/v7e-m+fp/hard\libc_nano.a(lib_a-lock.o)
                0x000000000801164c                __retarget_lock_acquire_recursive
 .text.__retarget_lock_release_recursive
                0x000000000801164e        0x2 c:/st/stm32cubeide_1.8.0/stm32cubeide/plugins/com.st.stm32cube.ide.mcu.externaltools.gnu-tools-for-stm32.10.3-2021.10.win32_1.0.0.202111181127/tools/bin/../lib/gcc/arm-none-eabi/10.3.1/../../../../arm-none-eabi/lib/thumb/v7e-m+fp/hard\libc_nano.a(lib_a-lock.o)
                0x000000000801164e                __retarget_lock_release_recursive
 .text.memcmp   0x0000000008011650       0x20 c:/st/stm32cubeide_1.8.0/stm32cubeide/plugins/com.st.stm32cube.ide.mcu.externaltools.gnu-tools-for-stm32.10.3-2021.10.win32_1.0.0.202111181127/tools/bin/../lib/gcc/arm-none-eabi/10.3.1/../../../../arm-none-eabi/lib/thumb/v7e-m+fp/hard\libc_nano.a(lib_a-memcmp.o)
                0x0000000008011650                memcmp
 .text.memcpy   0x0000000008011670       0x1c c:/st/stm32cubeide_1.8.0/stm32cubeide/plugins/com.st.stm32cube.ide.mcu.externaltools.gnu-tools-for-stm32.10.3-2021.10.win32_1.0.0.202111181127/tools/bin/../lib/gcc/arm-none-eabi/10.3.1/../../../../arm-none-eabi/lib/thumb/v7e-m+fp/hard\libc_nano.a(lib_a-memcpy-stub.o)
                0x0000000008011670                memcpy
 .text.memset   0x000000000801168c       0x10 c:/st/stm32cubeide_1.8.0/stm32cubeide/plugins/com.st.stm32cube.ide.mcu.externaltools.gnu-tools-for-stm32.10.3-2021.10.win32_1.0.0.202111181127/tools/bin/../lib/gcc/arm-none-eabi/10.3.1/../../../../arm-none-eabi/lib/thumb/v7e-m+fp/hard\libc_nano.a(lib_a-memset.o)
                0x000000000801168c                memset
 .text.cleanup_glue
                0x000000000801169c       0x1a c:/st/stm32cubeide_1.8.0/stm32cubeide/plugins/com.st.stm32cube.ide.mcu.externaltools.gnu-tools-for-stm32.10.3-2021.10.win32_1.0.0.202111181127/tools/bin/../lib/gcc/arm-none-eabi/10.3.1/../../../../arm-none-eabi/lib/thumb/v7e-m+fp/hard\libc_nano.a(lib_a-reent.o)
                0x000000000801169c                cleanup_glue
 *fill*         0x00000000080116b6        0x2 
 .text._reclaim_reent
                0x00000000080116b8       0xb8 c:/st/stm32cubeide_1.8.0/stm32cubeide/plugins/com.st.stm32cube.ide.mcu.externaltools.gnu-tools-for-stm32.10.3-2021.10.win32_1.0.0.202111181127/tools/bin/../lib/gcc/arm-none-eabi/10.3.1/../../../../arm-none-eabi/lib/thumb/v7e-m+fp/hard\libc_nano.a(lib_a-reent.o)
                0x00000000080116b8                _reclaim_reent
 .text.__malloc_lock
                0x0000000008011770        0xc c:/st/stm32cubeide_1.8.0/stm32cubeide/plugins/com.st.stm32cube.ide.mcu.externaltools.gnu-tools-for-stm32.10.3-2021.10.win32_1.0.0.202111181127/tools/bin/../lib/gcc/arm-none-eabi/10.3.1/../../../../arm-none-eabi/lib/thumb/v7e-m+fp/hard\libc_nano.a(lib_a-mlock.o)
                0x0000000008011770                __malloc_lock
 .text.__malloc_unlock
                0x000000000801177c        0xc c:/st/stm32cubeide_1.8.0/stm32cubeide/plugins/com.st.stm32cube.ide.mcu.externaltools.gnu-tools-for-stm32.10.3-2021.10.win32_1.0.0.202111181127/tools/bin/../lib/gcc/arm-none-eabi/10.3.1/../../../../arm-none-eabi/lib/thumb/v7e-m+fp/hard\libc_nano.a(lib_a-mlock.o)
                0x000000000801177c                __malloc_unlock
 .text._free_r  0x0000000008011788       0x98 c:/st/stm32cubeide_1.8.0/stm32cubeide/plugins/com.st.stm32cube.ide.mcu.externaltools.gnu-tools-for-stm32.10.3-2021.10.win32_1.0.0.202111181127/tools/bin/../lib/gcc/arm-none-eabi/10.3.1/../../../../arm-none-eabi/lib/thumb/v7e-m+fp/hard\libc_nano.a(lib_a-nano-freer.o)
                0x0000000008011788                _free_r
 *(.glue_7)
 .glue_7        0x0000000008011820        0x0 linker stubs
 *(.glue_7t)
 .glue_7t       0x0000000008011820        0x0 linker stubs
 *(.eh_frame)
 .eh_frame      0x0000000008011820        0x0 c:/st/stm32cubeide_1.8.0/stm32cubeide/plugins/com.st.stm32cube.ide.mcu.externaltools.gnu-tools-for-stm32.10.3-2021.10.win32_1.0.0.202111181127/tools/bin/../lib/gcc/arm-none-eabi/10.3.1/thumb/v7e-m+fp/hard/crtbegin.o
 *(.init)
 .init          0x0000000008011820        0x4 c:/st/stm32cubeide_1.8.0/stm32cubeide/plugins/com.st.stm32cube.ide.mcu.externaltools.gnu-tools-for-stm32.10.3-2021.10.win32_1.0.0.202111181127/tools/bin/../lib/gcc/arm-none-eabi/10.3.1/thumb/v7e-m+fp/hard/crti.o
                0x0000000008011820                _init
 .init          0x0000000008011824        0x8 c:/st/stm32cubeide_1.8.0/stm32cubeide/plugins/com.st.stm32cube.ide.mcu.externaltools.gnu-tools-for-stm32.10.3-2021.10.win32_1.0.0.202111181127/tools/bin/../lib/gcc/arm-none-eabi/10.3.1/thumb/v7e-m+fp/hard/crtn.o
 *(.fini)
 .fini          0x000000000801182c        0x4 c:/st/stm32cubeide_1.8.0/stm32cubeide/plugins/com.st.stm32cube.ide.mcu.externaltools.gnu-tools-for-stm32.10.3-2021.10.win32_1.0.0.202111181127/tools/bin/../lib/gcc/arm-none-eabi/10.3.1/thumb/v7e-m+fp/hard/crti.o
                0x000000000801182c                _fini
 .fini          0x0000000008011830        0x8 c:/st/stm32cubeide_1.8.0/stm32cubeide/plugins/com.st.stm32cube.ide.mcu.externaltools.gnu-tools-for-stm32.10.3-2021.10.win32_1.0.0.202111181127/tools/bin/../lib/gcc/arm-none-eabi/10.3.1/thumb/v7e-m+fp/hard/crtn.o
                0x0000000008011838                . = ALIGN (0x4)
                0x0000000008011838                _etext = .

.vfp11_veneer   0x0000000008011838        0x0
 .vfp11_veneer  0x0000000008011838        0x0 linker stubs

.v4_bx          0x0000000008011838        0x0
 .v4_bx         0x0000000008011838        0x0 linker stubs

.iplt           0x0000000008011838        0x0
 .iplt          0x0000000008011838        0x0 c:/st/stm32cubeide_1.8.0/stm32cubeide/plugins/com.st.stm32cube.ide.mcu.externaltools.gnu-tools-for-stm32.10.3-2021.10.win32_1.0.0.202111181127/tools/bin/../lib/gcc/arm-none-eabi/10.3.1/thumb/v7e-m+fp/hard/crtbegin.o

.rodata         0x0000000008011838      0x5a8
                0x0000000008011838                . = ALIGN (0x4)
 *(.rodata)
 .rodata        0x0000000008011838       0xb8 ./Core/Src/freertos.o
 .rodata        0x00000000080118f0       0x3b ./Drivers/STM32L4xx_HAL_Driver/Src/stm32l4xx_hal_cortex.o
 *fill*         0x000000000801192b        0x1 
 .rodata        0x000000000801192c       0x38 ./Drivers/STM32L4xx_HAL_Driver/Src/stm32l4xx_hal_dma.o
 .rodata        0x0000000008011964       0x39 ./Drivers/STM32L4xx_HAL_Driver/Src/stm32l4xx_hal_gpio.o
 *fill*         0x000000000801199d        0x3 
 .rodata        0x00000000080119a0       0x38 ./Drivers/STM32L4xx_HAL_Driver/Src/stm32l4xx_hal_pcd.o
 .rodata        0x00000000080119d8       0x3b ./Drivers/STM32L4xx_HAL_Driver/Src/stm32l4xx_hal_pwr_ex.o
 *fill*         0x0000000008011a13        0x1 
 .rodata        0x0000000008011a14       0x38 ./Drivers/STM32L4xx_HAL_Driver/Src/stm32l4xx_hal_rcc.o
 .rodata        0x0000000008011a4c       0x3b ./Drivers/STM32L4xx_HAL_Driver/Src/stm32l4xx_hal_rcc_ex.o
 *fill*         0x0000000008011a87        0x1 
 .rodata        0x0000000008011a88       0x37 ./Drivers/STM32L4xx_HAL_Driver/Src/stm32l4xx_hal_sd.o
 *fill*         0x0000000008011abf        0x1 
 .rodata        0x0000000008011ac0       0x38 ./Drivers/STM32L4xx_HAL_Driver/Src/stm32l4xx_hal_tim.o
 .rodata        0x0000000008011af8       0x39 ./Drivers/STM32L4xx_HAL_Driver/Src/stm32l4xx_hal_uart.o
 *fill*         0x0000000008011b31        0x3 
 .rodata        0x0000000008011b34       0x39 ./Drivers/STM32L4xx_HAL_Driver/Src/stm32l4xx_ll_sdmmc.o
 *fill*         0x0000000008011b6d        0x3 
 .rodata        0x0000000008011b70       0x10 ./FATFS/Target/sd_diskio.o
 .rodata        0x0000000008011b80       0x44 ./Middlewares/Third_Party/FatFs/src/ff.o
 .rodata        0x0000000008011bc4        0x5 ./Middlewares/Third_Party/FreeRTOS/Source/tasks.o
 *fill*         0x0000000008011bc9        0x3 
 .rodata        0x0000000008011bcc        0x9 ./Middlewares/Third_Party/SEGGER/SEGGER/SEGGER_RTT.o
 *fill*         0x0000000008011bd5        0x3 
 .rodata        0x0000000008011bd8        0x8 ./Middlewares/Third_Party/SEGGER/SEGGER/SEGGER_SYSVIEW.o
 .rodata        0x0000000008011be0       0x41 ./Middlewares/Third_Party/SEGGER/SEGGER/SEGGER_SYSVIEW_Config_FreeRTOS.o
 *fill*         0x0000000008011c21        0x3 
 .rodata        0x0000000008011c24       0x58 ./Middlewares/Third_Party/SEGGER/SEGGER/SEGGER_SYSVIEW_FreeRTOS.o
 *(.rodata*)
 .rodata.AHBPrescTable
                0x0000000008011c7c       0x10 ./Core/Src/system_stm32l4xx.o
                0x0000000008011c7c                AHBPrescTable
 .rodata.APBPrescTable
                0x0000000008011c8c        0x8 ./Core/Src/system_stm32l4xx.o
                0x0000000008011c8c                APBPrescTable
 .rodata.MSIRangeTable
                0x0000000008011c94       0x30 ./Core/Src/system_stm32l4xx.o
                0x0000000008011c94                MSIRangeTable
 .rodata.SD_Driver
                0x0000000008011cc4       0x14 ./FATFS/Target/sd_diskio.o
                0x0000000008011cc4                SD_Driver
 .rodata.ExCvt  0x0000000008011cd8       0x80 ./Middlewares/Third_Party/FatFs/src/ff.o
 .rodata._aInitStr.0
                0x0000000008011d58       0x11 ./Middlewares/Third_Party/SEGGER/SEGGER/SEGGER_RTT.o
 *fill*         0x0000000008011d69        0x3 
 .rodata._abSync
                0x0000000008011d6c        0xa ./Middlewares/Third_Party/SEGGER/SEGGER/SEGGER_SYSVIEW.o
 *fill*         0x0000000008011d76        0x2 
 .rodata.SYSVIEW_X_OS_TraceAPI
                0x0000000008011d78        0x8 ./Middlewares/Third_Party/SEGGER/SEGGER/SEGGER_SYSVIEW_FreeRTOS.o
                0x0000000008011d78                SYSVIEW_X_OS_TraceAPI
 .rodata.__sf_fake_stderr
                0x0000000008011d80       0x20 c:/st/stm32cubeide_1.8.0/stm32cubeide/plugins/com.st.stm32cube.ide.mcu.externaltools.gnu-tools-for-stm32.10.3-2021.10.win32_1.0.0.202111181127/tools/bin/../lib/gcc/arm-none-eabi/10.3.1/../../../../arm-none-eabi/lib/thumb/v7e-m+fp/hard\libc_nano.a(lib_a-findfp.o)
                0x0000000008011d80                __sf_fake_stderr
 .rodata.__sf_fake_stdin
                0x0000000008011da0       0x20 c:/st/stm32cubeide_1.8.0/stm32cubeide/plugins/com.st.stm32cube.ide.mcu.externaltools.gnu-tools-for-stm32.10.3-2021.10.win32_1.0.0.202111181127/tools/bin/../lib/gcc/arm-none-eabi/10.3.1/../../../../arm-none-eabi/lib/thumb/v7e-m+fp/hard\libc_nano.a(lib_a-findfp.o)
                0x0000000008011da0                __sf_fake_stdin
 .rodata.__sf_fake_stdout
                0x0000000008011dc0       0x20 c:/st/stm32cubeide_1.8.0/stm32cubeide/plugins/com.st.stm32cube.ide.mcu.externaltools.gnu-tools-for-stm32.10.3-2021.10.win32_1.0.0.202111181127/tools/bin/../lib/gcc/arm-none-eabi/10.3.1/../../../../arm-none-eabi/lib/thumb/v7e-m+fp/hard\libc_nano.a(lib_a-findfp.o)
                0x0000000008011dc0                __sf_fake_stdout
                0x0000000008011de0                . = ALIGN (0x4)

.ARM.extab      0x0000000008011de0        0x0
                0x0000000008011de0                . = ALIGN (0x4)
 *(.ARM.extab* .gnu.linkonce.armextab.*)
                0x0000000008011de0                . = ALIGN (0x4)

.ARM            0x0000000008011de0        0x8
                0x0000000008011de0                . = ALIGN (0x4)
                0x0000000008011de0                __exidx_start = .
 *(.ARM.exidx*)
 .ARM.exidx     0x0000000008011de0        0x8 c:/st/stm32cubeide_1.8.0/stm32cubeide/plugins/com.st.stm32cube.ide.mcu.externaltools.gnu-tools-for-stm32.10.3-2021.10.win32_1.0.0.202111181127/tools/bin/../lib/gcc/arm-none-eabi/10.3.1/thumb/v7e-m+fp/hard\libgcc.a(_udivmoddi4.o)
                0x0000000008011de8                __exidx_end = .
                0x0000000008011de8                . = ALIGN (0x4)

.rel.dyn        0x0000000008011de8        0x0
 .rel.iplt      0x0000000008011de8        0x0 c:/st/stm32cubeide_1.8.0/stm32cubeide/plugins/com.st.stm32cube.ide.mcu.externaltools.gnu-tools-for-stm32.10.3-2021.10.win32_1.0.0.202111181127/tools/bin/../lib/gcc/arm-none-eabi/10.3.1/thumb/v7e-m+fp/hard/crtbegin.o

.preinit_array  0x0000000008011de8        0x0
                0x0000000008011de8                . = ALIGN (0x4)
                0x0000000008011de8                PROVIDE (__preinit_array_start = .)
 *(.preinit_array*)
                0x0000000008011de8                PROVIDE (__preinit_array_end = .)
                0x0000000008011de8                . = ALIGN (0x4)

.init_array     0x0000000008011de8        0x4
                0x0000000008011de8                . = ALIGN (0x4)
                0x0000000008011de8                PROVIDE (__init_array_start = .)
 *(SORT_BY_NAME(.init_array.*))
 *(.init_array*)
 .init_array    0x0000000008011de8        0x4 c:/st/stm32cubeide_1.8.0/stm32cubeide/plugins/com.st.stm32cube.ide.mcu.externaltools.gnu-tools-for-stm32.10.3-2021.10.win32_1.0.0.202111181127/tools/bin/../lib/gcc/arm-none-eabi/10.3.1/thumb/v7e-m+fp/hard/crtbegin.o
                0x0000000008011dec                PROVIDE (__init_array_end = .)
                0x0000000008011dec                . = ALIGN (0x4)

.fini_array     0x0000000008011dec        0x4
                0x0000000008011dec                . = ALIGN (0x4)
                [!provide]                        PROVIDE (__fini_array_start = .)
 *(SORT_BY_NAME(.fini_array.*))
 *(.fini_array*)
 .fini_array    0x0000000008011dec        0x4 c:/st/stm32cubeide_1.8.0/stm32cubeide/plugins/com.st.stm32cube.ide.mcu.externaltools.gnu-tools-for-stm32.10.3-2021.10.win32_1.0.0.202111181127/tools/bin/../lib/gcc/arm-none-eabi/10.3.1/thumb/v7e-m+fp/hard/crtbegin.o
                [!provide]                        PROVIDE (__fini_array_end = .)
                0x0000000008011df0                . = ALIGN (0x4)
                0x0000000008011df0                _sidata = LOADADDR (.data)

.data           0x0000000020000000       0x74 load address 0x0000000008011df0
                0x0000000020000000                . = ALIGN (0x4)
                0x0000000020000000                _sdata = .
 *(.data)
 *(.data*)
 .data.SystemCoreClock
                0x0000000020000000        0x4 ./Core/Src/system_stm32l4xx.o
                0x0000000020000000                SystemCoreClock
 .data.uwTickPrio
                0x0000000020000004        0x4 ./Drivers/STM32L4xx_HAL_Driver/Src/stm32l4xx_hal.o
                0x0000000020000004                uwTickPrio
 .data.uwTickFreq
                0x0000000020000008        0x1 ./Drivers/STM32L4xx_HAL_Driver/Src/stm32l4xx_hal.o
                0x0000000020000008                uwTickFreq
 .data.Stat     0x0000000020000009        0x1 ./FATFS/Target/sd_diskio.o
 *fill*         0x000000002000000a        0x2 
 .data.uxCriticalNesting
                0x000000002000000c        0x4 ./Middlewares/Third_Party/FreeRTOS/Source/portable/GCC/ARM_CM4F/port.o
 .data._impure_ptr
                0x0000000020000010        0x4 c:/st/stm32cubeide_1.8.0/stm32cubeide/plugins/com.st.stm32cube.ide.mcu.externaltools.gnu-tools-for-stm32.10.3-2021.10.win32_1.0.0.202111181127/tools/bin/../lib/gcc/arm-none-eabi/10.3.1/../../../../arm-none-eabi/lib/thumb/v7e-m+fp/hard\libc_nano.a(lib_a-impure.o)
                0x0000000020000010                _impure_ptr
 .data.impure_data
                0x0000000020000014       0x60 c:/st/stm32cubeide_1.8.0/stm32cubeide/plugins/com.st.stm32cube.ide.mcu.externaltools.gnu-tools-for-stm32.10.3-2021.10.win32_1.0.0.202111181127/tools/bin/../lib/gcc/arm-none-eabi/10.3.1/../../../../arm-none-eabi/lib/thumb/v7e-m+fp/hard\libc_nano.a(lib_a-impure.o)
 *(.RamFunc)